app_lowpower.c:23:6:SysWakeUpInit_FromACC	24	static
app_lowpower.c:37:6:SysWakeUpExit_FromACC	8	static
app_lowpower.c:42:6:SysWakeUpInit_FromKBI	24	static
app_lowpower.c:56:6:SysWakeUpExit_FromKBI	8	static
app_lowpower.c:61:6:SysWakeUpInit_FromRTC	4	static
app_lowpower.c:65:6:SysWakeUpExit_FromRTC	8	static
app_lowpower.c:70:6:SysWakeUp_SetAlarm	16	static
app_lowpower.c:102:6:ResetIO	24	static
app_lowpower.c:116:6:SysLowPowerInit	8	static
app_lowpower.c:139:6:SysLowPowerExit	8	static
app_lowpower.c:157:6:TASK_AccOff_Pro	8	static,ignoring_inline_asm
