app_lowpower.c:24:6:SysWakeUpInit_FromACC	24	static
app_lowpower.c:38:6:SysWakeUpExit_FromACC	8	static
app_lowpower.c:43:6:SysWakeUpInit_FromKBI	24	static
app_lowpower.c:57:6:SysWakeUpExit_FromKBI	8	static
app_lowpower.c:62:6:SysWakeUpInit_FromRTC	4	static
app_lowpower.c:66:6:SysWakeUpExit_FromRTC	8	static
app_lowpower.c:71:6:SysWakeUp_SetAlarm	16	static
app_lowpower.c:103:6:ResetIO	24	static
app_lowpower.c:117:6:SysLowPowerInit	8	static
app_lowpower.c:140:6:SysLowPowerExit	8	static
app_lowpower.c:158:6:TASK_AccOff_Pro	8	static,ignoring_inline_asm
