dsp_IC_1.c:13970:6:default_download_IC_1	8	static
app_dsp_adau1452.c:20:6:Flash_Get_DspNum	16	static
app_dsp_adau1452.c:26:6:Flash_Set_DspNum	8	static
app_dsp_adau1452.c:33:6:DspDataRxPro	8	static
app_dsp_adau1452.c:40:6:M2D_TxService	4	static
app_dsp_adau1452.c:45:6:SIGMASTUDIOTYPE	48	static
app_dsp_adau1452.c:69:6:Dsp_Delay_Init	16	static
app_dsp_adau1452.c:77:6:Dsp_Delay	24	static
app_dsp_adau1452.c:116:6:Dsp_OutPutChl_Init	16	static
app_dsp_adau1452.c:124:6:Dsp_OutPutChl	24	static
app_dsp_adau1452.c:150:6:DspModeNameInit	16	static
app_dsp_adau1452.c:158:6:Dsp_ReName_Init	16	static
app_dsp_adau1452.c:166:6:Dsp_ReName	16	static
app_dsp_adau1452.c:175:10:Dsp_Unite	40	static
app_dsp_adau1452.c:200:6:DspDataInit	16	static
app_dsp_adau1452.c:217:6:Dsp_Updata	32	static
app_dsp_adau1452.c:271:6:Dsp_Data_Reset	8	static
app_dsp_adau1452.c:280:6:Dsp_TestMode	16	static
app_dsp_adau1452.c:302:6:Dsp_ON	8	static
app_dsp_adau1452.c:312:6:Dsp_OFF	16	static
app_dsp_adau1452.c:334:6:Dsp_PowerOnInit	8	static
app_dsp_adau1452.c:383:6:DspInit	8	static
app_dsp_adau1452.c:394:6:TASK_Dsp_Pro	8	static
