bsp.c:16:6:Bsp_Relocation_Int	4	static
bsp.c:21:6:Bsp_Clock_Init	4	static
bsp.c:35:6:Bsp_SysTick_Init	4	static
bsp.c:43:6:Bsp_SysTick_Close	4	static
bsp.c:49:6:Bsp_GPIO_Init	4	static
bsp.c:65:6:Bsp_WDOG_Init	4	static
bsp.c:81:6:FeedDog	4	static
bsp.c:85:6:Bsp_WDOG_Close	4	static
bsp.c:93:6:Bsp_RTC_Init	4	static
bsp.c:98:6:Bsp_PIT_Init	4	static
bsp.c:111:6:Bsp_TIM_Init	4	static
bsp.c:120:6:Bsp_UART_Init	8	static
bsp.c:129:6:Bsp_SPI_Init	8	static
bsp.c:135:6:Bsp_CAN_Init	4	static
bsp.c:140:6:Bsp_ADC_Init	8	static
bsp.c:145:6:Bsp_I2C_Init	8	static
bsp.c:151:6:Bsp_FLASH_Init	8	static
