bsp.c:16:6:Bsp_Relocation_Int	4	static
bsp.c:21:6:Bsp_Clock_Init	4	static
bsp.c:35:6:Bsp_SysTick_Init	4	static
bsp.c:43:6:Bsp_SysTick_Close	4	static
bsp.c:49:6:Bsp_GPIO_Init	8	static
bsp.c:72:6:Bsp_WDOG_Init	4	static
bsp.c:88:6:FeedDog	4	static
bsp.c:92:6:Bsp_WDOG_Close	4	static
bsp.c:100:6:Bsp_RTC_Init	4	static
bsp.c:105:6:Bsp_PIT_Init	4	static
bsp.c:118:6:Bsp_TIM_Init	4	static
bsp.c:127:6:Bsp_UART_Init	8	static
bsp.c:136:6:Bsp_SPI_Init	8	static
bsp.c:142:6:Bsp_CAN_Init	4	static
bsp.c:147:6:Bsp_ADC_Init	4	static
bsp.c:152:6:Bsp_I2C_Init	4	static
bsp.c:158:6:Bsp_FLASH_Init	4	static
