mw_spi.c:54:8:SPI_RW	32	static
mw_spi.c:62:9:SPI_FLASH_ReadDeviceID	8	static
mw_spi.c:79:6:SpiBufInit	16	static
mw_spi.c:84:9:SpiBufCnt	24	static
mw_spi.c:92:10:SpiGetFromBuf	24	static
mw_spi.c:100:10:SpiPutToBuf	24	static
mw_spi.c:115:6:SpiSendData8	16	static
mw_spi.c:127:6:SpiTxIntEn	16	static
mw_spi.c:133:6:SpiTxIntDis	16	static
mw_spi.c:146:9:SpiRxCnt	16	static
mw_spi.c:150:9:SpiTxCnt	16	static
mw_spi.c:161:6:Spi_Rx_DataPro	16	static
mw_spi.c:172:6:Spi_Tx_DataPro	24	static
mw_spi.c:193:10:SpiRxData	16	static
mw_spi.c:204:10:SpiTxData	16	static
mw_spi.c:219:10:SpiTxData_Direct	16	static
mw_spi.c:238:6:SPI_IntSerive	16	static
mw_spi.c:266:6:SysSpiExit	16	static
mw_spi.c:308:10:SysSpiInit	16	static
