Component: ARM Compiler 5.06 update 6 (build 750) Tool: armlink [4d35ed]

==============================================================================

Section Cross References

    startup_stm32f103xe.o(RESET) refers to startup_stm32f103xe.o(STACK) for __initial_sp
    startup_stm32f103xe.o(RESET) refers to startup_stm32f103xe.o(.text) for Reset_Handler
    startup_stm32f103xe.o(RESET) refers to stm32f1xx_it.o(i.NMI_Handler) for NMI_Handler
    startup_stm32f103xe.o(RESET) refers to stm32f1xx_it.o(i.HardFault_Handler) for HardFault_Handler
    startup_stm32f103xe.o(RESET) refers to stm32f1xx_it.o(i.MemManage_Handler) for MemManage_Handler
    startup_stm32f103xe.o(RESET) refers to stm32f1xx_it.o(i.BusFault_Handler) for BusFault_Handler
    startup_stm32f103xe.o(RESET) refers to stm32f1xx_it.o(i.UsageFault_Handler) for UsageFault_Handler
    startup_stm32f103xe.o(RESET) refers to port.o(.emb_text) for SVC_Handler
    startup_stm32f103xe.o(RESET) refers to stm32f1xx_it.o(i.DebugMon_Handler) for DebugMon_Handler
    startup_stm32f103xe.o(RESET) refers to port.o(i.SysTick_Handler) for SysTick_Handler
    startup_stm32f103xe.o(RESET) refers to stm32f1xx_it.o(i.DMA1_Channel1_IRQHandler) for DMA1_Channel1_IRQHandler
    startup_stm32f103xe.o(RESET) refers to stm32f1xx_it.o(i.ADC1_2_IRQHandler) for ADC1_2_IRQHandler
    startup_stm32f103xe.o(RESET) refers to stm32f1xx_it.o(i.USB_HP_CAN1_TX_IRQHandler) for USB_HP_CAN1_TX_IRQHandler
    startup_stm32f103xe.o(RESET) refers to stm32f1xx_it.o(i.USB_LP_CAN1_RX0_IRQHandler) for USB_LP_CAN1_RX0_IRQHandler
    startup_stm32f103xe.o(RESET) refers to stm32f1xx_it.o(i.EXTI9_5_IRQHandler) for EXTI9_5_IRQHandler
    startup_stm32f103xe.o(RESET) refers to stm32f1xx_it.o(i.TIM1_UP_IRQHandler) for TIM1_UP_IRQHandler
    startup_stm32f103xe.o(RESET) refers to interrupt.o(i.SPI1_IRQHandler) for SPI1_IRQHandler
    startup_stm32f103xe.o(RESET) refers to stm32f1xx_it.o(i.USART1_IRQHandler) for USART1_IRQHandler
    startup_stm32f103xe.o(RESET) refers to stm32f1xx_it.o(i.USART2_IRQHandler) for USART2_IRQHandler
    startup_stm32f103xe.o(RESET) refers to stm32f1xx_it.o(i.TIM5_IRQHandler) for TIM5_IRQHandler
    startup_stm32f103xe.o(.text) refers to system_stm32f1xx.o(i.SystemInit) for SystemInit
    startup_stm32f103xe.o(.text) refers to entry.o(.ARM.Collect$$$$00000000) for __main
    main.o(i.HAL_RTC_AlarmAEventCallback) refers to mw_rtc.o(.data) for rtc_alarm_flag
    main.o(i.HAL_RTC_AlarmAEventCallback) refers to system.o(.bss) for Sys
    main.o(i.HAL_TIM_PeriodElapsedCallback) refers to stm32f1xx_hal.o(i.HAL_IncTick) for HAL_IncTick
    main.o(i.HAL_UART_RxCpltCallback) refers to mw_uart.o(i.Uart_Rx_DataPro) for Uart_Rx_DataPro
    main.o(i.HAL_UART_RxCpltCallback) refers to stm32f1xx_hal_uart.o(i.HAL_UART_Receive_IT) for HAL_UART_Receive_IT
    main.o(i.HAL_UART_RxCpltCallback) refers to usart.o(.bss) for huart1
    main.o(i.HAL_UART_RxCpltCallback) refers to main.o(.data) for rUARTDataBuffer
    main.o(i.SysSoftware_Init) refers to system.o(i.SysDataInit) for SysDataInit
    main.o(i.SysSoftware_Init) refers to app_dsp_adau1452.o(i.DspInit) for DspInit
    main.o(i.SysSoftware_Init) refers to app_connect.o(i.Check_Uart) for Check_Uart
    main.o(i.SystemClock_Config) refers to memseta.o(.text) for __aeabi_memclr4
    main.o(i.SystemClock_Config) refers to stm32f1xx_hal_rcc.o(i.HAL_RCC_OscConfig) for HAL_RCC_OscConfig
    main.o(i.SystemClock_Config) refers to main.o(i.Error_Handler) for Error_Handler
    main.o(i.SystemClock_Config) refers to stm32f1xx_hal_rcc.o(i.HAL_RCC_ClockConfig) for HAL_RCC_ClockConfig
    main.o(i.SystemClock_Config) refers to stm32f1xx_hal_rcc_ex.o(i.HAL_RCCEx_PeriphCLKConfig) for HAL_RCCEx_PeriphCLKConfig
    main.o(i.main) refers to stm32f1xx_hal.o(i.HAL_Init) for HAL_Init
    main.o(i.main) refers to main.o(i.SysSoftware_Init) for SysSoftware_Init
    main.o(i.main) refers to main.o(i.SystemClock_Config) for SystemClock_Config
    main.o(i.main) refers to gpio.o(i.MX_GPIO_Init) for MX_GPIO_Init
    main.o(i.main) refers to spi.o(i.MX_SPI1_Init) for MX_SPI1_Init
    main.o(i.main) refers to spi.o(i.MX_SPI2_Init) for MX_SPI2_Init
    main.o(i.main) refers to spi.o(i.MX_SPI3_Init) for MX_SPI3_Init
    main.o(i.main) refers to usart.o(i.MX_USART1_UART_Init) for MX_USART1_UART_Init
    main.o(i.main) refers to tim.o(i.MX_TIM5_Init) for MX_TIM5_Init
    main.o(i.main) refers to adc.o(i.MX_ADC1_Init) for MX_ADC1_Init
    main.o(i.main) refers to usart.o(i.MX_USART2_UART_Init) for MX_USART2_UART_Init
    main.o(i.main) refers to rtc.o(i.MX_RTC_Init) for MX_RTC_Init
    main.o(i.main) refers to stm32f1xx_hal_adc_ex.o(i.HAL_ADCEx_Calibration_Start) for HAL_ADCEx_Calibration_Start
    main.o(i.main) refers to stm32f1xx_hal_adc.o(i.HAL_ADC_Start_DMA) for HAL_ADC_Start_DMA
    main.o(i.main) refers to stm32f1xx_hal_tim.o(i.HAL_TIM_Base_Start_IT) for HAL_TIM_Base_Start_IT
[...]
    Data_Num                                 0x20000279   Data           1  app_connect.o(.data)
    VolData                                  0x2000029d   Data           1  app_dsp_single_mute.o(.data)
    App_Eeprom                               0x200002b1   Data           4  app_eprom.o(.data)
    salarmstructure                          0x200002c0   Data           8  app_lowpower.o(.data)
    stimestructure                           0x200002c8   Data           3  app_lowpower.o(.data)
    SysPower                                 0x200002d2   Data           8  app_power.o(.data)
    AccDetect                                0x200002e1   Data           2  app_start.o(.data)
    AudioDetect                              0x200002e3   Data           2  app_start.o(.data)
    VolDet                                   0x200002fa   Data           4  app_voltage.o(.data)
    DSP_TEST_Detect                          0x20000305   Data           2  mw_gpio.o(.data)
    DSP_OFF_FLAG                             0x20000307   Data           1  mw_gpio.o(.data)
    spi_tx_buff                              0x2000030d   Data          10  mw_spi.o(.data)
    Spi_Arry                                 0x20000318   Data          12  mw_spi.o(.data)
    UART0_TX_QUEUE                           0x2000032c   Data          16  mw_uart.o(.data)
    UART0_RX_QUEUE                           0x2000033c   Data          16  mw_uart.o(.data)
    UART1_TX_QUEUE                           0x2000034c   Data          16  mw_uart.o(.data)
    UART1_RX_QUEUE                           0x2000035c   Data          16  mw_uart.o(.data)
    UART2_TX_QUEUE                           0x2000036c   Data          16  mw_uart.o(.data)
    UART2_RX_QUEUE                           0x2000037c   Data          16  mw_uart.o(.data)
    UART3_TX_QUEUE                           0x2000038c   Data          16  mw_uart.o(.data)
    UART3_RX_QUEUE                           0x2000039c   Data          16  mw_uart.o(.data)
    Uart_Arry                                0x200003ac   Data          12  mw_uart.o(.data)
    tmp                                      0x200003b8   Data           4  mw_uart.o(.data)
    MESSAGE_QUEUE                            0x200003bc   Data          64  sch_message.o(.data)
    __stdout                                 0x200003fc   Data           4  stdout.o(.data)
    USB_Rx_Buf                               0x20000404   Data          64  main.o(.bss)
    hadc1                                    0x20000444   Data          48  adc.o(.bss)
    hdma_adc1                                0x20000474   Data          68  adc.o(.bss)
    hrtc                                     0x200004b8   Data          20  rtc.o(.bss)
    hspi1                                    0x200004cc   Data          88  spi.o(.bss)
    hspi2                                    0x20000524   Data          88  spi.o(.bss)
    hspi3                                    0x2000057c   Data          88  spi.o(.bss)
    htim5                                    0x200005d4   Data          64  tim.o(.bss)
    huart0                                   0x20000614   Data          64  usart.o(.bss)
    huart1                                   0x20000654   Data          64  usart.o(.bss)
    huart2                                   0x20000694   Data          64  usart.o(.bss)
    dat_buf                                  0x200006d4   Data         128  usart.o(.bss)
    USB_Tx_Buf                               0x20000754   Data          64  stm32f1xx_it.o(.bss)
    htim1                                    0x20000794   Data          64  stm32f1xx_hal_timebase_tim.o(.bss)
    hUsbDeviceFS                             0x200007d4   Data         708  usb_device.o(.bss)
    USBD_StrDesc                             0x20000a98   Data         512  usbd_desc.o(.bss)
    hpcd_USB_FS                              0x20000c98   Data         620  usbd_conf.o(.bss)
    pFlash                                   0x20000f60   Data          32  stm32f1xx_hal_flash.o(.bss)
    xQueueRegistry                           0x20000f80   Data          64  queue.o(.bss)
    App_Amp                                  0x2000601c   Data          16  app_amp.o(.bss)
    BT_Addr                                  0x2000602c   Data          13  app_at.o(.bss)
    BLE_GVER                                 0x20006039   Data          30  app_at.o(.bss)
    BtRxBLE                                  0x20006057   Data          32  app_at.o(.bss)
    BtTxModuel                               0x20006078   Data         106  app_bt.o(.bss)
    BtRxModuel                               0x200060e2   Data         102  app_bt.o(.bss)
    PcRxModuel_0                             0x20006148   Data         102  app_bt.o(.bss)
    PcRxModuel_1                             0x200061ae   Data         102  app_bt.o(.bss)
    EQ_Rx                                    0x20006214   Data          12  app_bt.o(.bss)
    Mix_Mixer_data                           0x20006220   Data          11  app_bt.o(.bss)
    App_Dsp                                  0x2000622c   Data        7144  app_dsp_adau1452.o(.bss)
    App_Dsp1                                 0x20007e14   Data        7144  app_dsp_adau1452.o(.bss)
    Uart0_TX_buf                             0x200099fc   Data         512  mw_uart.o(.bss)
    Uart0_RX_buf                             0x20009bfc   Data         512  mw_uart.o(.bss)
    Uart1_TX_buf                             0x20009dfc   Data         256  mw_uart.o(.bss)
    Uart1_RX_buf                             0x20009efc   Data         256  mw_uart.o(.bss)
    Uart2_TX_buf                             0x20009ffc   Data         256  mw_uart.o(.bss)
    Uart2_RX_buf                             0x2000a0fc   Data         256  mw_uart.o(.bss)
    Uart3_TX_buf                             0x2000a1fc   Data         128  mw_uart.o(.bss)
    Uart3_RX_buf                             0x2000a27c   Data         128  mw_uart.o(.bss)
    Sys                                      0x2000a2fc   Data          12  system.o(.bss)
    Queue                                    0x2000a308   Data         320  sch_message.o(.bss)
    __initial_sp                             0x2000a848   Data           0  startup_stm32f103xe.o(STACK)



==============================================================================

Memory Map of the image

  Image Entry point : 0x08000131

  Load Region LR_IROM1 (Base: 0x08000000, Size: 0x00021808, Max: 0x00040000, ABSOLUTE, COMPRESSED[0x00021538])

    Execution Region ER_IROM1 (Exec base: 0x08000000, Load base: 0x08000000, Size: 0x00021404, Max: 0x00040000, ABSOLUTE)

    Exec Addr    Load Addr    Size         Type   Attr      Idx    E Section Name        Object

    0x08000000   0x08000000   0x00000130   Data   RO            3    RESET               startup_stm32f103xe.o
    0x08000130   0x08000130   0x00000000   Code   RO        10048  * .ARM.Collect$$$$00000000  mc_w.l(entry.o)
    0x08000130   0x08000130   0x00000004   Code   RO        10375    .ARM.Collect$$$$00000001  mc_w.l(entry2.o)
    0x08000134   0x08000134   0x00000004   Code   RO        10378    .ARM.Collect$$$$00000004  mc_w.l(entry5.o)
    0x08000138   0x08000138   0x00000000   Code   RO        10380    .ARM.Collect$$$$00000008  mc_w.l(entry7b.o)
    0x08000138   0x08000138   0x00000000   Code   RO        10382    .ARM.Collect$$$$0000000A  mc_w.l(entry8b.o)
    0x08000138   0x08000138   0x00000008   Code   RO        10383    .ARM.Collect$$$$0000000B  mc_w.l(entry9a.o)
    0x08000140   0x08000140   0x00000000   Code   RO        10385    .ARM.Collect$$$$0000000D  mc_w.l(entry10a.o)
    0x08000140   0x08000140   0x00000000   Code   RO        10387    .ARM.Collect$$$$0000000F  mc_w.l(entry11a.o)
    0x08000140   0x08000140   0x00000004   Code   RO        10376    .ARM.Collect$$$$00002712  mc_w.l(entry2.o)
    0x08000144   0x08000144   0x00000096   Code   RO         6694    .emb_text           port.o
    0x080001da   0x080001da   0x00000002   PAD
    0x080001dc   0x080001dc   0x00000024   Code   RO            4    .text               startup_stm32f103xe.o
    0x08000200   0x08000200   0x00000020   Code   RO        10051    .text               mc_w.l(llushr.o)
    0x08000220   0x08000220   0x00000024   Code   RO        10053    .text               mc_w.l(memcpya.o)
    0x08000244   0x08000244   0x00000024   Code   RO        10057    .text               mc_w.l(memseta.o)
    0x08000268   0x08000268   0x0000014e   Code   RO        10326    .text               mf_w.l(dadd.o)
    0x080003b6   0x080003b6   0x000000e4   Code   RO        10328    .text               mf_w.l(dmul.o)
    0x0800049a   0x0800049a   0x000000de   Code   RO        10330    .text               mf_w.l(ddiv.o)
    0x08000578   0x08000578   0x00000022   Code   RO        10332    .text               mf_w.l(dflti.o)
    0x0800059a   0x0800059a   0x0000001a   Code   RO        10334    .text               mf_w.l(dfltui.o)
    0x080005b4   0x080005b4   0x0000003e   Code   RO        10336    .text               mf_w.l(dfixi.o)
    0x080005f2   0x080005f2   0x00000002   PAD
    0x080005f4   0x080005f4   0x00000030   Code   RO        10340    .text               mf_w.l(cdrcmple.o)
    0x08000624   0x08000624   0x0000002c   Code   RO        10390    .text               mc_w.l(uidiv.o)
    0x08000650   0x08000650   0x00000062   Code   RO        10392    .text               mc_w.l(uldiv.o)
    0x080006b2   0x080006b2   0x0000001e   Code   RO        10394    .text               mc_w.l(llshl.o)
    0x080006d0   0x080006d0   0x00000024   Code   RO        10396    .text               mc_w.l(llsshr.o)
    0x080006f4   0x080006f4   0x00000000   Code   RO        10405    .text               mc_w.l(iusefp.o)
    0x080006f4   0x080006f4   0x000000ba   Code   RO        10406    .text               mf_w.l(depilogue.o)
    0x080007ae   0x080007ae   0x0000002e   Code   RO        10408    .text               mf_w.l(dscalb.o)
    0x080007dc   0x080007dc   0x000000a2   Code   RO        10410    .text               mf_w.l(dsqrt.o)
    0x0800087e   0x0800087e   0x00000030   Code   RO        10412    .text               mf_w.l(dfixul.o)
    0x080008ae   0x080008ae   0x00000002   PAD
    0x080008b0   0x080008b0   0x00000024   Code   RO        10414    .text               mc_w.l(init.o)
    0x080008d4   0x080008d4   0x00000056   Code   RO        10424    .text               mc_w.l(__dczerorl2.o)
    0x0800092a   0x0800092a   0x00000002   PAD
    0x0800092c   0x0800092c   0x00000080   Code   RO         8371    i.ACC_Detect        app_start.o
    0x080009ac   0x080009ac   0x00000002   Code   RO         8985    i.ACC_EN_Ctl        mw_gpio.o
    0x080009ae   0x080009ae   0x00000002   PAD
    0x080009b0   0x080009b0   0x00000034   Code   RO         8372    i.ACC_Init          app_start.o
    0x080009e4   0x080009e4   0x00000002   Code   RO         7154    i.AD1938_IO_Init    app_ad1938.o
    0x080009e6   0x080009e6   0x00000002   PAD
    0x080009e8   0x080009e8   0x00000010   Code   RO          844    i.ADC1_2_IRQHandler  stm32f1xx_it.o
    0x080009f8   0x080009f8   0x00000052   Code   RO         2912    i.ADC_ConversionStop_Disable  stm32f1xx_hal_adc.o
    0x08000a4a   0x08000a4a   0x00000052   Code   RO         2913    i.ADC_DMAConvCplt   stm32f1xx_hal_adc.o
    0x08000a9c   0x08000a9c   0x0000001e   Code   RO         2914    i.ADC_DMAError      stm32f1xx_hal_adc.o
    0x08000aba   0x08000aba   0x0000000e   Code   RO         2915    i.ADC_DMAHalfConvCplt  stm32f1xx_hal_adc.o
    0x08000ac8   0x08000ac8   0x00000084   Code   RO         2916    i.ADC_Enable        stm32f1xx_hal_adc.o
    0x08000b4c   0x08000b4c   0x00000002   Code   RO         8986    i.AMP_IO_Init       mw_gpio.o
    0x08000b4e   0x08000b4e   0x00000002   PAD
    0x08000b50   0x08000b50   0x00000074   Code   RO         8373    i.AUDIO_Detect      app_start.o
    0x08000bc4   0x08000bc4   0x00000038   Code   RO         8484    i.Amp8541_DLL_Loader  app_tdf8541.o
    0x08000bfc   0x08000bfc   0x000000cc   Code   RO         7201    i.AmpTypeCheck      app_amp.o
    0x08000cc8   0x08000cc8   0x0000000a   Code   RO         8529    i.AppJumpToBootloader  app_updata.o
    0x08000cd2   0x08000cd2   0x00000002   PAD
    0x08000cd4   0x08000cd4   0x00000014   Code   RO          455    i.AppObjCreate      freertos.o
    0x08000ce8   0x08000ce8   0x00000044   Code   RO          768    i.App_Printf        usart.o
    0x08000d2c   0x08000d2c   0x000002d8   Code   RO         7244    i.AtDataAnalyse     app_at.o
    0x08001004   0x08001004   0x0000000e   Code   RO         8263    i.AudioMute         app_mute.o
    0x08001012   0x08001012   0x00000002   PAD
    0x08001014   0x08001014   0x00000034   Code   RO         8374    i.Audio_Init        app_start.o
    0x08001048   0x08001048   0x0000043c   Code   RO         7343    i.BT_DataRxPro      app_connect.o
    0x08001484   0x08001484   0x00000002   Code   RO         8987    i.BT_IO_Init        mw_gpio.o
    0x08001486   0x08001486   0x00000002   Code   RO         8623    i.Bsp_ADC_Init      bsp.o
    0x08001488   0x08001488   0x00000022   Code   RO         8636    i.Bsp_UART_Init     bsp.o
    0x080014aa   0x080014aa   0x00000002   PAD
    0x080014ac   0x080014ac   0x00000c2e   Code   RO         7275    i.BtDataAnalyse     app_bt.o
    0x080020da   0x080020da   0x00000002   PAD
    0x080020dc   0x080020dc   0x0000010c   Code   RO         7276    i.Bt_ACK            app_bt.o
    0x080021e8   0x080021e8   0x00000004   Code   RO          845    i.BusFault_Handler  stm32f1xx_it.o
    0x080021ec   0x080021ec   0x00000004   Code   RO         1152    i.CUSTOM_HID_DeInit_FS  usbd_custom_hid_if.o
    0x080021f0   0x080021f0   0x00000004   Code   RO         1153    i.CUSTOM_HID_Init_FS  usbd_custom_hid_if.o
    0x080021f4   0x080021f4   0x00000074   Code   RO         1154    i.CUSTOM_HID_OutEvent_FS  usbd_custom_hid_if.o
    0x08002268   0x08002268   0x00000070   Code   RO         7344    i.Change_Uart       app_connect.o
    0x080022d8   0x080022d8   0x00000040   Code   RO         7873    i.CheckVol          app_dsp_single_mute.o
    0x08002318   0x08002318   0x00000054   Code   RO         7345    i.Check_Uart        app_connect.o
    0x0800236c   0x0800236c   0x00000018   Code   RO         9875    i.ClearAllModeMessage  sch_message.o
    0x08002384   0x08002384   0x00000014   Code   RO         9876    i.ClearMessage      sch_message.o
    0x08002398   0x08002398   0x00000010   Code   RO          846    i.DMA1_Channel1_IRQHandler  stm32f1xx_it.o
    0x080023a8   0x080023a8   0x0000002c   Code   RO         2289    i.DMA_SetConfig     stm32f1xx_hal_dma.o
    0x080023d4   0x080023d4   0x00000002   Code   RO         7594    i.DSP_IO_Init       app_dsp_driver.o
    0x080023d6   0x080023d6   0x00000002   Code   RO         8988    i.DSP_TEST_Init     mw_gpio.o
    0x080023d8   0x080023d8   0x000000a0   Code   RO         8989    i.DSP_Test_Detect   mw_gpio.o
    0x08002478   0x08002478   0x00000002   Code   RO          847    i.DebugMon_Handler  stm32f1xx_it.o
    0x0800247a   0x0800247a   0x00000002   PAD
    0x0800247c   0x0800247c   0x000000e0   Code   RO         7400    i.Debug_CMD         app_debug.o
    0x0800255c   0x0800255c   0x0000002a   Code   RO         7426    i.DspDataInit       app_dsp_adau1452.o
    0x08002586   0x08002586   0x00000002   PAD
    0x08002588   0x08002588   0x0000002c   Code   RO         7428    i.DspInit           app_dsp_adau1452.o
    0x080025b4   0x080025b4   0x00000028   Code   RO         7429    i.DspModeNameInit   app_dsp_adau1452.o
    0x080025dc   0x080025dc   0x0000003c   Code   RO         7430    i.Dsp_Data_Reset    app_dsp_adau1452.o
    0x08002618   0x08002618   0x0000007c   Code   RO         7431    i.Dsp_Delay         app_dsp_adau1452.o
    0x08002694   0x08002694   0x0000001c   Code   RO         7432    i.Dsp_Delay_Init    app_dsp_adau1452.o
    0x080026b0   0x080026b0   0x000000a0   Code   RO         7651    i.Dsp_EQ_Direct     app_dsp_eq.o
    0x08002750   0x08002750   0x000000d8   Code   RO         7652    i.Dsp_EQ_Init       app_dsp_eq.o
    0x08002828   0x08002828   0x00000178   Code   RO         7653    i.Dsp_EQ_Left_Req   app_dsp_eq.o
    0x080029a0   0x080029a0   0x00000068   Code   RO         7654    i.Dsp_EQ_Reset      app_dsp_eq.o
    0x08002a08   0x08002a08   0x00000178   Code   RO         7655    i.Dsp_EQ_Right_Req  app_dsp_eq.o
    0x08002b80   0x08002b80   0x0000018c   Code   RO         7656    i.Dsp_EQ_Set        app_dsp_eq.o
    0x08002d0c   0x08002d0c   0x000001d0   Code   RO         7958    i.Dsp_File_TO_Flash  app_dspdata_access.o
    0x08002edc   0x08002edc   0x000000cc   Code   RO         7715    i.Dsp_Filter_Init   app_dsp_filter.o
    0x08002fa8   0x08002fa8   0x00000058   Code   RO         7716    i.Dsp_Filter_Reset  app_dsp_filter.o
    0x08003000   0x08003000   0x00000068   Code   RO         7959    i.Dsp_Flash_TO_File  app_dspdata_access.o
    0x08003068   0x08003068   0x00000464   Code   RO         7717    i.Dsp_GEN_Filter    app_dsp_filter.o
    0x080034cc   0x080034cc   0x00000044   Code   RO         7960    i.Dsp_Load          app_dspdata_access.o
    0x08003510   0x08003510   0x0000001c   Code   RO         7961    i.Dsp_Load_Mode_Name  app_dspdata_access.o
    0x0800352c   0x0800352c   0x00000060   Code   RO         7797    i.Dsp_Mix_Init      app_dsp_mix.o
    0x0800358c   0x0800358c   0x00000090   Code   RO         7798    i.Dsp_Mix_Input     app_dsp_mix.o
    0x0800361c   0x0800361c   0x000000f4   Code   RO         7799    i.Dsp_Mix_Mixer     app_dsp_mix.o
    0x08003710   0x08003710   0x00000024   Code   RO         7874    i.Dsp_Mute          app_dsp_single_mute.o
    0x08003734   0x08003734   0x000000c4   Code   RO         7875    i.Dsp_Mute_A        app_dsp_single_mute.o
    0x080037f8   0x080037f8   0x00000024   Code   RO         7876    i.Dsp_Mute_Direct   app_dsp_single_mute.o
    0x0800381c   0x0800381c   0x00000018   Code   RO         7877    i.Dsp_Mute_Init     app_dsp_single_mute.o
    0x08003834   0x08003834   0x00000078   Code   RO         7433    i.Dsp_OFF           app_dsp_adau1452.o
    0x080038ac   0x080038ac   0x00000040   Code   RO         7434    i.Dsp_ON            app_dsp_adau1452.o
    0x080038ec   0x080038ec   0x0000008c   Code   RO         7435    i.Dsp_OutPutChl     app_dsp_adau1452.o
    0x08003978   0x08003978   0x00000024   Code   RO         7436    i.Dsp_OutPutChl_Init  app_dsp_adau1452.o
    0x0800399c   0x0800399c   0x000000b8   Code   RO         7437    i.Dsp_PowerOnInit   app_dsp_adau1452.o
    0x08003a54   0x08003a54   0x00000030   Code   RO         7438    i.Dsp_ReName        app_dsp_adau1452.o
    0x08003a84   0x08003a84   0x00000038   Code   RO         7439    i.Dsp_ReName_Init   app_dsp_adau1452.o
    0x08003abc   0x08003abc   0x00000088   Code   RO         7878    i.Dsp_Single        app_dsp_single_mute.o
    0x08003b44   0x08003b44   0x00000190   Code   RO         7879    i.Dsp_Single_A      app_dsp_single_mute.o
    0x08003cd4   0x08003cd4   0x00000034   Code   RO         7880    i.Dsp_Single_Init   app_dsp_single_mute.o
    0x08003d08   0x08003d08   0x0000003c   Code   RO         7962    i.Dsp_Store         app_dspdata_access.o
    0x08003d44   0x08003d44   0x000001f4   Code   RO         7963    i.Dsp_StoreLoadPro  app_dspdata_access.o
    0x08003f38   0x08003f38   0x0000001c   Code   RO         7964    i.Dsp_Store_Mode_Name  app_dspdata_access.o
    0x08003f54   0x08003f54   0x00000088   Code   RO         7440    i.Dsp_TestMode      app_dsp_adau1452.o
    0x08003fdc   0x08003fdc   0x000000b8   Code   RO         7441    i.Dsp_Unite         app_dsp_adau1452.o
    0x08004094   0x08004094   0x000001f8   Code   RO         7442    i.Dsp_Updata        app_dsp_adau1452.o
    0x0800428c   0x0800428c   0x0000007c   Code   RO         7881    i.Dsp_VolUpdate     app_dsp_single_mute.o
    0x08004308   0x08004308   0x00000248   Code   RO         7657    i.EQ_Algorithm      app_dsp_eq.o
    0x08004550   0x08004550   0x00000064   Code   RO          848    i.EXTI9_5_IRQHandler  stm32f1xx_it.o
    0x080045b4   0x080045b4   0x00000014   Code   RO         8579    i.EmergencyPowerDown  app_voltage.o
    0x080045c8   0x080045c8   0x0000009c   Code   RO         8305    i.EnterPowerOff     app_power.o
    0x08004664   0x08004664   0x00000002   Code   RO         8021    i.Eprom_IO_Init     app_eprom.o
    0x08004666   0x08004666   0x0000004c   Code   RO         8022    i.Eprom_RD_Data     app_eprom.o
    0x080046b2   0x080046b2   0x00000048   Code   RO         8023    i.Eprom_SE_Data     app_eprom.o
    0x080046fa   0x080046fa   0x0000002c   Code   RO         8024    i.Eprom_WR_Command  app_eprom.o
    0x08004726   0x08004726   0x0000004a   Code   RO         8025    i.Eprom_WR_Data     app_eprom.o
    0x08004770   0x08004770   0x0000000e   Code   RO         8026    i.Eprom_WR_Order    app_eprom.o
    0x0800477e   0x0800477e   0x00000002   Code   RO           13    i.Error_Handler     main.o
    0x08004780   0x08004780   0x0000001a   Code   RO         9725    i.ExchangeTwoVariable_U8  sch_common.o
    0x0800479a   0x0800479a   0x00000002   PAD
    0x0800479c   0x0800479c   0x00000028   Code   RO         2743    i.FLASH_PageErase   stm32f1xx_hal_flash_ex.o
    0x080047c4   0x080047c4   0x00000014   Code   RO         8851    i.FLASH_Program1LongWord  mw_flash.o
    0x080047d8   0x080047d8   0x0000001c   Code   RO         8852    i.FLASH_Program2LongWords  mw_flash.o
    0x080047f4   0x080047f4   0x00000020   Code   RO         2631    i.FLASH_Program_HalfWord  stm32f1xx_hal_flash.o
    0x08004814   0x08004814   0x00000084   Code   RO         2632    i.FLASH_SetErrorCode  stm32f1xx_hal_flash.o
    0x08004898   0x08004898   0x00000070   Code   RO         2633    i.FLASH_WaitForLastOperation  stm32f1xx_hal_flash.o
    0x08004908   0x08004908   0x00000002   Code   RO         8639    i.FeedDog           bsp.o
    0x0800490a   0x0800490a   0x00000002   PAD
    0x0800490c   0x0800490c   0x000001f0   Code   RO         7718    i.Filter_1st_Order_Butterworth  app_dsp_filter.o
    0x08004afc   0x08004afc   0x000002b8   Code   RO         7719    i.Filter_2st_Order_Bessel  app_dsp_filter.o
    0x08004db4   0x08004db4   0x000002b4   Code   RO         7720    i.Filter_2st_Order_Butterworth  app_dsp_filter.o
    0x08005068   0x08005068   0x0000002c   Code   RO         7721    i.Filter_Bypassed   app_dsp_filter.o
    0x08005094   0x08005094   0x00000300   Code   RO         7722    i.Filter_Higher_Order_Butterworth  app_dsp_filter.o
    0x08005394   0x08005394   0x00000198   Code   RO         8029    i.Flash_Dsp_RD      app_eprom.o
    0x0800552c   0x0800552c   0x00000052   Code   RO         8030    i.Flash_Dsp_SE      app_eprom.o
    0x0800557e   0x0800557e   0x00000002   PAD
    0x08005580   0x08005580   0x000001f0   Code   RO         8031    i.Flash_Dsp_WR      app_eprom.o
    0x08005770   0x08005770   0x0000000e   Code   RO         8853    i.Flash_Erase       mw_flash.o
    0x0800577e   0x0800577e   0x00000002   PAD
    0x08005780   0x08005780   0x00000024   Code   RO         7443    i.Flash_Get_DspNum  app_dsp_adau1452.o
    0x080057a4   0x080057a4   0x000000ba   Code   RO         8855    i.Flash_Program_U8  mw_flash.o
    0x0800585e   0x0800585e   0x00000002   PAD
    0x08005860   0x08005860   0x0000001c   Code   RO         8856    i.Flash_Quick_RD    mw_flash.o
    0x0800587c   0x0800587c   0x00000028   Code   RO         8857    i.Flash_Quick_RD_U8  mw_flash.o
    0x080058a4   0x080058a4   0x00000020   Code   RO         8859    i.Flash_Quick_WR    mw_flash.o
    0x080058c4   0x080058c4   0x00000028   Code   RO         8860    i.Flash_Quick_WR_U8  mw_flash.o
    0x080058ec   0x080058ec   0x0000000c   Code   RO         8032    i.Flash_RD_State_Clear  app_eprom.o
    0x080058f8   0x080058f8   0x00000014   Code   RO         8863    i.Flash_Read        mw_flash.o
    0x0800590c   0x0800590c   0x00000014   Code   RO         7444    i.Flash_Set_DspNum  app_dsp_adau1452.o
    0x08005920   0x08005920   0x0000000c   Code   RO         8033    i.Flash_WR_State_Clear  app_eprom.o
    0x0800592c   0x0800592c   0x0000001c   Code   RO         8867    i.Flash_Write       mw_flash.o
    0x08005948   0x08005948   0x0000002c   Code   RO         8990    i.GPIOInit          mw_gpio.o
    0x08005974   0x08005974   0x0000001a   Code   RO         9729    i.GetCheckData_Xor  sch_common.o
    0x0800598e   0x0800598e   0x0000000e   Code   RO         9730    i.GetMax            sch_common.o
    0x0800599c   0x0800599c   0x0000001c   Code   RO         9877    i.GetMessage        sch_message.o
    0x080059b8   0x080059b8   0x0000000e   Code   RO         9731    i.GetMin            sch_common.o
    0x080059c6   0x080059c6   0x00000002   PAD
    0x080059c8   0x080059c8   0x00000034   Code   RO         1062    i.Get_SerialNum     usbd_desc.o
    0x080059fc   0x080059fc   0x0000001a   Code   RO         7346    i.Get_Uart_Choose   app_connect.o
    0x08005a16   0x08005a16   0x00000002   PAD
    0x08005a18   0x08005a18   0x00000104   Code   RO         3092    i.HAL_ADCEx_Calibration_Start  stm32f1xx_hal_adc_ex.o
    0x08005b1c   0x08005b1c   0x00000002   Code   RO         3094    i.HAL_ADCEx_InjectedConvCpltCallback  stm32f1xx_hal_adc_ex.o
    0x08005b1e   0x08005b1e   0x00000002   PAD
    0x08005b20   0x08005b20   0x00000160   Code   RO         2918    i.HAL_ADC_ConfigChannel  stm32f1xx_hal_adc.o
    0x08005c80   0x08005c80   0x00000002   Code   RO         2919    i.HAL_ADC_ConvCpltCallback  stm32f1xx_hal_adc.o
    0x08005c82   0x08005c82   0x00000002   Code   RO         2920    i.HAL_ADC_ConvHalfCpltCallback  stm32f1xx_hal_adc.o
    0x08005c84   0x08005c84   0x00000002   Code   RO         2922    i.HAL_ADC_ErrorCallback  stm32f1xx_hal_adc.o
    0x08005c86   0x08005c86   0x00000122   Code   RO         2926    i.HAL_ADC_IRQHandler  stm32f1xx_hal_adc.o
    0x08005da8   0x08005da8   0x00000160   Code   RO         2927    i.HAL_ADC_Init      stm32f1xx_hal_adc.o
    0x08005f08   0x08005f08   0x00000002   Code   RO         2928    i.HAL_ADC_LevelOutOfWindowCallback  stm32f1xx_hal_adc.o
    0x08005f0a   0x08005f0a   0x00000002   PAD
    0x08005f0c   0x08005f0c   0x000000c0   Code   RO          565    i.HAL_ADC_MspInit   adc.o
    0x08005fcc   0x08005fcc   0x00000180   Code   RO         2934    i.HAL_ADC_Start_DMA  stm32f1xx_hal_adc.o
    0x0800614c   0x0800614c   0x000001a8   Code   RO         2291    i.HAL_DMA_Abort_IT  stm32f1xx_hal_dma.o
    0x080062f4   0x080062f4   0x00000398   Code   RO         2295    i.HAL_DMA_IRQHandler  stm32f1xx_hal_dma.o
    0x0800668c   0x0800668c   0x0000008c   Code   RO         2296    i.HAL_DMA_Init      stm32f1xx_hal_dma.o
    0x08006718   0x08006718   0x0000009c   Code   RO         2300    i.HAL_DMA_Start_IT  stm32f1xx_hal_dma.o
    0x080067b4   0x080067b4   0x000000b0   Code   RO         2642    i.HAL_FLASH_Program  stm32f1xx_hal_flash.o
    0x08006864   0x08006864   0x00000002   Code   RO         2224    i.HAL_GPIO_EXTI_Callback  stm32f1xx_hal_gpio.o
    0x08006866   0x08006866   0x00000002   PAD
    0x08006868   0x08006868   0x0000001c   Code   RO         2225    i.HAL_GPIO_EXTI_IRQHandler  stm32f1xx_hal_gpio.o
    0x08006884   0x08006884   0x00000340   Code   RO         2226    i.HAL_GPIO_Init     stm32f1xx_hal_gpio.o
    0x08006bc4   0x08006bc4   0x00000010   Code   RO         2228    i.HAL_GPIO_ReadPin  stm32f1xx_hal_gpio.o
    0x08006bd4   0x08006bd4   0x0000000c   Code   RO         2230    i.HAL_GPIO_WritePin  stm32f1xx_hal_gpio.o
    0x08006be0   0x08006be0   0x0000000c   Code   RO         1917    i.HAL_GetTick       stm32f1xx_hal.o
    0x08006bec   0x08006bec   0x00000018   Code   RO         1923    i.HAL_IncTick       stm32f1xx_hal.o
    0x08006c04   0x08006c04   0x00000028   Code   RO         1924    i.HAL_Init          stm32f1xx_hal.o
    0x08006c2c   0x08006c2c   0x00000088   Code   RO          984    i.HAL_InitTick      stm32f1xx_hal_timebase_tim.o
    0x08006cb4   0x08006cb4   0x00000060   Code   RO          960    i.HAL_MspInit       stm32f1xx_hal_msp.o
    0x08006d14   0x08006d14   0x00000020   Code   RO         2386    i.HAL_NVIC_EnableIRQ  stm32f1xx_hal_cortex.o
    0x08006d34   0x08006d34   0x0000007c   Code   RO         2392    i.HAL_NVIC_SetPriority  stm32f1xx_hal_cortex.o
    0x08006db0   0x08006db0   0x00000028   Code   RO         2393    i.HAL_NVIC_SetPriorityGrouping  stm32f1xx_hal_cortex.o
    0x08006dd8   0x08006dd8   0x0000003c   Code   RO         1668    i.HAL_PCDEx_PMAConfig  stm32f1xx_hal_pcd_ex.o
    0x08006e14   0x08006e14   0x00000002   Code   RO         1202    i.HAL_PCDEx_SetConnectionState  usbd_conf.o
    0x08006e16   0x08006e16   0x0000001c   Code   RO         1204    i.HAL_PCD_DataInStageCallback  usbd_conf.o
    0x08006e32   0x08006e32   0x0000001c   Code   RO         1205    i.HAL_PCD_DataOutStageCallback  usbd_conf.o
    0x08006e4e   0x08006e4e   0x00000062   Code   RO         1460    i.HAL_PCD_EP_Close  stm32f1xx_hal_pcd.o
    0x08006eb0   0x08006eb0   0x00000074   Code   RO         1461    i.HAL_PCD_EP_ClrStall  stm32f1xx_hal_pcd.o
    0x08006f24   0x08006f24   0x00000084   Code   RO         1464    i.HAL_PCD_EP_Open   stm32f1xx_hal_pcd.o
    0x08006fa8   0x08006fa8   0x00000048   Code   RO         1465    i.HAL_PCD_EP_Receive  stm32f1xx_hal_pcd.o
    0x08006ff0   0x08006ff0   0x00000080   Code   RO         1466    i.HAL_PCD_EP_SetStall  stm32f1xx_hal_pcd.o
    0x08007070   0x08007070   0x0000004a   Code   RO         1467    i.HAL_PCD_EP_Transmit  stm32f1xx_hal_pcd.o
    0x080070ba   0x080070ba   0x00000180   Code   RO         1469    i.HAL_PCD_IRQHandler  stm32f1xx_hal_pcd.o
    0x0800723a   0x0800723a   0x0000012e   Code   RO         1472    i.HAL_PCD_Init      stm32f1xx_hal_pcd.o
    0x08007368   0x08007368   0x00000054   Code   RO         1210    i.HAL_PCD_MspInit   usbd_conf.o
    0x080073bc   0x080073bc   0x00000024   Code   RO         1211    i.HAL_PCD_ResetCallback  usbd_conf.o
    0x080073e0   0x080073e0   0x0000000e   Code   RO         1212    i.HAL_PCD_ResumeCallback  usbd_conf.o
    0x080073ee   0x080073ee   0x0000000e   Code   RO         1213    i.HAL_PCD_SOFCallback  usbd_conf.o
    0x080073fc   0x080073fc   0x00000036   Code   RO         1478    i.HAL_PCD_SetAddress  stm32f1xx_hal_pcd.o
    0x08007432   0x08007432   0x00000012   Code   RO         1214    i.HAL_PCD_SetupStageCallback  usbd_conf.o
    0x08007444   0x08007444   0x0000003c   Code   RO         1480    i.HAL_PCD_Start     stm32f1xx_hal_pcd.o
    0x08007480   0x08007480   0x00000024   Code   RO         1215    i.HAL_PCD_SuspendCallback  usbd_conf.o
    0x080074a4   0x080074a4   0x0000000c   Code   RO         2513    i.HAL_PWR_EnableBkUpAccess  stm32f1xx_hal_pwr.o
    0x080074b0   0x080074b0   0x00000134   Code   RO         2188    i.HAL_RCCEx_GetPeriphCLKFreq  stm32f1xx_hal_rcc_ex.o
    0x080075e4   0x080075e4   0x00000130   Code   RO         2189    i.HAL_RCCEx_PeriphCLKConfig  stm32f1xx_hal_rcc_ex.o
    0x08007714   0x08007714   0x0000018c   Code   RO         2081    i.HAL_RCC_ClockConfig  stm32f1xx_hal_rcc.o
    0x080078a0   0x080078a0   0x00000044   Code   RO         2085    i.HAL_RCC_GetClockConfig  stm32f1xx_hal_rcc.o
    0x080078e4   0x080078e4   0x0000000c   Code   RO         2086    i.HAL_RCC_GetHCLKFreq  stm32f1xx_hal_rcc.o
    0x080078f0   0x080078f0   0x00000020   Code   RO         2088    i.HAL_RCC_GetPCLK1Freq  stm32f1xx_hal_rcc.o
    0x08007910   0x08007910   0x00000020   Code   RO         2089    i.HAL_RCC_GetPCLK2Freq  stm32f1xx_hal_rcc.o
    0x08007930   0x08007930   0x00000094   Code   RO         2090    i.HAL_RCC_GetSysClockFreq  stm32f1xx_hal_rcc.o
    0x080079c4   0x080079c4   0x00000464   Code   RO         2093    i.HAL_RCC_OscConfig  stm32f1xx_hal_rcc.o
    0x08007e28   0x08007e28   0x00000104   Code   RO         3195    i.HAL_RTC_GetTime   stm32f1xx_hal_rtc.o
    0x08007f2c   0x08007f2c   0x000000d0   Code   RO         3196    i.HAL_RTC_Init      stm32f1xx_hal_rtc.o
    0x08007ffc   0x08007ffc   0x00000040   Code   RO          631    i.HAL_RTC_MspInit   rtc.o
    0x0800803c   0x0800803c   0x00000108   Code   RO         3201    i.HAL_RTC_SetAlarm_IT  stm32f1xx_hal_rtc.o
    0x08008144   0x08008144   0x000000f8   Code   RO         3202    i.HAL_RTC_SetDate   stm32f1xx_hal_rtc.o
    0x0800823c   0x0800823c   0x000000dc   Code   RO         3203    i.HAL_RTC_SetTime   stm32f1xx_hal_rtc.o
    0x08008318   0x08008318   0x00000040   Code   RO         3204    i.HAL_RTC_WaitForSynchro  stm32f1xx_hal_rtc.o
    0x08008358   0x08008358   0x00000088   Code   RO         3476    i.HAL_SPI_Init      stm32f1xx_hal_spi.o
    0x080083e0   0x080083e0   0x00000160   Code   RO          673    i.HAL_SPI_MspInit   spi.o
    0x08008540   0x08008540   0x0000022a   Code   RO         3485    i.HAL_SPI_TransmitReceive  stm32f1xx_hal_spi.o
    0x0800876a   0x0800876a   0x00000002   Code   RO         4475    i.HAL_TIMEx_BreakCallback  stm32f1xx_hal_tim_ex.o
    0x0800876c   0x0800876c   0x00000002   Code   RO         4476    i.HAL_TIMEx_CommutCallback  stm32f1xx_hal_tim_ex.o
    0x0800876e   0x0800876e   0x00000054   Code   RO         4493    i.HAL_TIMEx_MasterConfigSynchronization  stm32f1xx_hal_tim_ex.o
    0x080087c2   0x080087c2   0x00000034   Code   RO         3789    i.HAL_TIM_Base_Init  stm32f1xx_hal_tim.o
    0x080087f6   0x080087f6   0x00000002   PAD
    0x080087f8   0x080087f8   0x00000044   Code   RO          727    i.HAL_TIM_Base_MspInit  tim.o
    0x0800883c   0x0800883c   0x0000002a   Code   RO         3794    i.HAL_TIM_Base_Start_IT  stm32f1xx_hal_tim.o
    0x08008866   0x08008866   0x00000108   Code   RO         3798    i.HAL_TIM_ConfigClockSource  stm32f1xx_hal_tim.o
    0x0800896e   0x0800896e   0x00000002   Code   RO         3818    i.HAL_TIM_IC_CaptureCallback  stm32f1xx_hal_tim.o
    0x08008970   0x08008970   0x00000196   Code   RO         3832    i.HAL_TIM_IRQHandler  stm32f1xx_hal_tim.o
    0x08008b06   0x08008b06   0x00000002   Code   RO         3835    i.HAL_TIM_OC_DelayElapsedCallback  stm32f1xx_hal_tim.o
    0x08008b08   0x08008b08   0x00000002   Code   RO         3862    i.HAL_TIM_PWM_PulseFinishedCallback  stm32f1xx_hal_tim.o
    0x08008b0a   0x08008b0a   0x00000002   PAD
    0x08008b0c   0x08008b0c   0x00000018   Code   RO           15    i.HAL_TIM_PeriodElapsedCallback  main.o
    0x08008b24   0x08008b24   0x00000002   Code   RO         3875    i.HAL_TIM_TriggerCallback  stm32f1xx_hal_tim.o
    0x08008b26   0x08008b26   0x00000002   Code   RO         4747    i.HAL_UART_ErrorCallback  stm32f1xx_hal_uart.o
    0x08008b28   0x08008b28   0x00000014   Code   RO         4749    i.HAL_UART_GetState  stm32f1xx_hal_uart.o
    0x08008b3c   0x08008b3c   0x0000014c   Code   RO         4750    i.HAL_UART_IRQHandler  stm32f1xx_hal_uart.o
    0x08008c88   0x08008c88   0x00000072   Code   RO         4751    i.HAL_UART_Init     stm32f1xx_hal_uart.o
    0x08008cfa   0x08008cfa   0x00000002   PAD
    0x08008cfc   0x08008cfc   0x00000110   Code   RO          770    i.HAL_UART_MspInit  usart.o
    0x08008e0c   0x08008e0c   0x00000070   Code   RO         4756    i.HAL_UART_Receive_IT  stm32f1xx_hal_uart.o
    0x08008e7c   0x08008e7c   0x00000044   Code   RO           16    i.HAL_UART_RxCpltCallback  main.o
    0x08008ec0   0x08008ec0   0x000000d6   Code   RO         4759    i.HAL_UART_Transmit  stm32f1xx_hal_uart.o
    0x08008f96   0x08008f96   0x00000058   Code   RO         4761    i.HAL_UART_Transmit_IT  stm32f1xx_hal_uart.o
    0x08008fee   0x08008fee   0x00000002   Code   RO         4762    i.HAL_UART_TxCpltCallback  stm32f1xx_hal_uart.o
    0x08008ff0   0x08008ff0   0x00000004   Code   RO          849    i.HardFault_Handler  stm32f1xx_it.o
    0x08008ff4   0x08008ff4   0x00000020   Code   RO         8306    i.Hardware_Ver_Pro  app_power.o
    0x08009014   0x08009014   0x000000b0   Code   RO         9067    i.I2C0Out8Bit       mw_i2c.o
    0x080090c4   0x080090c4   0x00000054   Code   RO         9068    i.I2C0Start         mw_i2c.o
    0x08009118   0x08009118   0x00000080   Code   RO         9069    i.I2C0Stop          mw_i2c.o
    0x08009198   0x08009198   0x0000003e   Code   RO         9070    i.I2C0_IsFindAddr   mw_i2c.o
    0x080091d6   0x080091d6   0x00000002   PAD
    0x080091d8   0x080091d8   0x00000098   Code   RO         9073    i.I2C0_Tx           mw_i2c.o
    0x08009270   0x08009270   0x000000b0   Code   RO         9079    i.I2C1Out8Bit       mw_i2c.o
    0x08009320   0x08009320   0x00000054   Code   RO         9080    i.I2C1Start         mw_i2c.o
    0x08009374   0x08009374   0x00000080   Code   RO         9081    i.I2C1Stop          mw_i2c.o
    0x080093f4   0x080093f4   0x00000060   Code   RO         9085    i.I2C1_Tx           mw_i2c.o
    0x08009454   0x08009454   0x00000010   Code   RO         9087    i.I2CWait           mw_i2c.o
    0x08009464   0x08009464   0x00000030   Code   RO         8530    i.IAP_Pro           app_updata.o
    0x08009494   0x08009494   0x00000010   Code   RO         8531    i.In_IapMode        app_updata.o
    0x080094a4   0x080094a4   0x0000003e   Code   RO         1063    i.IntToUnicode      usbd_desc.o
    0x080094e2   0x080094e2   0x00000002   PAD
    0x080094e4   0x080094e4   0x00000038   Code   RO         7277    i.Is_PASSWORD       app_bt.o
    0x0800951c   0x0800951c   0x00000002   Code   RO         8135    i.LED_IO_Init       app_led.o
    0x0800951e   0x0800951e   0x00000020   Code   RO         9736    i.LimitMaxMin       sch_common.o
    0x0800953e   0x0800953e   0x00000002   PAD
    0x08009540   0x08009540   0x00000afc   Code   RO         7278    i.M2B_TxService     app_bt.o
    0x0800a03c   0x0800a03c   0x00000002   Code   RO         8265    i.MUTE_IO_Init      app_mute.o
    0x0800a03e   0x0800a03e   0x00000002   PAD
    0x0800a040   0x0800a040   0x00000074   Code   RO          566    i.MX_ADC1_Init      adc.o
    0x0800a0b4   0x0800a0b4   0x00000134   Code   RO          456    i.MX_FREERTOS_Init  freertos.o
    0x0800a1e8   0x0800a1e8   0x000002cc   Code   RO          431    i.MX_GPIO_Init      gpio.o
    0x0800a4b4   0x0800a4b4   0x00000070   Code   RO          632    i.MX_RTC_Init       rtc.o
    0x0800a524   0x0800a524   0x00000048   Code   RO          674    i.MX_SPI1_Init      spi.o
    0x0800a56c   0x0800a56c   0x00000044   Code   RO          675    i.MX_SPI2_Init      spi.o
    0x0800a5b0   0x0800a5b0   0x00000044   Code   RO          676    i.MX_SPI3_Init      spi.o
    0x0800a5f4   0x0800a5f4   0x0000006c   Code   RO          728    i.MX_TIM5_Init      tim.o
    0x0800a660   0x0800a660   0x00000038   Code   RO          771    i.MX_USART1_UART_Init  usart.o
    0x0800a698   0x0800a698   0x00000038   Code   RO          772    i.MX_USART2_UART_Init  usart.o
    0x0800a6d0   0x0800a6d0   0x0000004c   Code   RO         1023    i.MX_USB_DEVICE_Init  usb_device.o
    0x0800a71c   0x0800a71c   0x00000004   Code   RO          850    i.MemManage_Handler  stm32f1xx_it.o
    0x0800a720   0x0800a720   0x00000002   Code   RO          851    i.NMI_Handler       stm32f1xx_it.o
    0x0800a722   0x0800a722   0x00000398   Code   RO         1483    i.PCD_EP_ISR_Handler  stm32f1xx_hal_pcd.o
    0x0800aaba   0x0800aaba   0x00000002   Code   RO         8991    i.PWR_IO_Init       mw_gpio.o
    0x0800aabc   0x0800aabc   0x00000034   Code   RO         9879    i.PostMessage       sch_message.o
    0x0800aaf0   0x0800aaf0   0x000000ac   Code   RO         8307    i.PowerMessage      app_power.o
    0x0800ab9c   0x0800ab9c   0x00000028   Code   RO         8308    i.PowerOffSystemModule  app_power.o
    0x0800abc4   0x0800abc4   0x00000048   Code   RO         8309    i.PowerOnSystemModule  app_power.o
    0x0800ac0c   0x0800ac0c   0x0000000c   Code   RO          457    i.PrintfTask        freertos.o
    0x0800ac18   0x0800ac18   0x00000006   Code   RO         9945    i.Queue_Cnt         sch_queue.o
    0x0800ac1e   0x0800ac1e   0x00000082   Code   RO         9946    i.Queue_In          sch_queue.o
    0x0800aca0   0x0800aca0   0x0000001e   Code   RO         9947    i.Queue_Init        sch_queue.o
    0x0800acbe   0x0800acbe   0x0000007e   Code   RO         9951    i.Queue_Out         sch_queue.o
    0x0800ad3c   0x0800ad3c   0x00000028   Code   RO         2094    i.RCC_Delay         stm32f1xx_hal_rcc.o
    0x0800ad64   0x0800ad64   0x00000016   Code   RO         3205    i.RTC_Bcd2ToByte    stm32f1xx_hal_rtc.o
    0x0800ad7a   0x0800ad7a   0x0000001a   Code   RO         3206    i.RTC_ByteToBcd2    stm32f1xx_hal_rtc.o
    0x0800ad94   0x0800ad94   0x000000b6   Code   RO         3207    i.RTC_DateUpdate    stm32f1xx_hal_rtc.o
    0x0800ae4a   0x0800ae4a   0x0000003a   Code   RO         3208    i.RTC_EnterInitMode  stm32f1xx_hal_rtc.o
    0x0800ae84   0x0800ae84   0x0000003a   Code   RO         3209    i.RTC_ExitInitMode  stm32f1xx_hal_rtc.o
    0x0800aebe   0x0800aebe   0x00000032   Code   RO         3210    i.RTC_IsLeapYear    stm32f1xx_hal_rtc.o
    0x0800aef0   0x0800aef0   0x00000018   Code   RO         3211    i.RTC_ReadAlarmCounter  stm32f1xx_hal_rtc.o
    0x0800af08   0x0800af08   0x00000034   Code   RO         3212    i.RTC_ReadTimeCounter  stm32f1xx_hal_rtc.o
    0x0800af3c   0x0800af3c   0x00000084   Code   RO         3213    i.RTC_WeekDayNum    stm32f1xx_hal_rtc.o
    0x0800afc0   0x0800afc0   0x0000002e   Code   RO         3214    i.RTC_WriteAlarmCounter  stm32f1xx_hal_rtc.o
    0x0800afee   0x0800afee   0x0000002e   Code   RO         3215    i.RTC_WriteTimeCounter  stm32f1xx_hal_rtc.o
    0x0800b01c   0x0800b01c   0x0000001a   Code   RO         8992    i.SCH_GPIO_PinInit  mw_gpio.o
    0x0800b036   0x0800b036   0x00000002   PAD
    0x0800b038   0x0800b038   0x00000048   Code   RO         7446    i.SIGMASTUDIOTYPE   app_dsp_adau1452.o
    0x0800b080   0x0800b080   0x0000007a   Code   RO         7596    i.SIGMA_SAFELOAD_WRITE_REGISTER  app_dsp_driver.o
    0x0800b0fa   0x0800b0fa   0x00000002   PAD
    0x0800b0fc   0x0800b0fc   0x000000fc   Code   RO         7597    i.SIGMA_WRITE       app_dsp_driver.o
    0x0800b1f8   0x0800b1f8   0x000000fc   Code   RO         7598    i.SIGMA_WRITE_DELAY  app_dsp_driver.o
    0x0800b2f4   0x0800b2f4   0x00000110   Code   RO         7599    i.SIGMA_WRITE_REGISTER_BLOCK  app_dsp_driver.o
    0x0800b404   0x0800b404   0x00000002   Code   RO         8749    i.SPI1_IRQHandler   interrupt.o
    0x0800b406   0x0800b406   0x00000028   Code   RO         3514    i.SPI_EndRxTxTransaction  stm32f1xx_hal_spi.o
    0x0800b42e   0x0800b42e   0x00000002   PAD
    0x0800b430   0x0800b430   0x00000028   Code   RO         9304    i.SPI_RW            mw_spi.o
    0x0800b458   0x0800b458   0x000000a8   Code   RO         3519    i.SPI_WaitFlagStateUntilTimeout  stm32f1xx_hal_spi.o
    0x0800b500   0x0800b500   0x00000044   Code   RO         8993    i.SYS_Power_Ctl     mw_gpio.o
    0x0800b544   0x0800b544   0x00000010   Code   RO         7279    i.Set_PASSWORD      app_bt.o
    0x0800b554   0x0800b554   0x0000000e   Code   RO         7347    i.Set_Uart_Choose   app_connect.o
    0x0800b562   0x0800b562   0x00000002   PAD
    0x0800b564   0x0800b564   0x00000054   Code   RO          458    i.StartDefaultTask  freertos.o
    0x0800b5b8   0x0800b5b8   0x00000040   Code   RO          459    i.StartTask03       freertos.o
    0x0800b5f8   0x0800b5f8   0x0000000e   Code   RO          460    i.StartTask_100ms_Pro  freertos.o
    0x0800b606   0x0800b606   0x00000002   PAD
    0x0800b608   0x0800b608   0x00000040   Code   RO          461    i.StartTask_16ms_Pro  freertos.o
    0x0800b648   0x0800b648   0x0000000e   Code   RO          462    i.StartTask_4ms_Pro  freertos.o
    0x0800b656   0x0800b656   0x0000000e   Code   RO          463    i.StartTask_8ms_Pro  freertos.o
    0x0800b664   0x0800b664   0x000000b0   Code   RO         8375    i.Start_Detect      app_start.o
    0x0800b714   0x0800b714   0x0000000c   Code   RO         8376    i.Start_IO_Init     app_start.o
    0x0800b720   0x0800b720   0x0000003c   Code   RO         9596    i.SysDataInit       system.o
    0x0800b75c   0x0800b75c   0x00000002   Code   RO         8868    i.SysFlashInit      mw_flash.o
    0x0800b75e   0x0800b75e   0x00000010   Code   RO           18    i.SysSoftware_Init  main.o
    0x0800b76e   0x0800b76e   0x0000001e   Code   RO         9319    i.SysSpiExit        mw_spi.o
    0x0800b78c   0x0800b78c   0x00000034   Code   RO         6695    i.SysTick_Handler   port.o
    0x0800b7c0   0x0800b7c0   0x00000088   Code   RO         9597    i.SysTick_Handler1  system.o
    0x0800b848   0x0800b848   0x0000002a   Code   RO         9471    i.SysUartExit       mw_uart.o
    0x0800b872   0x0800b872   0x00000038   Code   RO         9472    i.SysUartInit       mw_uart.o
    0x0800b8aa   0x0800b8aa   0x0000002a   Code   RO         9739    i.SysWait1Us        sch_common.o
    0x0800b8d4   0x0800b8d4   0x00000018   Code   RO         9740    i.SysWaitMs         sch_common.o
    0x0800b8ec   0x0800b8ec   0x00000014   Code   RO         9741    i.SysWaitUs         sch_common.o
    0x0800b900   0x0800b900   0x0000005c   Code   RO         8181    i.SysWakeUp_SetAlarm  app_lowpower.o
    0x0800b95c   0x0800b95c   0x00000090   Code   RO           19    i.SystemClock_Config  main.o
    0x0800b9ec   0x0800b9ec   0x00000058   Code   RO         5058    i.SystemInit        system_stm32f1xx.o
    0x0800ba44   0x0800ba44   0x00000074   Code   RO         8310    i.SystemPowerUp     app_power.o
    0x0800bab8   0x0800bab8   0x00000090   Code   RO         7202    i.TASK_Amp_Pro      app_amp.o
    0x0800bb48   0x0800bb48   0x000000ec   Code   RO         7280    i.TASK_Bt_Pro       app_bt.o
    0x0800bc34   0x0800bc34   0x00000014   Code   RO         7447    i.TASK_Dsp_Pro      app_dsp_adau1452.o
    0x0800bc48   0x0800bc48   0x0000029c   Code   RO         8311    i.TASK_Power_Pro    app_power.o
    0x0800bee4   0x0800bee4   0x0000010c   Code   RO         8580    i.TASK_Voltage_Det  app_voltage.o
    0x0800bff0   0x0800bff0   0x0000003c   Code   RO         8486    i.TDF8541Init       app_tdf8541.o
    0x0800c02c   0x0800c02c   0x00000078   Code   RO         8487    i.TDF8541_AmpMute   app_tdf8541.o
    0x0800c0a4   0x0800c0a4   0x00000014   Code   RO          852    i.TIM1_UP_IRQHandler  stm32f1xx_it.o
    0x0800c0b8   0x0800c0b8   0x0000001c   Code   RO          853    i.TIM5_IRQHandler   stm32f1xx_it.o
    0x0800c0d4   0x0800c0d4   0x0000009c   Code   RO         3877    i.TIM_Base_SetConfig  stm32f1xx_hal_tim.o
    0x0800c170   0x0800c170   0x00000016   Code   RO         3888    i.TIM_ETR_SetConfig  stm32f1xx_hal_tim.o
    0x0800c186   0x0800c186   0x00000012   Code   RO         3889    i.TIM_ITRx_SetConfig  stm32f1xx_hal_tim.o
    0x0800c198   0x0800c198   0x00000026   Code   RO         3895    i.TIM_TI1_ConfigInputStage  stm32f1xx_hal_tim.o
    0x0800c1be   0x0800c1be   0x00000028   Code   RO         3897    i.TIM_TI2_ConfigInputStage  stm32f1xx_hal_tim.o
    0x0800c1e6   0x0800c1e6   0x00000002   PAD
    0x0800c1e8   0x0800c1e8   0x00000020   Code   RO         8428    i.Task_100ms_Pro    app_task.o
    0x0800c208   0x0800c208   0x00000008   Code   RO         8429    i.Task_16ms_Pro     app_task.o
    0x0800c210   0x0800c210   0x00000008   Code   RO         8432    i.Task_4ms_Pro      app_task.o
    0x0800c218   0x0800c218   0x00000010   Code   RO         8433    i.Task_8ms_Pro      app_task.o
    0x0800c228   0x0800c228   0x00000014   Code   RO         4764    i.UART_DMAAbortOnError  stm32f1xx_hal_uart.o
    0x0800c23c   0x0800c23c   0x00000020   Code   RO         4774    i.UART_EndRxTransfer  stm32f1xx_hal_uart.o
    0x0800c25c   0x0800c25c   0x00000020   Code   RO         4775    i.UART_EndTransmit_IT  stm32f1xx_hal_uart.o
    0x0800c27c   0x0800c27c   0x000000a6   Code   RO         4777    i.UART_Receive_IT   stm32f1xx_hal_uart.o
    0x0800c322   0x0800c322   0x00000002   PAD
    0x0800c324   0x0800c324   0x000001a0   Code   RO         4778    i.UART_SetConfig    stm32f1xx_hal_uart.o
    0x0800c4c4   0x0800c4c4   0x00000068   Code   RO         4779    i.UART_Transmit_IT  stm32f1xx_hal_uart.o
    0x0800c52c   0x0800c52c   0x0000006c   Code   RO         4780    i.UART_WaitOnFlagUntilTimeout  stm32f1xx_hal_uart.o
    0x0800c598   0x0800c598   0x00000010   Code   RO          854    i.USART1_IRQHandler  stm32f1xx_it.o
    0x0800c5a8   0x0800c5a8   0x00000010   Code   RO          855    i.USART2_IRQHandler  stm32f1xx_it.o
    0x0800c5b8   0x0800c5b8   0x0000000e   Code   RO         7067    i.USBD_CUSTOM_HID_DataIn  usbd_customhid.o
    0x0800c5c6   0x0800c5c6   0x00000026   Code   RO         7068    i.USBD_CUSTOM_HID_DataOut  usbd_customhid.o
    0x0800c5ec   0x0800c5ec   0x00000040   Code   RO         7069    i.USBD_CUSTOM_HID_DeInit  usbd_customhid.o
    0x0800c62c   0x0800c62c   0x00000022   Code   RO         7070    i.USBD_CUSTOM_HID_EP0_RxReady  usbd_customhid.o
    0x0800c64e   0x0800c64e   0x00000002   PAD
    0x0800c650   0x0800c650   0x00000010   Code   RO         7071    i.USBD_CUSTOM_HID_GetDeviceQualifierDesc  usbd_customhid.o
    0x0800c660   0x0800c660   0x00000010   Code   RO         7072    i.USBD_CUSTOM_HID_GetFSCfgDesc  usbd_customhid.o
    0x0800c670   0x0800c670   0x00000010   Code   RO         7073    i.USBD_CUSTOM_HID_GetHSCfgDesc  usbd_customhid.o
    0x0800c680   0x0800c680   0x00000010   Code   RO         7074    i.USBD_CUSTOM_HID_GetOtherSpeedCfgDesc  usbd_customhid.o
    0x0800c690   0x0800c690   0x00000062   Code   RO         7075    i.USBD_CUSTOM_HID_Init  usbd_customhid.o
    0x0800c6f2   0x0800c6f2   0x0000000e   Code   RO         7076    i.USBD_CUSTOM_HID_RegisterInterface  usbd_customhid.o
    0x0800c700   0x0800c700   0x0000003a   Code   RO         7077    i.USBD_CUSTOM_HID_SendReport  usbd_customhid.o
    0x0800c73a   0x0800c73a   0x00000002   PAD
    0x0800c73c   0x0800c73c   0x00000174   Code   RO         7078    i.USBD_CUSTOM_HID_Setup  usbd_customhid.o
    0x0800c8b0   0x0800c8b0   0x00000016   Code   RO         6774    i.USBD_ClrClassConfig  usbd_core.o
    0x0800c8c6   0x0800c8c6   0x0000003e   Code   RO         6912    i.USBD_ClrFeature   usbd_ctlreq.o
    0x0800c904   0x0800c904   0x00000018   Code   RO         7007    i.USBD_CtlContinueRx  usbd_ioreq.o
    0x0800c91c   0x0800c91c   0x00000018   Code   RO         7008    i.USBD_CtlContinueSendData  usbd_ioreq.o
    0x0800c934   0x0800c934   0x00000018   Code   RO         6913    i.USBD_CtlError     usbd_ctlreq.o
    0x0800c94c   0x0800c94c   0x00000028   Code   RO         7009    i.USBD_CtlPrepareRx  usbd_ioreq.o
    0x0800c974   0x0800c974   0x0000001a   Code   RO         7010    i.USBD_CtlReceiveStatus  usbd_ioreq.o
    0x0800c98e   0x0800c98e   0x00000022   Code   RO         7011    i.USBD_CtlSendData  usbd_ioreq.o
    0x0800c9b0   0x0800c9b0   0x0000001a   Code   RO         7012    i.USBD_CtlSendStatus  usbd_ioreq.o
    0x0800c9ca   0x0800c9ca   0x00000002   PAD
    0x0800c9cc   0x0800c9cc   0x0000003c   Code   RO         1064    i.USBD_FS_ConfigStrDescriptor  usbd_desc.o
    0x0800ca08   0x0800ca08   0x00000010   Code   RO         1065    i.USBD_FS_DeviceDescriptor  usbd_desc.o
    0x0800ca18   0x0800ca18   0x00000040   Code   RO         1066    i.USBD_FS_InterfaceStrDescriptor  usbd_desc.o
    0x0800ca58   0x0800ca58   0x00000010   Code   RO         1067    i.USBD_FS_LangIDStrDescriptor  usbd_desc.o
    0x0800ca68   0x0800ca68   0x0000002c   Code   RO         1068    i.USBD_FS_ManufacturerStrDescriptor  usbd_desc.o
    0x0800ca94   0x0800ca94   0x00000048   Code   RO         1069    i.USBD_FS_ProductStrDescriptor  usbd_desc.o
    0x0800cadc   0x0800cadc   0x00000018   Code   RO         1070    i.USBD_FS_SerialStrDescriptor  usbd_desc.o
    0x0800caf4   0x0800caf4   0x00000056   Code   RO         6914    i.USBD_GetConfig    usbd_ctlreq.o
    0x0800cb4a   0x0800cb4a   0x000001f4   Code   RO         6915    i.USBD_GetDescriptor  usbd_ctlreq.o
    0x0800cd3e   0x0800cd3e   0x00000014   Code   RO         6916    i.USBD_GetLen       usbd_ctlreq.o
    0x0800cd52   0x0800cd52   0x0000005a   Code   RO         6917    i.USBD_GetStatus    usbd_ctlreq.o
    0x0800cdac   0x0800cdac   0x00000052   Code   RO         6918    i.USBD_GetString    usbd_ctlreq.o
    0x0800cdfe   0x0800cdfe   0x0000002c   Code   RO         1216    i.USBD_Get_USB_Status  usbd_conf.o
    0x0800ce2a   0x0800ce2a   0x00000032   Code   RO         6776    i.USBD_Init         usbd_core.o
    0x0800ce5c   0x0800ce5c   0x00000026   Code   RO         1217    i.USBD_LL_ClearStallEP  usbd_conf.o
    0x0800ce82   0x0800ce82   0x00000026   Code   RO         1218    i.USBD_LL_CloseEP   usbd_conf.o
    0x0800cea8   0x0800cea8   0x00000100   Code   RO         6777    i.USBD_LL_DataInStage  usbd_core.o
    0x0800cfa8   0x0800cfa8   0x000000a6   Code   RO         6778    i.USBD_LL_DataOutStage  usbd_core.o
    0x0800d04e   0x0800d04e   0x00000002   PAD
    0x0800d050   0x0800d050   0x00000074   Code   RO         1223    i.USBD_LL_Init      usbd_conf.o
    0x0800d0c4   0x0800d0c4   0x00000030   Code   RO         1224    i.USBD_LL_IsStallEP  usbd_conf.o
    0x0800d0f4   0x0800d0f4   0x00000030   Code   RO         1225    i.USBD_LL_OpenEP    usbd_conf.o
    0x0800d124   0x0800d124   0x00000030   Code   RO         1226    i.USBD_LL_PrepareReceive  usbd_conf.o
    0x0800d154   0x0800d154   0x0000005c   Code   RO         6783    i.USBD_LL_Reset     usbd_core.o
    0x0800d1b0   0x0800d1b0   0x00000016   Code   RO         6784    i.USBD_LL_Resume    usbd_core.o
    0x0800d1c6   0x0800d1c6   0x00000022   Code   RO         6785    i.USBD_LL_SOF       usbd_core.o
    0x0800d1e8   0x0800d1e8   0x00000008   Code   RO         6786    i.USBD_LL_SetSpeed  usbd_core.o
    0x0800d1f0   0x0800d1f0   0x00000026   Code   RO         1227    i.USBD_LL_SetUSBAddress  usbd_conf.o
    0x0800d216   0x0800d216   0x0000006e   Code   RO         6787    i.USBD_LL_SetupStage  usbd_core.o
    0x0800d284   0x0800d284   0x00000026   Code   RO         1228    i.USBD_LL_StallEP   usbd_conf.o
    0x0800d2aa   0x0800d2aa   0x0000001e   Code   RO         1229    i.USBD_LL_Start     usbd_conf.o
    0x0800d2c8   0x0800d2c8   0x00000014   Code   RO         6788    i.USBD_LL_Suspend   usbd_core.o
    0x0800d2dc   0x0800d2dc   0x00000030   Code   RO         1231    i.USBD_LL_Transmit  usbd_conf.o
    0x0800d30c   0x0800d30c   0x00000028   Code   RO         6919    i.USBD_ParseSetupRequest  usbd_ctlreq.o
    0x0800d334   0x0800d334   0x00000010   Code   RO         6789    i.USBD_RegisterClass  usbd_core.o
    0x0800d344   0x0800d344   0x00000006   Code   RO         6790    i.USBD_RunTestMode  usbd_core.o
    0x0800d34a   0x0800d34a   0x0000005a   Code   RO         6920    i.USBD_SetAddress   usbd_ctlreq.o
    0x0800d3a4   0x0800d3a4   0x00000022   Code   RO         6791    i.USBD_SetClassConfig  usbd_core.o
    0x0800d3c6   0x0800d3c6   0x00000002   PAD
    0x0800d3c8   0x0800d3c8   0x000000e8   Code   RO         6921    i.USBD_SetConfig    usbd_ctlreq.o
    0x0800d4b0   0x0800d4b0   0x00000018   Code   RO         6922    i.USBD_SetFeature   usbd_ctlreq.o
    0x0800d4c8   0x0800d4c8   0x0000000e   Code   RO         6792    i.USBD_Start        usbd_core.o
    0x0800d4d6   0x0800d4d6   0x000000a2   Code   RO         6923    i.USBD_StdDevReq    usbd_ctlreq.o
    0x0800d578   0x0800d578   0x00000238   Code   RO         6924    i.USBD_StdEPReq     usbd_ctlreq.o
    0x0800d7b0   0x0800d7b0   0x0000007e   Code   RO         6925    i.USBD_StdItfReq    usbd_ctlreq.o
    0x0800d82e   0x0800d82e   0x00000002   Code   RO         1232    i.USBD_static_free  usbd_conf.o
    0x0800d830   0x0800d830   0x0000000c   Code   RO         1233    i.USBD_static_malloc  usbd_conf.o
    0x0800d83c   0x0800d83c   0x00000496   Code   RO         1708    i.USB_ActivateEndpoint  stm32f1xx_ll_usb.o
    0x0800dcd2   0x0800dcd2   0x00000008   Code   RO         1711    i.USB_CoreInit      stm32f1xx_ll_usb.o
    0x0800dcda   0x0800dcda   0x0000027c   Code   RO         1713    i.USB_DeactivateEndpoint  stm32f1xx_ll_usb.o
    0x0800df56   0x0800df56   0x00000006   Code   RO         1714    i.USB_DevConnect    stm32f1xx_ll_usb.o
    0x0800df5c   0x0800df5c   0x00000006   Code   RO         1715    i.USB_DevDisconnect  stm32f1xx_ll_usb.o
    0x0800df62   0x0800df62   0x0000001e   Code   RO         1716    i.USB_DevInit       stm32f1xx_ll_usb.o
    0x0800df80   0x0800df80   0x00000014   Code   RO         1717    i.USB_DisableGlobalInt  stm32f1xx_ll_usb.o
    0x0800df94   0x0800df94   0x00000006   Code   RO         1718    i.USB_EP0_OutStart  stm32f1xx_ll_usb.o
    0x0800df9a   0x0800df9a   0x000000da   Code   RO         1719    i.USB_EPClearStall  stm32f1xx_ll_usb.o
    0x0800e074   0x0800e074   0x0000005c   Code   RO         1720    i.USB_EPSetStall    stm32f1xx_ll_usb.o
    0x0800e0d0   0x0800e0d0   0x00000454   Code   RO         1721    i.USB_EPStartXfer   stm32f1xx_ll_usb.o
    0x0800e524   0x0800e524   0x00000014   Code   RO         1722    i.USB_EnableGlobalInt  stm32f1xx_ll_usb.o
    0x0800e538   0x0800e538   0x00000010   Code   RO          856    i.USB_HP_CAN1_TX_IRQHandler  stm32f1xx_it.o
    0x0800e548   0x0800e548   0x00000010   Code   RO          857    i.USB_LP_CAN1_RX0_IRQHandler  stm32f1xx_it.o
    0x0800e558   0x0800e558   0x00000008   Code   RO         1729    i.USB_ReadInterrupts  stm32f1xx_ll_usb.o
    0x0800e560   0x0800e560   0x0000004a   Code   RO         1730    i.USB_ReadPMA       stm32f1xx_ll_usb.o
    0x0800e5aa   0x0800e5aa   0x00000006   Code   RO         1732    i.USB_SetCurrentMode  stm32f1xx_ll_usb.o
    0x0800e5b0   0x0800e5b0   0x0000000e   Code   RO         1733    i.USB_SetDevAddress  stm32f1xx_ll_usb.o
    0x0800e5be   0x0800e5be   0x00000042   Code   RO         1736    i.USB_WritePMA      stm32f1xx_ll_usb.o
    0x0800e600   0x0800e600   0x00000024   Code   RO         9474    i.UartBufCnt        mw_uart.o
    0x0800e624   0x0800e624   0x00000028   Code   RO         9475    i.UartBufInit       mw_uart.o
    0x0800e64c   0x0800e64c   0x00000030   Code   RO         9476    i.UartGetFromBuf    mw_uart.o
    0x0800e67c   0x0800e67c   0x00000030   Code   RO         9477    i.UartPutToBuf      mw_uart.o
    0x0800e6ac   0x0800e6ac   0x0000000e   Code   RO         9478    i.UartRxCnt         mw_uart.o
    0x0800e6ba   0x0800e6ba   0x00000016   Code   RO         9479    i.UartRxData        mw_uart.o
    0x0800e6d0   0x0800e6d0   0x0000001c   Code   RO         9482    i.UartTxData        mw_uart.o
    0x0800e6ec   0x0800e6ec   0x00000012   Code   RO         9486    i.Uart_Rx_DataPro   mw_uart.o
    0x0800e6fe   0x0800e6fe   0x00000004   Code   RO          858    i.UsageFault_Handler  stm32f1xx_it.o
    0x0800e702   0x0800e702   0x00000002   PAD
    0x0800e704   0x0800e704   0x0000002c   Code   RO         7882    i.Vol_Ctl           app_dsp_single_mute.o
    0x0800e730   0x0800e730   0x00000020   Code   RO        10298    i.__0printf         mc_w.l(printfa.o)
    0x0800e750   0x0800e750   0x0000002c   Code   RO        10303    i.__0vsnprintf      mc_w.l(printfa.o)
    0x0800e77c   0x0800e77c   0x00000028   Code   RO        10359    i.__ARM_fpclassify  m_ws.l(fpclassify.o)
    0x0800e7a4   0x0800e7a4   0x00000010   Code   RO         2399    i.__NVIC_GetPriorityGrouping  stm32f1xx_hal_cortex.o
    0x0800e7b4   0x0800e7b4   0x00000028   Code   RO         2400    i.__NVIC_SetPriority  stm32f1xx_hal_cortex.o
    0x0800e7dc   0x0800e7dc   0x00000006   Code   RO         6212    i.__get_BASEPRI     cmsis_os2.o
    0x0800e7e2   0x0800e7e2   0x00000006   Code   RO         6213    i.__get_IPSR        cmsis_os2.o
    0x0800e7e8   0x0800e7e8   0x00000006   Code   RO         6214    i.__get_PRIMASK     cmsis_os2.o
    0x0800e7ee   0x0800e7ee   0x00000002   PAD
    0x0800e7f0   0x0800e7f0   0x00000388   Code   RO        10364    i.__ieee754_rem_pio2  m_ws.l(rred.o)
    0x0800eb78   0x0800eb78   0x000000fc   Code   RO        10342    i.__kernel_cos      m_ws.l(cos_i.o)
    0x0800ec74   0x0800ec74   0x000000aa   Code   RO        10361    i.__kernel_poly     m_ws.l(poly.o)
    0x0800ed1e   0x0800ed1e   0x00000002   PAD
    0x0800ed20   0x0800ed20   0x000000ec   Code   RO        10369    i.__kernel_sin      m_ws.l(sin_i.o)
    0x0800ee0c   0x0800ee0c   0x00000010   Code   RO        10345    i.__mathlib_dbl_divzero  m_ws.l(dunder.o)
    0x0800ee1c   0x0800ee1c   0x00000006   Code   RO        10346    i.__mathlib_dbl_infnan  m_ws.l(dunder.o)
    0x0800ee22   0x0800ee22   0x00000004   Code   RO        10347    i.__mathlib_dbl_infnan2  m_ws.l(dunder.o)
    0x0800ee26   0x0800ee26   0x0000000c   Code   RO        10348    i.__mathlib_dbl_invalid  m_ws.l(dunder.o)
    0x0800ee32   0x0800ee32   0x0000000e   Code   RO        10349    i.__mathlib_dbl_overflow  m_ws.l(dunder.o)
    0x0800ee40   0x0800ee40   0x00000010   Code   RO        10351    i.__mathlib_dbl_underflow  m_ws.l(dunder.o)
    0x0800ee50   0x0800ee50   0x0000000e   Code   RO        10418    i.__scatterload_copy  mc_w.l(handlers.o)
    0x0800ee5e   0x0800ee5e   0x00000002   Code   RO        10419    i.__scatterload_null  mc_w.l(handlers.o)
    0x0800ee60   0x0800ee60   0x0000000e   Code   RO        10420    i.__scatterload_zeroinit  mc_w.l(handlers.o)
    0x0800ee6e   0x0800ee6e   0x00000002   PAD
    0x0800ee70   0x0800ee70   0x0000000c   Code   RO        10400    i.__set_errno       mc_w.l(errno.o)
    0x0800ee7c   0x0800ee7c   0x00000184   Code   RO        10305    i._fp_digits        mc_w.l(printfa.o)
    0x0800f000   0x0800f000   0x000006dc   Code   RO        10306    i._printf_core      mc_w.l(printfa.o)
    0x0800f6dc   0x0800f6dc   0x00000024   Code   RO        10307    i._printf_post_padding  mc_w.l(printfa.o)
    0x0800f700   0x0800f700   0x0000002e   Code   RO        10308    i._printf_pre_padding  mc_w.l(printfa.o)
    0x0800f72e   0x0800f72e   0x00000016   Code   RO        10309    i._snputc           mc_w.l(printfa.o)
    0x0800f744   0x0800f744   0x0000000c   Code   RO          464    i.configureTimerForRunTimeStats  freertos.o
    0x0800f750   0x0800f750   0x0000009c   Code   RO        10015    i.cos               m_ws.l(cos.o)
    0x0800f7ec   0x0800f7ec   0x00000ae0   Code   RO         7448    i.default_download_IC_1  app_dsp_adau1452.o
    0x080102cc   0x080102cc   0x00000028   Code   RO          773    i.fputc             usart.o
    0x080102f4   0x080102f4   0x0000000c   Code   RO          465    i.getRunTimeCounterValue  freertos.o
    0x08010300   0x08010300   0x00000120   Code   RO           20    i.main              main.o
    0x08010420   0x08010420   0x00000038   Code   RO         6215    i.osDelay           cmsis_os2.o
    0x08010458   0x08010458   0x00000040   Code   RO         6229    i.osKernelInitialize  cmsis_os2.o
    0x08010498   0x08010498   0x00000044   Code   RO         6232    i.osKernelStart     cmsis_os2.o
    0x080104dc   0x080104dc   0x000000b8   Code   RO         6240    i.osMessageQueueNew  cmsis_os2.o
    0x08010594   0x08010594   0x0000007c   Code   RO         6243    i.osMutexAcquire    cmsis_os2.o
    0x08010610   0x08010610   0x000000d0   Code   RO         6246    i.osMutexNew        cmsis_os2.o
    0x080106e0   0x080106e0   0x00000068   Code   RO         6247    i.osMutexRelease    cmsis_os2.o
    0x08010748   0x08010748   0x000000ec   Code   RO         6251    i.osSemaphoreNew    cmsis_os2.o
    0x08010834   0x08010834   0x000000dc   Code   RO         6266    i.osThreadNew       cmsis_os2.o
    0x08010910   0x08010910   0x000009d8   Code   RO        10023    i.pow               m_ws.l(pow.o)
    0x080112e8   0x080112e8   0x0000007c   Code   RO         5666    i.prvAddCurrentTaskToDelayedList  tasks.o
    0x08011364   0x08011364   0x000000b8   Code   RO         5667    i.prvAddNewTaskToReadyList  tasks.o
    0x0801141c   0x0801141c   0x00000074   Code   RO         6048    i.prvCheckForValidListAndQueue  timers.o
    0x08011490   0x08011490   0x00000048   Code   RO         5668    i.prvCheckTasksWaitingTermination  tasks.o
    0x080114d8   0x080114d8   0x0000002a   Code   RO         5262    i.prvCopyDataFromQueue  queue.o
    0x08011502   0x08011502   0x0000007c   Code   RO         5263    i.prvCopyDataToQueue  queue.o
    0x0801157e   0x0801157e   0x00000050   Code   RO         5669    i.prvDeleteTCB      tasks.o
    0x080115ce   0x080115ce   0x00000014   Code   RO         5264    i.prvGetDisinheritPriorityAfterTimeout  queue.o
    0x080115e2   0x080115e2   0x00000002   PAD
    0x080115e4   0x080115e4   0x00000028   Code   RO         6049    i.prvGetNextExpireTime  timers.o
    0x0801160c   0x0801160c   0x0000007c   Code   RO         6645    i.prvHeapInit       heap_4.o
    0x08011688   0x08011688   0x00000028   Code   RO         5670    i.prvIdleTask       tasks.o
    0x080116b0   0x080116b0   0x0000001c   Code   RO         5265    i.prvInitialiseMutex  queue.o
    0x080116cc   0x080116cc   0x0000002a   Code   RO         5266    i.prvInitialiseNewQueue  queue.o
    0x080116f6   0x080116f6   0x000000b6   Code   RO         5671    i.prvInitialiseNewTask  tasks.o
    0x080117ac   0x080117ac   0x00000068   Code   RO         5672    i.prvInitialiseTaskLists  tasks.o
    0x08011814   0x08011814   0x00000068   Code   RO         6646    i.prvInsertBlockIntoFreeList  heap_4.o
    0x0801187c   0x0801187c   0x00000058   Code   RO         6051    i.prvInsertTimerInActiveList  timers.o
    0x080118d4   0x080118d4   0x0000001a   Code   RO         5267    i.prvIsQueueEmpty   queue.o
    0x080118ee   0x080118ee   0x0000001e   Code   RO         5268    i.prvIsQueueFull    queue.o
    0x0801190c   0x0801190c   0x00000064   Code   RO         6052    i.prvProcessExpiredTimer  timers.o
    0x08011970   0x08011970   0x00000128   Code   RO         6053    i.prvProcessReceivedCommands  timers.o
    0x08011a98   0x08011a98   0x00000074   Code   RO         6054    i.prvProcessTimerOrBlockTask  timers.o
    0x08011b0c   0x08011b0c   0x00000034   Code   RO         5674    i.prvResetNextTaskUnblockTime  tasks.o
    0x08011b40   0x08011b40   0x0000002c   Code   RO         6055    i.prvSampleTimeNow  timers.o
    0x08011b6c   0x08011b6c   0x000000a0   Code   RO         6056    i.prvSwitchTimerLists  timers.o
    0x08011c0c   0x08011c0c   0x00000040   Code   RO         6696    i.prvTaskExitError  port.o
    0x08011c4c   0x08011c4c   0x0000001a   Code   RO         6057    i.prvTimerTask      timers.o
    0x08011c66   0x08011c66   0x0000007e   Code   RO         5269    i.prvUnlockQueue    queue.o
    0x08011ce4   0x08011ce4   0x0000013c   Code   RO         6647    i.pvPortMalloc      heap_4.o
    0x08011e20   0x08011e20   0x00000020   Code   RO         5678    i.pvTaskIncrementMutexHeldCount  tasks.o
    0x08011e40   0x08011e40   0x00000024   Code   RO         6697    i.pxPortInitialiseStack  port.o
    0x08011e64   0x08011e64   0x00000028   Code   RO         9742    i.sch_compare       sch_common.o
    0x08011e8c   0x08011e8c   0x0000001c   Code   RO         9743    i.sch_memcpy        sch_common.o
    0x08011ea8   0x08011ea8   0x00000016   Code   RO         9744    i.sch_memset        sch_common.o
    0x08011ebe   0x08011ebe   0x00000002   PAD
    0x08011ec0   0x08011ec0   0x000000a0   Code   RO        10033    i.sin               m_ws.l(sin.o)
    0x08011f60   0x08011f60   0x0000004c   Code   RO        10041    i.sqrt              m_ws.l(sqrt.o)
    0x08011fac   0x08011fac   0x00000022   Code   RO         8869    i.u8_TO_u32         mw_flash.o
    0x08011fce   0x08011fce   0x00000028   Code   RO         5222    i.uxListRemove      list.o
    0x08011ff6   0x08011ff6   0x00000002   PAD
    0x08011ff8   0x08011ff8   0x00000018   Code   RO         6278    i.vApplicationGetIdleTaskMemory  cmsis_os2.o
    0x08012010   0x08012010   0x00000018   Code   RO         6279    i.vApplicationGetTimerTaskMemory  cmsis_os2.o
    0x08012028   0x08012028   0x0000001a   Code   RO         5223    i.vListInitialise   list.o
    0x08012042   0x08012042   0x00000006   Code   RO         5224    i.vListInitialiseItem  list.o
    0x08012048   0x08012048   0x00000034   Code   RO         5225    i.vListInsert       list.o
    0x0801207c   0x0801207c   0x00000018   Code   RO         5226    i.vListInsertEnd    list.o
    0x08012094   0x08012094   0x00000054   Code   RO         6699    i.vPortEnterCritical  port.o
    0x080120e8   0x080120e8   0x0000003c   Code   RO         6700    i.vPortExitCritical  port.o
    0x08012124   0x08012124   0x00000094   Code   RO         6648    i.vPortFree         heap_4.o
    0x080121b8   0x080121b8   0x00000028   Code   RO         6701    i.vPortSetupTimerInterrupt  port.o
    0x080121e0   0x080121e0   0x00000078   Code   RO         6702    i.vPortValidateInterruptPriority  port.o
    0x08012258   0x08012258   0x0000002c   Code   RO         5275    i.vQueueAddToRegistry  queue.o
    0x08012284   0x08012284   0x00000032   Code   RO         5276    i.vQueueDelete      queue.o
    0x080122b6   0x080122b6   0x00000002   PAD
    0x080122b8   0x080122b8   0x00000030   Code   RO         5278    i.vQueueUnregisterQueue  queue.o
    0x080122e8   0x080122e8   0x0000004a   Code   RO         5279    i.vQueueWaitForMessageRestricted  queue.o
    0x08012332   0x08012332   0x00000002   PAD
    0x08012334   0x08012334   0x0000005c   Code   RO         5687    i.vTaskDelay        tasks.o
    0x08012390   0x08012390   0x00000018   Code   RO         5693    i.vTaskInternalSetTimeOutState  tasks.o
    0x080123a8   0x080123a8   0x0000000c   Code   RO         5695    i.vTaskMissedYield  tasks.o
    0x080123b4   0x080123b4   0x00000038   Code   RO         5697    i.vTaskPlaceOnEventList  tasks.o
    0x080123ec   0x080123ec   0x00000040   Code   RO         5698    i.vTaskPlaceOnEventListRestricted  tasks.o
    0x0801242c   0x0801242c   0x000000d0   Code   RO         5700    i.vTaskPriorityDisinheritAfterTimeout  tasks.o
    0x080124fc   0x080124fc   0x000000bc   Code   RO         5706    i.vTaskStartScheduler  tasks.o
    0x080125b8   0x080125b8   0x00000010   Code   RO         5708    i.vTaskSuspendAll   tasks.o
    0x080125c8   0x080125c8   0x000000cc   Code   RO         5709    i.vTaskSwitchContext  tasks.o
    0x08012694   0x08012694   0x000000f8   Code   RO         6703    i.xPortStartScheduler  port.o
    0x0801278c   0x0801278c   0x0000005c   Code   RO         5280    i.xQueueCreateCountingSemaphore  queue.o
    0x080127e8   0x080127e8   0x00000064   Code   RO         5281    i.xQueueCreateCountingSemaphoreStatic  queue.o
    0x0801284c   0x0801284c   0x00000022   Code   RO         5282    i.xQueueCreateMutex  queue.o
    0x0801286e   0x0801286e   0x0000002a   Code   RO         5283    i.xQueueCreateMutexStatic  queue.o
    0x08012898   0x08012898   0x0000005e   Code   RO         5284    i.xQueueGenericCreate  queue.o
    0x080128f6   0x080128f6   0x000000de   Code   RO         5285    i.xQueueGenericCreateStatic  queue.o
    0x080129d4   0x080129d4   0x00000098   Code   RO         5286    i.xQueueGenericReset  queue.o
    0x08012a6c   0x08012a6c   0x000001a8   Code   RO         5287    i.xQueueGenericSend  queue.o
    0x08012c14   0x08012c14   0x000000f8   Code   RO         5288    i.xQueueGenericSendFromISR  queue.o
    0x08012d0c   0x08012d0c   0x00000048   Code   RO         5292    i.xQueueGiveMutexRecursive  queue.o
    0x08012d54   0x08012d54   0x00000168   Code   RO         5297    i.xQueueReceive     queue.o
    0x08012ebc   0x08012ebc   0x000001b8   Code   RO         5299    i.xQueueSemaphoreTake  queue.o
    0x08013074   0x08013074   0x0000004e   Code   RO         5300    i.xQueueTakeMutexRecursive  queue.o
    0x080130c2   0x080130c2   0x00000002   PAD
    0x080130c4   0x080130c4   0x0000008c   Code   RO         5710    i.xTaskCheckForTimeOut  tasks.o
    0x08013150   0x08013150   0x00000064   Code   RO         5711    i.xTaskCreate       tasks.o
    0x080131b4   0x080131b4   0x000000b8   Code   RO         5712    i.xTaskCreateStatic  tasks.o
    0x0801326c   0x0801326c   0x0000000c   Code   RO         5715    i.xTaskGetCurrentTaskHandle  tasks.o
    0x08013278   0x08013278   0x00000020   Code   RO         5716    i.xTaskGetSchedulerState  tasks.o
    0x08013298   0x08013298   0x0000000c   Code   RO         5717    i.xTaskGetTickCount  tasks.o
    0x080132a4   0x080132a4   0x00000144   Code   RO         5719    i.xTaskIncrementTick  tasks.o
    0x080133e8   0x080133e8   0x000000a4   Code   RO         5722    i.xTaskPriorityDisinherit  tasks.o
    0x0801348c   0x0801348c   0x000000a4   Code   RO         5723    i.xTaskPriorityInherit  tasks.o
    0x08013530   0x08013530   0x00000098   Code   RO         5724    i.xTaskRemoveFromEventList  tasks.o
    0x080135c8   0x080135c8   0x00000104   Code   RO         5725    i.xTaskResumeAll    tasks.o
    0x080136cc   0x080136cc   0x00000078   Code   RO         6064    i.xTimerCreateTimerTask  timers.o
    0x08013744   0x08013744   0x00000084   Code   RO         6065    i.xTimerGenericCommand  timers.o
    0x080137c8   0x080137c8   0x00000164   Data   RO          466    .constdata          freertos.o
    0x0801392c   0x0801392c   0x00000018   Data   RO         5059    .constdata          system_stm32f1xx.o
    0x08013944   0x08013944   0x00000014   Data   RO         7204    .constdata          app_amp.o
    0x08013958   0x08013958   0x00000006   Data   RO         7282    .constdata          app_bt.o
    0x0801395e   0x0801395e   0x00000002   PAD
    0x08013960   0x08013960   0x0000d5ae   Data   RO         7450    .constdata          app_dsp_adau1452.o
    0x08020f0e   0x08020f0e   0x00000002   PAD
    0x08020f10   0x08020f10   0x000000a0   Data   RO         7658    .constdata          app_dsp_eq.o
    0x08020fb0   0x08020fb0   0x00000100   Data   RO         7725    .constdata          app_dsp_filter.o
    0x080210b0   0x080210b0   0x00000026   Data   RO         7800    .constdata          app_dsp_mix.o
    0x080210d6   0x080210d6   0x00000076   Data   RO         7883    .constdata          app_dsp_single_mute.o
    0x0802114c   0x0802114c   0x00000010   Data   RO         8582    .constdata          app_voltage.o
    0x0802115c   0x0802115c   0x00000020   Data   RO         9489    .constdata          mw_uart.o
    0x0802117c   0x0802117c   0x00000004   PAD
    0x08021180   0x08021180   0x00000088   Data   RO        10024    .constdata          m_ws.l(pow.o)
    0x08021208   0x08021208   0x00000030   Data   RO        10343    .constdata          m_ws.l(cos_i.o)
    0x08021238   0x08021238   0x00000008   Data   RO        10363    .constdata          m_ws.l(qnan.o)
    0x08021240   0x08021240   0x000000c8   Data   RO        10366    .constdata          m_ws.l(rred.o)
    0x08021308   0x08021308   0x00000028   Data   RO        10370    .constdata          m_ws.l(sin_i.o)
    0x08021330   0x08021330   0x000000b4   Data   RO          467    .conststring        freertos.o
    0x080213e4   0x080213e4   0x00000020   Data   RO        10416    Region$$Table       anon$$obj.o


    Execution Region RW_IRAM1 (Exec base: 0x20000000, Load base: 0x08021404, Size: 0x0000a848, Max: 0x0000c000, ABSOLUTE, COMPRESSED[0x00000134])

    Exec Addr    Load Addr    Size         Type   Attr      Idx    E Section Name        Object

    0x20000000   COMPRESSED   0x00000011   Data   RW           22    .data               main.o
    0x20000011   COMPRESSED   0x00000003   PAD
    0x20000014   COMPRESSED   0x0000004d   Data   RW          468    .data               freertos.o
    0x20000061   COMPRESSED   0x00000003   PAD
    0x20000064   COMPRESSED   0x0000004e   Data   RW         1072    .data               usbd_desc.o
    0x200000b2   COMPRESSED   0x00000002   PAD
    0x200000b4   COMPRESSED   0x0000003c   Data   RW         1155    .data               usbd_custom_hid_if.o
    0x200000f0   COMPRESSED   0x00000003   Data   RW         1235    .data               usbd_conf.o
    0x200000f3   COMPRESSED   0x00000001   PAD
    0x200000f4   COMPRESSED   0x00000009   Data   RW         1931    .data               stm32f1xx_hal.o
    0x200000fd   COMPRESSED   0x00000003   PAD
    0x20000100   COMPRESSED   0x00000004   Data   RW         5060    .data               system_stm32f1xx.o
    0x20000104   COMPRESSED   0x00000044   Data   RW         5728    .data               tasks.o
    0x20000148   COMPRESSED   0x00000014   Data   RW         6073    .data               timers.o
    0x2000015c   COMPRESSED   0x00000004   Data   RW         6281    .data               cmsis_os2.o
    0x20000160   COMPRESSED   0x00000018   Data   RW         6653    .data               heap_4.o
    0x20000178   COMPRESSED   0x0000000c   Data   RW         6704    .data               port.o
    0x20000184   COMPRESSED   0x00000001   Data   RW         6926    .data               usbd_ctlreq.o
    0x20000185   COMPRESSED   0x00000003   PAD
    0x20000188   COMPRESSED   0x000000d2   Data   RW         7079    .data               usbd_customhid.o
    0x2000025a   COMPRESSED   0x00000002   PAD
    0x2000025c   COMPRESSED   0x0000000b   Data   RW         7246    .data               app_at.o
    0x20000267   COMPRESSED   0x00000001   PAD
    0x20000268   COMPRESSED   0x00000006   Data   RW         7283    .data               app_bt.o
    0x2000026e   COMPRESSED   0x00000002   PAD
    0x20000270   COMPRESSED   0x0000000a   Data   RW         7349    .data               app_connect.o
    0x2000027a   COMPRESSED   0x00000002   PAD
    0x2000027c   COMPRESSED   0x00000005   Data   RW         7451    .data               app_dsp_adau1452.o
    0x20000281   COMPRESSED   0x00000003   PAD
    0x20000284   COMPRESSED   0x00000009   Data   RW         7600    .data               app_dsp_driver.o
    0x2000028d   COMPRESSED   0x00000003   PAD
    0x20000290   COMPRESSED   0x00000007   Data   RW         7659    .data               app_dsp_eq.o
    0x20000297   COMPRESSED   0x00000001   PAD
    0x20000298   COMPRESSED   0x00000006   Data   RW         7884    .data               app_dsp_single_mute.o
    0x2000029e   COMPRESSED   0x00000002   PAD
    0x200002a0   COMPRESSED   0x0000000a   Data   RW         7965    .data               app_dspdata_access.o
    0x200002aa   COMPRESSED   0x00000002   PAD
    0x200002ac   COMPRESSED   0x0000000b   Data   RW         8035    .data               app_eprom.o
    0x200002b7   COMPRESSED   0x00000001   PAD
    0x200002b8   COMPRESSED   0x00000013   Data   RW         8183    .data               app_lowpower.o
    0x200002cb   COMPRESSED   0x00000001   PAD
    0x200002cc   COMPRESSED   0x0000000e   Data   RW         8312    .data               app_power.o
    0x200002da   COMPRESSED   0x00000002   PAD
    0x200002dc   COMPRESSED   0x00000009   Data   RW         8377    .data               app_start.o
    0x200002e5   COMPRESSED   0x00000003   PAD
    0x200002e8   COMPRESSED   0x0000000a   Data   RW         8488    .data               app_tdf8541.o
    0x200002f2   COMPRESSED   0x00000002   PAD
    0x200002f4   COMPRESSED   0x0000000a   Data   RW         8583    .data               app_voltage.o
    0x200002fe   COMPRESSED   0x00000002   PAD
    0x20000300   COMPRESSED   0x00000008   Data   RW         8994    .data               mw_gpio.o
    0x20000308   COMPRESSED   0x0000001c   Data   RW         9323    .data               mw_spi.o
    0x20000324   COMPRESSED   0x00000098   Data   RW         9490    .data               mw_uart.o
    0x200003bc   COMPRESSED   0x00000040   Data   RW         9881    .data               sch_message.o
    0x200003fc   COMPRESSED   0x00000004   Data   RW        10389    .data               mc_w.l(stdout.o)
    0x20000400   COMPRESSED   0x00000004   Data   RW        10401    .data               mc_w.l(errno.o)
    0x20000404        -       0x00000040   Zero   RW           21    .bss                main.o
    0x20000444        -       0x00000074   Zero   RW          567    .bss                adc.o
    0x200004b8        -       0x00000014   Zero   RW          633    .bss                rtc.o
    0x200004cc        -       0x00000108   Zero   RW          677    .bss                spi.o
    0x200005d4        -       0x00000040   Zero   RW          729    .bss                tim.o
    0x20000614        -       0x00000140   Zero   RW          775    .bss                usart.o
    0x20000754        -       0x00000040   Zero   RW          859    .bss                stm32f1xx_it.o
    0x20000794        -       0x00000040   Zero   RW          987    .bss                stm32f1xx_hal_timebase_tim.o
    0x200007d4        -       0x000002c4   Zero   RW         1024    .bss                usb_device.o
    0x20000a98        -       0x00000200   Zero   RW         1071    .bss                usbd_desc.o
    0x20000c98        -       0x000002c4   Zero   RW         1234    .bss                usbd_conf.o
    0x20000f5c   COMPRESSED   0x00000004   PAD
    0x20000f60        -       0x00000020   Zero   RW         2645    .bss                stm32f1xx_hal_flash.o
    0x20000f80        -       0x00000040   Zero   RW         5301    .bss                queue.o
    0x20000fc0        -       0x000004c4   Zero   RW         5727    .bss                tasks.o
    0x20001484        -       0x00000118   Zero   RW         6072    .bss                timers.o
    0x2000159c        -       0x000006c0   Zero   RW         6280    .bss                cmsis_os2.o
    0x20001c5c        -       0x000043c0   Zero   RW         6652    .bss                heap_4.o
    0x2000601c        -       0x00000010   Zero   RW         7203    .bss                app_amp.o
    0x2000602c        -       0x0000004b   Zero   RW         7245    .bss                app_at.o
    0x20006077   COMPRESSED   0x00000001   PAD
    0x20006078        -       0x000001b3   Zero   RW         7281    .bss                app_bt.o
    0x2000622b   COMPRESSED   0x00000001   PAD
    0x2000622c        -       0x000037d0   Zero   RW         7449    .bss                app_dsp_adau1452.o
    0x200099fc        -       0x00000900   Zero   RW         9488    .bss                mw_uart.o
    0x2000a2fc        -       0x0000000c   Zero   RW         9598    .bss                system.o
    0x2000a308        -       0x00000140   Zero   RW         9880    .bss                sch_message.o
    0x2000a448        -       0x00000400   Zero   RW            1    STACK               startup_stm32f103xe.o


==============================================================================

Image component sizes


      Code (inc. data)   RO Data    RW Data    ZI Data      Debug   Object Name

       308         30          0          0        116       1847   adc.o
         2          0          0          0          0        449   app_ad1938.o
       348         86         20          0         16       2665   app_amp.o
       728        220          0         11         75       2614   app_at.o
      6506        406          6          6        435      11854   app_bt.o
      1320        144          0         10          0       5237   app_connect.o
       224         10          0          0          0        676   app_debug.o
      4742        764      54702          5      14288      22964   app_dsp_adau1452.o
       900        254          0          9          0       5152   app_dsp_driver.o
      2212        112        160          7          0       5969   app_dsp_eq.o
      4112        152        256          0          0       8104   app_dsp_filter.o
       484         44         38          0          0       2789   app_dsp_mix.o
      1112        172        118          6          0       7173   app_dsp_single_mute.o
      1252         86          0         10          0       5113   app_dspdata_access.o
      1292         74          0         11          0      10083   app_eprom.o
         2          0          0          0          0        434   app_led.o
        92         18          0         19          0        930   app_lowpower.o
        16          0          0          0          0       1435   app_mute.o
      1256        196          0         14          0       5159   app_power.o
       536         50          0          9          0       3407   app_start.o
        64          6          0          0          0       1907   app_task.o
       236         72          0         10          0       2355   app_tdf8541.o
        74          4          0          0          0       1409   app_updata.o
       288         18         16         10          0       2555   app_voltage.o
        38          0          0          0          0       1321   bsp.o
      1330         62          0          4       1728      19778   cmsis_os2.o
         0          0          0          0          0      20164   event_groups.o
       618        188        536         77          0       9734   freertos.o
       716         34          0          0          0       1403   gpio.o
       692         62          0         24      17344       4787   heap_4.o
         2          0          0          0          0        450   interrupt.o
       148          0          0          0          0       3534   list.o
       542        154          0         17         64     570002   main.o
       472         20          0          0          0       7880   mw_flash.o
       308         24          0          8          0       6653   mw_gpio.o
      1102        112          0          0          0       6074   mw_i2c.o
        70          4          0         28          0       1940   mw_spi.o
       352         28         32        152       2304       7983   mw_uart.o
       854         78          0         12          0      11133   port.o
      3012         30          0          0         64      24949   queue.o
       176         20          0          0         20       1663   rtc.o
       288          0          0          0          0       6485   sch_common.o
       124         14          0         64        320       2986   sch_message.o
       292          0          0          0          0       5800   sch_queue.o
       560         50          0          0        264       2995   spi.o
        36          8        304          0       1024        824   startup_stm32f103xe.o
        76         20          0          9          0       5362   stm32f1xx_hal.o
      1726         58          0          0          0       9890   stm32f1xx_hal_adc.o
       262          4          0          0          0       2075   stm32f1xx_hal_adc_ex.o
       252         22          0          0          0      28786   stm32f1xx_hal_cortex.o
      1684         28          0          0          0       4738   stm32f1xx_hal_dma.o
       452         32          0          0         32       3170   stm32f1xx_hal_flash.o
        40          8          0          0          0        582   stm32f1xx_hal_flash_ex.o
       890         44          0          0          0       4591   stm32f1xx_hal_gpio.o
        96         10          0          0          0        934   stm32f1xx_hal_msp.o
      2340          0          0          0          0      10049   stm32f1xx_hal_pcd.o
        60          0          0          0          0       1214   stm32f1xx_hal_pcd_ex.o
        12          4          0          0          0        535   stm32f1xx_hal_pwr.o
      1852        120          0          0          0       6797   stm32f1xx_hal_rcc.o
       612         46          0          0          0       2477   stm32f1xx_hal_rcc_ex.o
      1960         26          0          0          0      13416   stm32f1xx_hal_rtc.o
       898          0          0          0          0       4393   stm32f1xx_hal_spi.o
      1046         22          0          0          0       9339   stm32f1xx_hal_tim.o
        88          0          0          0          0       2429   stm32f1xx_hal_tim_ex.o
       136         18          0          0         64       1519   stm32f1xx_hal_timebase_tim.o
      1762         10          0          0          0      11142   stm32f1xx_hal_uart.o
       264         72          0          0         64       8236   stm32f1xx_it.o
      3492          0          0          0          0      17147   stm32f1xx_ll_usb.o
         0          0          0          0          0       8812   stream_buffer.o
       196          8          0          0         12       6491   system.o
        88         18         24          4          0       1243   system_stm32f1xx.o
      3278        392          0         68       1220      27427   tasks.o
       176         18          0          0         64       1718   tim.o
      1238        124          0         20        280      26839   timers.o
       492         50          0          0        320       5773   usart.o
        76         16          0          0        708        800   usb_device.o
       808         30          0          3        708      14896   usbd_conf.o
       850          0          0          0          0      10211   usbd_core.o
      2106         28          0          1          0      10964   usbd_ctlreq.o
       124         40          0         60          0       2566   usbd_custom_hid_if.o
       756         40          0        210          0      11115   usbd_customhid.o
       410        146          0         78        512       6833   usbd_desc.o
       174          0          0          0          0       4668   usbd_ioreq.o

    ----------------------------------------------------------------------
     70704       5260      56252       1020      42052    1119995   Object Totals
         0          0         32          0          0          0   (incl. Generated)
        94          0          8         44          6          0   (incl. Padding)

    ----------------------------------------------------------------------

      Code (inc. data)   RO Data    RW Data    ZI Data      Debug   Library Member Name

       156          8          0          0          0        104   cos.o
       252         22         48          0          0        124   cos_i.o
        68         10          0          0          0        408   dunder.o
        40          0          0          0          0         68   fpclassify.o
       170          0          0          0          0         96   poly.o
      2520        190        136          0          0        324   pow.o
         0          0          8          0          0          0   qnan.o
       904         76        200          0          0        140   rred.o
       160         10          0          0          0        108   sin.o
       236         12         40          0          0        128   sin_i.o
        76          0          0          0          0         84   sqrt.o
        86          0          0          0          0          0   __dczerorl2.o
         0          0          0          0          0          0   entry.o
         0          0          0          0          0          0   entry10a.o
         0          0          0          0          0          0   entry11a.o
         8          4          0          0          0          0   entry2.o
         4          0          0          0          0          0   entry5.o
         0          0          0          0          0          0   entry7b.o
         0          0          0          0          0          0   entry8b.o
         8          4          0          0          0          0   entry9a.o
        12          6          0          4          0         68   errno.o
        30          0          0          0          0          0   handlers.o
        36          8          0          0          0         68   init.o
         0          0          0          0          0          0   iusefp.o
        30          0          0          0          0         68   llshl.o
        36          0          0          0          0         68   llsshr.o
        32          0          0          0          0         68   llushr.o
        36          0          0          0          0         68   memcpya.o
        36          0          0          0          0        108   memseta.o
      2324         94          0          0          0        600   printfa.o
         0          0          0          4          0          0   stdout.o
        44          0          0          0          0         80   uidiv.o
        98          0          0          0          0         92   uldiv.o
        48          0          0          0          0         68   cdrcmple.o
       334          0          0          0          0        148   dadd.o
       222          0          0          0          0        100   ddiv.o
       186          0          0          0          0        176   depilogue.o
        62          0          0          0          0         80   dfixi.o
        48          0          0          0          0         68   dfixul.o
        34          0          0          0          0         76   dflti.o
        26          0          0          0          0         76   dfltui.o
       228          0          0          0          0         96   dmul.o
        46          0          0          0          0         80   dscalb.o
       162          0          0          0          0        100   dsqrt.o

    ----------------------------------------------------------------------
      8808        444        432          8          0       3940   Library Totals
        10          0          0          0          0          0   (incl. Padding)

    ----------------------------------------------------------------------

      Code (inc. data)   RO Data    RW Data    ZI Data      Debug   Library Name

      4582        328        432          0          0       1584   m_ws.l
      2820        116          0          8          0       1288   mc_w.l
      1396          0          0          0          0       1068   mf_w.l

    ----------------------------------------------------------------------
      8808        444        432          8          0       3940   Library Totals

    ----------------------------------------------------------------------

==============================================================================


      Code (inc. data)   RO Data    RW Data    ZI Data      Debug   

     79512       5704      56684       1028      42052    1094059   Grand Totals
     79512       5704      56684        308      42052    1094059   ELF Image Totals (compressed)
     79512       5704      56684        308          0          0   ROM Totals

==============================================================================

    Total RO  Size (Code + RO Data)               136196 ( 133.00kB)
    Total RW  Size (RW Data + ZI Data)             43080 (  42.07kB)
    Total ROM Size (Code + RO Data + RW Data)     136504 ( 133.30kB)

==============================================================================

