Component: ARM Compiler 5.06 update 6 (build 750) Tool: armlink [4d35ed]

==============================================================================

Section Cross References

    startup_stm32f103xe.o(RESET) refers to startup_stm32f103xe.o(STACK) for __initial_sp
    startup_stm32f103xe.o(RESET) refers to startup_stm32f103xe.o(.text) for Reset_Handler
    startup_stm32f103xe.o(RESET) refers to stm32f1xx_it.o(i.NMI_Handler) for NMI_Handler
    startup_stm32f103xe.o(RESET) refers to stm32f1xx_it.o(i.HardFault_Handler) for HardFault_Handler
    startup_stm32f103xe.o(RESET) refers to stm32f1xx_it.o(i.MemManage_Handler) for MemManage_Handler
    startup_stm32f103xe.o(RESET) refers to stm32f1xx_it.o(i.BusFault_Handler) for BusFault_Handler
    startup_stm32f103xe.o(RESET) refers to stm32f1xx_it.o(i.UsageFault_Handler) for UsageFault_Handler
    startup_stm32f103xe.o(RESET) refers to port.o(.emb_text) for SVC_Handler
    startup_stm32f103xe.o(RESET) refers to stm32f1xx_it.o(i.DebugMon_Handler) for DebugMon_Handler
    startup_stm32f103xe.o(RESET) refers to port.o(i.SysTick_Handler) for SysTick_Handler
    startup_stm32f103xe.o(RESET) refers to stm32f1xx_it.o(i.DMA1_Channel1_IRQHandler) for DMA1_Channel1_IRQHandler
    startup_stm32f103xe.o(RESET) refers to stm32f1xx_it.o(i.ADC1_2_IRQHandler) for ADC1_2_IRQHandler
    startup_stm32f103xe.o(RESET) refers to stm32f1xx_it.o(i.USB_HP_CAN1_TX_IRQHandler) for USB_HP_CAN1_TX_IRQHandler
    startup_stm32f103xe.o(RESET) refers to stm32f1xx_it.o(i.USB_LP_CAN1_RX0_IRQHandler) for USB_LP_CAN1_RX0_IRQHandler
    startup_stm32f103xe.o(RESET) refers to stm32f1xx_it.o(i.EXTI9_5_IRQHandler) for EXTI9_5_IRQHandler
    startup_stm32f103xe.o(RESET) refers to stm32f1xx_it.o(i.TIM1_UP_IRQHandler) for TIM1_UP_IRQHandler
    startup_stm32f103xe.o(RESET) refers to interrupt.o(i.SPI1_IRQHandler) for SPI1_IRQHandler
    startup_stm32f103xe.o(RESET) refers to stm32f1xx_it.o(i.USART1_IRQHandler) for USART1_IRQHandler
    startup_stm32f103xe.o(RESET) refers to stm32f1xx_it.o(i.USART2_IRQHandler) for USART2_IRQHandler
    startup_stm32f103xe.o(RESET) refers to stm32f1xx_it.o(i.TIM5_IRQHandler) for TIM5_IRQHandler
    startup_stm32f103xe.o(.text) refers to system_stm32f1xx.o(i.SystemInit) for SystemInit
    startup_stm32f103xe.o(.text) refers to entry.o(.ARM.Collect$$$$00000000) for __main
    main.o(i.HAL_RTC_AlarmAEventCallback) refers to mw_rtc.o(.data) for rtc_alarm_flag
    main.o(i.HAL_RTC_AlarmAEventCallback) refers to system.o(.bss) for Sys
    main.o(i.HAL_TIM_PeriodElapsedCallback) refers to stm32f1xx_hal.o(i.HAL_IncTick) for HAL_IncTick
    main.o(i.HAL_UART_RxCpltCallback) refers to mw_uart.o(i.Uart_Rx_DataPro) for Uart_Rx_DataPro
    main.o(i.HAL_UART_RxCpltCallback) refers to app_connect.o(i.Change_Uart) for Change_Uart
    main.o(i.HAL_UART_RxCpltCallback) refers to stm32f1xx_hal_uart.o(i.HAL_UART_Receive_IT) for HAL_UART_Receive_IT
    main.o(i.HAL_UART_RxCpltCallback) refers to usart.o(.bss) for huart1
    main.o(i.HAL_UART_RxCpltCallback) refers to main.o(.data) for .data
    main.o(i.SysSoftware_Init) refers to system.o(i.SysDataInit) for SysDataInit
    main.o(i.SysSoftware_Init) refers to app_dsp_adau1452.o(i.DspInit) for DspInit
    main.o(i.SysSoftware_Init) refers to app_connect.o(i.Check_Uart) for Check_Uart
    main.o(i.SystemClock_Config) refers to memseta.o(.text) for __aeabi_memclr4
    main.o(i.SystemClock_Config) refers to stm32f1xx_hal_rcc.o(i.HAL_RCC_OscConfig) for HAL_RCC_OscConfig
    main.o(i.SystemClock_Config) refers to stm32f1xx_hal_rcc.o(i.HAL_RCC_ClockConfig) for HAL_RCC_ClockConfig
    main.o(i.SystemClock_Config) refers to stm32f1xx_hal_rcc_ex.o(i.HAL_RCCEx_PeriphCLKConfig) for HAL_RCCEx_PeriphCLKConfig
    main.o(i.main) refers to stm32f1xx_hal.o(i.HAL_Init) for HAL_Init
    main.o(i.main) refers to main.o(i.SysSoftware_Init) for SysSoftware_Init
    main.o(i.main) refers to main.o(i.SystemClock_Config) for SystemClock_Config
    main.o(i.main) refers to gpio.o(i.MX_GPIO_Init) for MX_GPIO_Init
    main.o(i.main) refers to spi.o(i.MX_SPI1_Init) for MX_SPI1_Init
    main.o(i.main) refers to spi.o(i.MX_SPI2_Init) for MX_SPI2_Init
    main.o(i.main) refers to spi.o(i.MX_SPI3_Init) for MX_SPI3_Init
    main.o(i.main) refers to usart.o(i.MX_USART1_UART_Init) for MX_USART1_UART_Init
    main.o(i.main) refers to tim.o(i.MX_TIM5_Init) for MX_TIM5_Init
    main.o(i.main) refers to adc.o(i.MX_ADC1_Init) for MX_ADC1_Init
    main.o(i.main) refers to usart.o(i.MX_USART2_UART_Init) for MX_USART2_UART_Init
    main.o(i.main) refers to rtc.o(i.MX_RTC_Init) for MX_RTC_Init
    main.o(i.main) refers to stm32f1xx_hal_adc_ex.o(i.HAL_ADCEx_Calibration_Start) for HAL_ADCEx_Calibration_Start
    main.o(i.main) refers to stm32f1xx_hal_adc.o(i.HAL_ADC_Start_DMA) for HAL_ADC_Start_DMA
    main.o(i.main) refers to stm32f1xx_hal_tim.o(i.HAL_TIM_Base_Start_IT) for HAL_TIM_Base_Start_IT
[...]
    USBD_FS_DeviceDesc                       0x2000006c   Data          18  usbd_desc.o(.data)
    USBD_StringSerial                        0x20000080   Data          26  usbd_desc.o(.data)
    USBD_CustomHID_fops_FS                   0x200000c0   Data          16  usbd_custom_hid_if.o(.data)
    bUSB_DataOut_Complete                    0x200000d0   Data           1  usbd_conf.o(.data)
    uwTickFreq                               0x200000d4   Data           1  stm32f1xx_hal.o(.data)
    uwTickPrio                               0x200000d8   Data           4  stm32f1xx_hal.o(.data)
    uwTick                                   0x200000dc   Data           4  stm32f1xx_hal.o(.data)
    SystemCoreClock                          0x200000e0   Data           4  system_stm32f1xx.o(.data)
    pxCurrentTCB                             0x200000e4   Data           4  tasks.o(.data)
    USBD_CUSTOM_HID                          0x20000168   Data          56  usbd_customhid.o(.data)
    BtSPPCONFlag                             0x2000023b   Data           1  app_at.o(.data)
    bGUKAIBLE                                0x2000023c   Data           1  app_at.o(.data)
    BtGATTCONFlag                            0x2000023d   Data           1  app_at.o(.data)
    BtPHFCONFlag                             0x2000023e   Data           1  app_at.o(.data)
    set_query_password                       0x20000241   Data           1  app_bt.o(.data)
    Uart_CONNECT                             0x20000242   Data           1  app_connect.o(.data)
    Uart_OTHER                               0x20000243   Data           1  app_connect.o(.data)
    Uart_OTHER1                              0x20000244   Data           1  app_connect.o(.data)
    Data_Addr                                0x20000245   Data           1  app_connect.o(.data)
    VolData                                  0x2000024d   Data           1  app_dsp_single_mute.o(.data)
    App_Eeprom                               0x20000256   Data           4  app_eprom.o(.data)
    stimestructure                           0x2000025c   Data           3  app_lowpower.o(.data)
    salarmstructure                          0x20000260   Data           8  app_lowpower.o(.data)
    SysPower                                 0x20000268   Data           8  app_power.o(.data)
    AccDetect                                0x20000270   Data           2  app_start.o(.data)
    AudioDetect                              0x20000272   Data           2  app_start.o(.data)
    VolDet                                   0x2000027a   Data           4  app_voltage.o(.data)
    DSP_OFF_FLAG                             0x2000027e   Data           1  mw_gpio.o(.data)
    DSP_TEST_Detect                          0x2000027f   Data           2  mw_gpio.o(.data)
    spi_tx_buff                              0x20000284   Data          10  mw_spi.o(.data)
    Spi_Arry                                 0x20000290   Data          12  mw_spi.o(.data)
    UART0_TX_QUEUE                           0x2000029c   Data          16  mw_uart.o(.data)
    UART0_RX_QUEUE                           0x200002ac   Data          16  mw_uart.o(.data)
    UART1_TX_QUEUE                           0x200002bc   Data          16  mw_uart.o(.data)
    UART1_RX_QUEUE                           0x200002cc   Data          16  mw_uart.o(.data)
    UART2_TX_QUEUE                           0x200002dc   Data          16  mw_uart.o(.data)
    UART2_RX_QUEUE                           0x200002ec   Data          16  mw_uart.o(.data)
    UART3_TX_QUEUE                           0x200002fc   Data          16  mw_uart.o(.data)
    UART3_RX_QUEUE                           0x2000030c   Data          16  mw_uart.o(.data)
    Uart_Arry                                0x2000031c   Data          12  mw_uart.o(.data)
    MESSAGE_QUEUE                            0x20000328   Data          64  sch_message.o(.data)
    __stdout                                 0x20000368   Data           4  stdout.o(.data)
    USB_Rx_Buf                               0x20000370   Data          32  main.o(.bss)
    hadc1                                    0x20000390   Data          48  adc.o(.bss)
    hdma_adc1                                0x200003c0   Data          68  adc.o(.bss)
    hrtc                                     0x20000404   Data          20  rtc.o(.bss)
    hspi1                                    0x20000418   Data          88  spi.o(.bss)
    hspi2                                    0x20000470   Data          88  spi.o(.bss)
    hspi3                                    0x200004c8   Data          88  spi.o(.bss)
    htim5                                    0x20000520   Data          64  tim.o(.bss)
    huart0                                   0x20000560   Data          64  usart.o(.bss)
    huart1                                   0x200005a0   Data          64  usart.o(.bss)
    huart2                                   0x200005e0   Data          64  usart.o(.bss)
    dat_buf                                  0x20000620   Data         128  usart.o(.bss)
    USB_Tx_Buf                               0x200006a0   Data          32  stm32f1xx_it.o(.bss)
    htim1                                    0x200006c0   Data          64  stm32f1xx_hal_timebase_tim.o(.bss)
    hUsbDeviceFS                             0x20000700   Data         708  usb_device.o(.bss)
    USBD_StrDesc                             0x200009c4   Data         512  usbd_desc.o(.bss)
    hpcd_USB_FS                              0x20000bfc   Data         620  usbd_conf.o(.bss)
    pFlash                                   0x20000e68   Data          32  stm32f1xx_hal_flash.o(.bss)
    xQueueRegistry                           0x20000e88   Data          64  queue.o(.bss)
    App_Amp                                  0x20005f24   Data          16  app_amp.o(.bss)
    BT_Addr                                  0x20005f34   Data          13  app_at.o(.bss)
    BLE_GVER                                 0x20005f41   Data          15  app_at.o(.bss)
    BtTxModuel                               0x20005f61   Data         106  app_bt.o(.bss)
    BtRxModuel                               0x20005fcb   Data         102  app_bt.o(.bss)
    EQ_Rx                                    0x20006034   Data          12  app_bt.o(.bss)
    Mix_Mixer_data                           0x20006040   Data          11  app_bt.o(.bss)
    PcRxModuel_0                             0x2000604b   Data         102  app_bt.o(.bss)
    PcRxModuel_1                             0x200060b1   Data         102  app_bt.o(.bss)
    App_Dsp                                  0x20006118   Data        7324  app_dsp_adau1452.o(.bss)
    Uart0_TX_buf                             0x20007db4   Data         512  mw_uart.o(.bss)
    Uart0_RX_buf                             0x20007fb4   Data         512  mw_uart.o(.bss)
    Uart1_TX_buf                             0x200081b4   Data         256  mw_uart.o(.bss)
    Uart1_RX_buf                             0x200082b4   Data         256  mw_uart.o(.bss)
    Uart2_TX_buf                             0x200083b4   Data         256  mw_uart.o(.bss)
    Uart2_RX_buf                             0x200084b4   Data         256  mw_uart.o(.bss)
    Uart3_TX_buf                             0x200085b4   Data         128  mw_uart.o(.bss)
    Uart3_RX_buf                             0x20008634   Data         128  mw_uart.o(.bss)
    Sys                                      0x200086b4   Data          12  system.o(.bss)
    Queue                                    0x200086c0   Data         320  sch_message.o(.bss)
    __initial_sp                             0x20008c00   Data           0  startup_stm32f103xe.o(STACK)



==============================================================================

Memory Map of the image

  Image Entry point : 0x08000131

  Load Region LR_IROM1 (Base: 0x08000000, Size: 0x0001cd8c, Max: 0x00040000, ABSOLUTE, COMPRESSED[0x0001cb48])

    Execution Region ER_IROM1 (Exec base: 0x08000000, Load base: 0x08000000, Size: 0x0001ca1c, Max: 0x00040000, ABSOLUTE)

    Exec Addr    Load Addr    Size         Type   Attr      Idx    E Section Name        Object

    0x08000000   0x08000000   0x00000130   Data   RO            3    RESET               startup_stm32f103xe.o
    0x08000130   0x08000130   0x00000000   Code   RO         9881  * .ARM.Collect$$$$00000000  mc_w.l(entry.o)
    0x08000130   0x08000130   0x00000004   Code   RO        10210    .ARM.Collect$$$$00000001  mc_w.l(entry2.o)
    0x08000134   0x08000134   0x00000004   Code   RO        10213    .ARM.Collect$$$$00000004  mc_w.l(entry5.o)
    0x08000138   0x08000138   0x00000000   Code   RO        10215    .ARM.Collect$$$$00000008  mc_w.l(entry7b.o)
    0x08000138   0x08000138   0x00000000   Code   RO        10217    .ARM.Collect$$$$0000000A  mc_w.l(entry8b.o)
    0x08000138   0x08000138   0x00000008   Code   RO        10218    .ARM.Collect$$$$0000000B  mc_w.l(entry9a.o)
    0x08000140   0x08000140   0x00000000   Code   RO        10220    .ARM.Collect$$$$0000000D  mc_w.l(entry10a.o)
    0x08000140   0x08000140   0x00000000   Code   RO        10222    .ARM.Collect$$$$0000000F  mc_w.l(entry11a.o)
    0x08000140   0x08000140   0x00000004   Code   RO        10211    .ARM.Collect$$$$00002712  mc_w.l(entry2.o)
    0x08000144   0x08000144   0x00000096   Code   RO         6597    .emb_text           port.o
    0x080001da   0x080001da   0x00000002   PAD
    0x080001dc   0x080001dc   0x00000024   Code   RO            4    .text               startup_stm32f103xe.o
    0x08000200   0x08000200   0x00000020   Code   RO         9884    .text               mc_w.l(llushr.o)
    0x08000220   0x08000220   0x00000024   Code   RO         9886    .text               mc_w.l(memcpya.o)
    0x08000244   0x08000244   0x00000024   Code   RO         9890    .text               mc_w.l(memseta.o)
    0x08000268   0x08000268   0x0000014e   Code   RO        10159    .text               mf_w.l(dadd.o)
    0x080003b6   0x080003b6   0x000000e4   Code   RO        10161    .text               mf_w.l(dmul.o)
    0x0800049a   0x0800049a   0x000000de   Code   RO        10163    .text               mf_w.l(ddiv.o)
    0x08000578   0x08000578   0x0000002e   Code   RO        10165    .text               mf_w.l(dscalb.o)
    0x080005a6   0x080005a6   0x00000022   Code   RO        10167    .text               mf_w.l(dflti.o)
    0x080005c8   0x080005c8   0x0000001a   Code   RO        10169    .text               mf_w.l(dfltui.o)
    0x080005e2   0x080005e2   0x0000003e   Code   RO        10171    .text               mf_w.l(dfixi.o)
    0x08000620   0x08000620   0x00000030   Code   RO        10175    .text               mf_w.l(cdrcmple.o)
    0x08000650   0x08000650   0x0000002c   Code   RO        10225    .text               mc_w.l(uidiv.o)
    0x0800067c   0x0800067c   0x00000062   Code   RO        10227    .text               mc_w.l(uldiv.o)
    0x080006de   0x080006de   0x0000001e   Code   RO        10229    .text               mc_w.l(llshl.o)
    0x080006fc   0x080006fc   0x00000024   Code   RO        10231    .text               mc_w.l(llsshr.o)
    0x08000720   0x08000720   0x00000000   Code   RO        10240    .text               mc_w.l(iusefp.o)
    0x08000720   0x08000720   0x000000ba   Code   RO        10241    .text               mf_w.l(depilogue.o)
    0x080007da   0x080007da   0x000000a2   Code   RO        10243    .text               mf_w.l(dsqrt.o)
    0x0800087c   0x0800087c   0x00000030   Code   RO        10245    .text               mf_w.l(dfixul.o)
    0x080008ac   0x080008ac   0x00000024   Code   RO        10247    .text               mc_w.l(init.o)
    0x080008d0   0x080008d0   0x00000056   Code   RO        10257    .text               mc_w.l(__dczerorl2.o)
    0x08000926   0x08000926   0x00000002   PAD
    0x08000928   0x08000928   0x00000058   Code   RO         8233    i.ACC_Detect        app_start.o
    0x08000980   0x08000980   0x00000002   Code   RO         8828    i.ACC_EN_Ctl        mw_gpio.o
    0x08000982   0x08000982   0x00000002   PAD
    0x08000984   0x08000984   0x0000002c   Code   RO         8234    i.ACC_Init          app_start.o
    0x080009b0   0x080009b0   0x00000002   Code   RO         7028    i.AD1938_IO_Init    app_ad1938.o
    0x080009b2   0x080009b2   0x00000002   PAD
    0x080009b4   0x080009b4   0x0000000c   Code   RO          847    i.ADC1_2_IRQHandler  stm32f1xx_it.o
    0x080009c0   0x080009c0   0x0000004c   Code   RO         2881    i.ADC_ConversionStop_Disable  stm32f1xx_hal_adc.o
    0x08000a0c   0x08000a0c   0x0000004e   Code   RO         2882    i.ADC_DMAConvCplt   stm32f1xx_hal_adc.o
    0x08000a5a   0x08000a5a   0x0000001a   Code   RO         2883    i.ADC_DMAError      stm32f1xx_hal_adc.o
    0x08000a74   0x08000a74   0x0000000a   Code   RO         2884    i.ADC_DMAHalfConvCplt  stm32f1xx_hal_adc.o
    0x08000a7e   0x08000a7e   0x00000002   PAD
    0x08000a80   0x08000a80   0x00000070   Code   RO         2885    i.ADC_Enable        stm32f1xx_hal_adc.o
    0x08000af0   0x08000af0   0x00000054   Code   RO         8235    i.AUDIO_Detect      app_start.o
    0x08000b44   0x08000b44   0x00000038   Code   RO         8344    i.Amp8541_DLL_Loader  app_tdf8541.o
    0x08000b7c   0x08000b7c   0x0000009c   Code   RO         7073    i.AmpTypeCheck      app_amp.o
    0x08000c18   0x08000c18   0x00000008   Code   RO         8389    i.AppJumpToBootloader  app_updata.o
    0x08000c20   0x08000c20   0x00000040   Code   RO          771    i.App_Printf        usart.o
    0x08000c60   0x08000c60   0x000002a8   Code   RO         7115    i.AtDataAnalyse     app_at.o
    0x08000f08   0x08000f08   0x00000002   Code   RO         8126    i.AudioMute         app_mute.o
    0x08000f0a   0x08000f0a   0x00000002   PAD
    0x08000f0c   0x08000f0c   0x0000002c   Code   RO         8236    i.Audio_Init        app_start.o
    0x08000f38   0x08000f38   0x0000034c   Code   RO         7222    i.BT_DataRxPro      app_connect.o
    0x08001284   0x08001284   0x00000002   Code   RO         8479    i.Bsp_ADC_Init      bsp.o
    0x08001286   0x08001286   0x00000022   Code   RO         8492    i.Bsp_UART_Init     bsp.o
    0x080012a8   0x080012a8   0x000006ec   Code   RO         7149    i.BtDataAnalyse     app_bt.o
    0x08001994   0x08001994   0x000000f4   Code   RO         7150    i.Bt_ACK            app_bt.o
    0x08001a88   0x08001a88   0x00000002   Code   RO          848    i.BusFault_Handler  stm32f1xx_it.o
    0x08001a8a   0x08001a8a   0x00000004   Code   RO         1150    i.CUSTOM_HID_DeInit_FS  usbd_custom_hid_if.o
    0x08001a8e   0x08001a8e   0x00000004   Code   RO         1151    i.CUSTOM_HID_Init_FS  usbd_custom_hid_if.o
    0x08001a92   0x08001a92   0x00000002   PAD
    0x08001a94   0x08001a94   0x00000034   Code   RO         1152    i.CUSTOM_HID_OutEvent_FS  usbd_custom_hid_if.o
    0x08001ac8   0x08001ac8   0x00000074   Code   RO         7223    i.Change_Uart       app_connect.o
    0x08001b3c   0x08001b3c   0x0000003c   Code   RO         7744    i.CheckVol          app_dsp_single_mute.o
    0x08001b78   0x08001b78   0x0000003c   Code   RO         7224    i.Check_Uart        app_connect.o
    0x08001bb4   0x08001bb4   0x00000014   Code   RO         9708    i.ClearAllModeMessage  sch_message.o
    0x08001bc8   0x08001bc8   0x00000010   Code   RO         9709    i.ClearMessage      sch_message.o
    0x08001bd8   0x08001bd8   0x0000000c   Code   RO          849    i.DMA1_Channel1_IRQHandler  stm32f1xx_it.o
    0x08001be4   0x08001be4   0x0000002a   Code   RO         2284    i.DMA_SetConfig     stm32f1xx_hal_dma.o
    0x08001c0e   0x08001c0e   0x00000002   Code   RO         7468    i.DSP_IO_Init       app_dsp_driver.o
    0x08001c10   0x08001c10   0x0000007c   Code   RO         8832    i.DSP_Test_Detect   mw_gpio.o
    0x08001c8c   0x08001c8c   0x00000002   Code   RO          850    i.DebugMon_Handler  stm32f1xx_it.o
    0x08001c8e   0x08001c8e   0x00000002   PAD
    0x08001c90   0x08001c90   0x000000a8   Code   RO         7278    i.Debug_CMD         app_debug.o
    0x08001d38   0x08001d38   0x0000002a   Code   RO         7302    i.DspDataInit       app_dsp_adau1452.o
    0x08001d62   0x08001d62   0x00000002   PAD
    0x08001d64   0x08001d64   0x00000024   Code   RO         7304    i.DspInit           app_dsp_adau1452.o
    0x08001d88   0x08001d88   0x0000002c   Code   RO         7305    i.DspModeNameInit   app_dsp_adau1452.o
    0x08001db4   0x08001db4   0x0000003c   Code   RO         7306    i.Dsp_Data_Reset    app_dsp_adau1452.o
    0x08001df0   0x08001df0   0x00000088   Code   RO         7307    i.Dsp_Delay         app_dsp_adau1452.o
    0x08001e78   0x08001e78   0x00000024   Code   RO         7308    i.Dsp_Delay_Init    app_dsp_adau1452.o
    0x08001e9c   0x08001e9c   0x00000078   Code   RO         7524    i.Dsp_EQ_Direct     app_dsp_eq.o
    0x08001f14   0x08001f14   0x00000068   Code   RO         7525    i.Dsp_EQ_Init       app_dsp_eq.o
    0x08001f7c   0x08001f7c   0x000000d0   Code   RO         7526    i.Dsp_EQ_Left_Req   app_dsp_eq.o
    0x0800204c   0x0800204c   0x00000058   Code   RO         7527    i.Dsp_EQ_Reset      app_dsp_eq.o
    0x080020a4   0x080020a4   0x000000d0   Code   RO         7528    i.Dsp_EQ_Right_Req  app_dsp_eq.o
    0x08002174   0x08002174   0x00000148   Code   RO         7529    i.Dsp_EQ_Set        app_dsp_eq.o
    0x080022bc   0x080022bc   0x00000138   Code   RO         7829    i.Dsp_File_TO_Flash  app_dspdata_access.o
    0x080023f4   0x080023f4   0x00000054   Code   RO         7588    i.Dsp_Filter_Init   app_dsp_filter.o
    0x08002448   0x08002448   0x00000046   Code   RO         7589    i.Dsp_Filter_Reset  app_dsp_filter.o
    0x0800248e   0x0800248e   0x00000002   PAD
    0x08002490   0x08002490   0x00000054   Code   RO         7830    i.Dsp_Flash_TO_File  app_dspdata_access.o
    0x080024e4   0x080024e4   0x00000348   Code   RO         7590    i.Dsp_GEN_Filter    app_dsp_filter.o
    0x0800282c   0x0800282c   0x0000003c   Code   RO         7831    i.Dsp_Load          app_dspdata_access.o
    0x08002868   0x08002868   0x00000018   Code   RO         7832    i.Dsp_Load_Mode_Name  app_dspdata_access.o
    0x08002880   0x08002880   0x00000054   Code   RO         7669    i.Dsp_Mix_Init      app_dsp_mix.o
    0x080028d4   0x080028d4   0x00000090   Code   RO         7670    i.Dsp_Mix_Input     app_dsp_mix.o
    0x08002964   0x08002964   0x000000c8   Code   RO         7671    i.Dsp_Mix_Mixer     app_dsp_mix.o
    0x08002a2c   0x08002a2c   0x00000028   Code   RO         7745    i.Dsp_Mute          app_dsp_single_mute.o
    0x08002a54   0x08002a54   0x000000a8   Code   RO         7746    i.Dsp_Mute_A        app_dsp_single_mute.o
    0x08002afc   0x08002afc   0x00000028   Code   RO         7747    i.Dsp_Mute_Direct   app_dsp_single_mute.o
    0x08002b24   0x08002b24   0x00000020   Code   RO         7748    i.Dsp_Mute_Init     app_dsp_single_mute.o
    0x08002b44   0x08002b44   0x00000074   Code   RO         7309    i.Dsp_OFF           app_dsp_adau1452.o
    0x08002bb8   0x08002bb8   0x00000038   Code   RO         7310    i.Dsp_ON            app_dsp_adau1452.o
    0x08002bf0   0x08002bf0   0x00000080   Code   RO         7311    i.Dsp_OutPutChl     app_dsp_adau1452.o
    0x08002c70   0x08002c70   0x0000002c   Code   RO         7312    i.Dsp_OutPutChl_Init  app_dsp_adau1452.o
    0x08002c9c   0x08002c9c   0x0000008c   Code   RO         7313    i.Dsp_PowerOnInit   app_dsp_adau1452.o
    0x08002d28   0x08002d28   0x00000024   Code   RO         7314    i.Dsp_ReName        app_dsp_adau1452.o
    0x08002d4c   0x08002d4c   0x00000038   Code   RO         7315    i.Dsp_ReName_Init   app_dsp_adau1452.o
    0x08002d84   0x08002d84   0x00000078   Code   RO         7749    i.Dsp_Single        app_dsp_single_mute.o
    0x08002dfc   0x08002dfc   0x0000015c   Code   RO         7750    i.Dsp_Single_A      app_dsp_single_mute.o
    0x08002f58   0x08002f58   0x00000034   Code   RO         7751    i.Dsp_Single_Init   app_dsp_single_mute.o
    0x08002f8c   0x08002f8c   0x00000034   Code   RO         7833    i.Dsp_Store         app_dspdata_access.o
    0x08002fc0   0x08002fc0   0x00000170   Code   RO         7834    i.Dsp_StoreLoadPro  app_dspdata_access.o
    0x08003130   0x08003130   0x00000018   Code   RO         7835    i.Dsp_Store_Mode_Name  app_dspdata_access.o
    0x08003148   0x08003148   0x00000080   Code   RO         7316    i.Dsp_TestMode      app_dsp_adau1452.o
    0x080031c8   0x080031c8   0x000000ac   Code   RO         7317    i.Dsp_Unite         app_dsp_adau1452.o
    0x08003274   0x08003274   0x000001e4   Code   RO         7318    i.Dsp_Updata        app_dsp_adau1452.o
    0x08003458   0x08003458   0x0000007c   Code   RO         7752    i.Dsp_VolUpdate     app_dsp_single_mute.o
    0x080034d4   0x080034d4   0x000001d8   Code   RO         7530    i.EQ_Algorithm      app_dsp_eq.o
    0x080036ac   0x080036ac   0x00000060   Code   RO          851    i.EXTI9_5_IRQHandler  stm32f1xx_it.o
    0x0800370c   0x0800370c   0x00000016   Code   RO         8436    i.EmergencyPowerDown  app_voltage.o
    0x08003722   0x08003722   0x00000002   PAD
    0x08003724   0x08003724   0x00000090   Code   RO         8168    i.EnterPowerOff     app_power.o
    0x080037b4   0x080037b4   0x00000002   Code   RO         7891    i.Eprom_IO_Init     app_eprom.o
    0x080037b6   0x080037b6   0x00000042   Code   RO         7892    i.Eprom_RD_Data     app_eprom.o
    0x080037f8   0x080037f8   0x00000038   Code   RO         7893    i.Eprom_SE_Data     app_eprom.o
    0x08003830   0x08003830   0x0000002c   Code   RO         7894    i.Eprom_WR_Command  app_eprom.o
    0x0800385c   0x0800385c   0x0000003a   Code   RO         7895    i.Eprom_WR_Data     app_eprom.o
    0x08003896   0x08003896   0x00000008   Code   RO         7896    i.Eprom_WR_Order    app_eprom.o
    0x0800389e   0x0800389e   0x00000002   Code   RO           13    i.Error_Handler     main.o
    0x080038a0   0x080038a0   0x00000016   Code   RO         9560    i.ExchangeTwoVariable_U8  sch_common.o
    0x080038b6   0x080038b6   0x00000002   PAD
    0x080038b8   0x080038b8   0x00000024   Code   RO         2729    i.FLASH_PageErase   stm32f1xx_hal_flash_ex.o
    0x080038dc   0x080038dc   0x0000000c   Code   RO         8701    i.FLASH_Program1LongWord  mw_flash.o
    0x080038e8   0x080038e8   0x0000000c   Code   RO         8702    i.FLASH_Program2LongWords  mw_flash.o
    0x080038f4   0x080038f4   0x0000001c   Code   RO         2621    i.FLASH_Program_HalfWord  stm32f1xx_hal_flash.o
    0x08003910   0x08003910   0x0000005c   Code   RO         2622    i.FLASH_SetErrorCode  stm32f1xx_hal_flash.o
    0x0800396c   0x0800396c   0x00000054   Code   RO         2623    i.FLASH_WaitForLastOperation  stm32f1xx_hal_flash.o
    0x080039c0   0x080039c0   0x00000002   Code   RO         8495    i.FeedDog           bsp.o
    0x080039c2   0x080039c2   0x00000002   PAD
    0x080039c4   0x080039c4   0x00000168   Code   RO         7591    i.Filter_1st_Order_Butterworth  app_dsp_filter.o
    0x08003b2c   0x08003b2c   0x0000019c   Code   RO         7592    i.Filter_2st_Order_Bessel  app_dsp_filter.o
    0x08003cc8   0x08003cc8   0x0000019c   Code   RO         7593    i.Filter_2st_Order_Butterworth  app_dsp_filter.o
    0x08003e64   0x08003e64   0x00000020   Code   RO         7594    i.Filter_Bypassed   app_dsp_filter.o
    0x08003e84   0x08003e84   0x000001d0   Code   RO         7595    i.Filter_Higher_Order_Butterworth  app_dsp_filter.o
    0x08004054   0x08004054   0x000000e8   Code   RO         7899    i.Flash_Dsp_RD      app_eprom.o
    0x0800413c   0x0800413c   0x00000050   Code   RO         7900    i.Flash_Dsp_SE      app_eprom.o
    0x0800418c   0x0800418c   0x00000144   Code   RO         7901    i.Flash_Dsp_WR      app_eprom.o
    0x080042d0   0x080042d0   0x00000020   Code   RO         7319    i.Flash_Get_DspNum  app_dsp_adau1452.o
    0x080042f0   0x080042f0   0x00000092   Code   RO         8705    i.Flash_Program_U8  mw_flash.o
    0x08004382   0x08004382   0x00000002   PAD
    0x08004384   0x08004384   0x00000010   Code   RO         8706    i.Flash_Quick_RD    mw_flash.o
    0x08004394   0x08004394   0x00000024   Code   RO         8707    i.Flash_Quick_RD_U8  mw_flash.o
    0x080043b8   0x080043b8   0x00000024   Code   RO         8709    i.Flash_Quick_WR    mw_flash.o
    0x080043dc   0x080043dc   0x00000028   Code   RO         8710    i.Flash_Quick_WR_U8  mw_flash.o
    0x08004404   0x08004404   0x0000000c   Code   RO         7902    i.Flash_RD_State_Clear  app_eprom.o
    0x08004410   0x08004410   0x00000010   Code   RO         8713    i.Flash_Read        mw_flash.o
    0x08004420   0x08004420   0x00000010   Code   RO         7320    i.Flash_Set_DspNum  app_dsp_adau1452.o
    0x08004430   0x08004430   0x0000000c   Code   RO         7903    i.Flash_WR_State_Clear  app_eprom.o
    0x0800443c   0x0800443c   0x00000018   Code   RO         8717    i.Flash_Write       mw_flash.o
    0x08004454   0x08004454   0x0000001e   Code   RO         8833    i.GPIOInit          mw_gpio.o
    0x08004472   0x08004472   0x00000002   PAD
    0x08004474   0x08004474   0x00000016   Code   RO         9564    i.GetCheckData_Xor  sch_common.o
    0x0800448a   0x0800448a   0x00000002   PAD
    0x0800448c   0x0800448c   0x00000010   Code   RO         9710    i.GetMessage        sch_message.o
    0x0800449c   0x0800449c   0x00000008   Code   RO         9566    i.GetMin            sch_common.o
    0x080044a4   0x080044a4   0x0000001a   Code   RO         7225    i.Get_Uart_Choose   app_connect.o
    0x080044be   0x080044be   0x00000002   PAD
    0x080044c0   0x080044c0   0x000000c8   Code   RO         3061    i.HAL_ADCEx_Calibration_Start  stm32f1xx_hal_adc_ex.o
    0x08004588   0x08004588   0x00000002   Code   RO         3063    i.HAL_ADCEx_InjectedConvCpltCallback  stm32f1xx_hal_adc_ex.o
    0x0800458a   0x0800458a   0x00000002   PAD
    0x0800458c   0x0800458c   0x000000fc   Code   RO         2887    i.HAL_ADC_ConfigChannel  stm32f1xx_hal_adc.o
    0x08004688   0x08004688   0x00000002   Code   RO         2888    i.HAL_ADC_ConvCpltCallback  stm32f1xx_hal_adc.o
    0x0800468a   0x0800468a   0x00000002   Code   RO         2889    i.HAL_ADC_ConvHalfCpltCallback  stm32f1xx_hal_adc.o
    0x0800468c   0x0800468c   0x00000002   Code   RO         2891    i.HAL_ADC_ErrorCallback  stm32f1xx_hal_adc.o
    0x0800468e   0x0800468e   0x000000e6   Code   RO         2895    i.HAL_ADC_IRQHandler  stm32f1xx_hal_adc.o
    0x08004774   0x08004774   0x00000120   Code   RO         2896    i.HAL_ADC_Init      stm32f1xx_hal_adc.o
    0x08004894   0x08004894   0x00000002   Code   RO         2897    i.HAL_ADC_LevelOutOfWindowCallback  stm32f1xx_hal_adc.o
    0x08004896   0x08004896   0x00000002   PAD
    0x08004898   0x08004898   0x000000a0   Code   RO          568    i.HAL_ADC_MspInit   adc.o
    0x08004938   0x08004938   0x0000010c   Code   RO         2903    i.HAL_ADC_Start_DMA  stm32f1xx_hal_adc.o
    0x08004a44   0x08004a44   0x00000130   Code   RO         2286    i.HAL_DMA_Abort_IT  stm32f1xx_hal_dma.o
    0x08004b74   0x08004b74   0x00000248   Code   RO         2290    i.HAL_DMA_IRQHandler  stm32f1xx_hal_dma.o
    0x08004dbc   0x08004dbc   0x0000007c   Code   RO         2291    i.HAL_DMA_Init      stm32f1xx_hal_dma.o
    0x08004e38   0x08004e38   0x00000070   Code   RO         2295    i.HAL_DMA_Start_IT  stm32f1xx_hal_dma.o
    0x08004ea8   0x08004ea8   0x00000080   Code   RO         2632    i.HAL_FLASH_Program  stm32f1xx_hal_flash.o
    0x08004f28   0x08004f28   0x00000002   Code   RO         2219    i.HAL_GPIO_EXTI_Callback  stm32f1xx_hal_gpio.o
    0x08004f2a   0x08004f2a   0x00000002   PAD
    0x08004f2c   0x08004f2c   0x00000018   Code   RO         2220    i.HAL_GPIO_EXTI_IRQHandler  stm32f1xx_hal_gpio.o
    0x08004f44   0x08004f44   0x000001f8   Code   RO         2221    i.HAL_GPIO_Init     stm32f1xx_hal_gpio.o
    0x0800513c   0x0800513c   0x0000000a   Code   RO         2223    i.HAL_GPIO_ReadPin  stm32f1xx_hal_gpio.o
    0x08005146   0x08005146   0x0000000a   Code   RO         2225    i.HAL_GPIO_WritePin  stm32f1xx_hal_gpio.o
    0x08005150   0x08005150   0x0000000c   Code   RO         1917    i.HAL_GetTick       stm32f1xx_hal.o
    0x0800515c   0x0800515c   0x00000010   Code   RO         1923    i.HAL_IncTick       stm32f1xx_hal.o
    0x0800516c   0x0800516c   0x00000024   Code   RO         1924    i.HAL_Init          stm32f1xx_hal.o
    0x08005190   0x08005190   0x00000074   Code   RO          986    i.HAL_InitTick      stm32f1xx_hal_timebase_tim.o
    0x08005204   0x08005204   0x00000048   Code   RO          962    i.HAL_MspInit       stm32f1xx_hal_msp.o
    0x0800524c   0x0800524c   0x0000001a   Code   RO         2381    i.HAL_NVIC_EnableIRQ  stm32f1xx_hal_cortex.o
    0x08005266   0x08005266   0x00000002   PAD
    0x08005268   0x08005268   0x00000040   Code   RO         2387    i.HAL_NVIC_SetPriority  stm32f1xx_hal_cortex.o
    0x080052a8   0x080052a8   0x00000024   Code   RO         2388    i.HAL_NVIC_SetPriorityGrouping  stm32f1xx_hal_cortex.o
    0x080052cc   0x080052cc   0x00000034   Code   RO         1669    i.HAL_PCDEx_PMAConfig  stm32f1xx_hal_pcd_ex.o
    0x08005300   0x08005300   0x00000002   Code   RO         1201    i.HAL_PCDEx_SetConnectionState  usbd_conf.o
    0x08005302   0x08005302   0x0000000e   Code   RO         1203    i.HAL_PCD_DataInStageCallback  usbd_conf.o
    0x08005310   0x08005310   0x00000010   Code   RO         1204    i.HAL_PCD_DataOutStageCallback  usbd_conf.o
    0x08005320   0x08005320   0x00000048   Code   RO         1461    i.HAL_PCD_EP_Close  stm32f1xx_hal_pcd.o
    0x08005368   0x08005368   0x00000058   Code   RO         1462    i.HAL_PCD_EP_ClrStall  stm32f1xx_hal_pcd.o
    0x080053c0   0x080053c0   0x0000005c   Code   RO         1465    i.HAL_PCD_EP_Open   stm32f1xx_hal_pcd.o
    0x0800541c   0x0800541c   0x0000002e   Code   RO         1466    i.HAL_PCD_EP_Receive  stm32f1xx_hal_pcd.o
    0x0800544a   0x0800544a   0x0000006a   Code   RO         1467    i.HAL_PCD_EP_SetStall  stm32f1xx_hal_pcd.o
    0x080054b4   0x080054b4   0x0000002a   Code   RO         1468    i.HAL_PCD_EP_Transmit  stm32f1xx_hal_pcd.o
    0x080054de   0x080054de   0x00000116   Code   RO         1470    i.HAL_PCD_IRQHandler  stm32f1xx_hal_pcd.o
    0x080055f4   0x080055f4   0x000000d2   Code   RO         1473    i.HAL_PCD_Init      stm32f1xx_hal_pcd.o
    0x080056c6   0x080056c6   0x00000002   PAD
    0x080056c8   0x080056c8   0x0000004c   Code   RO         1209    i.HAL_PCD_MspInit   usbd_conf.o
    0x08005714   0x08005714   0x00000026   Code   RO         1210    i.HAL_PCD_ResetCallback  usbd_conf.o
    0x0800573a   0x0800573a   0x00000008   Code   RO         1211    i.HAL_PCD_ResumeCallback  usbd_conf.o
    0x08005742   0x08005742   0x00000008   Code   RO         1212    i.HAL_PCD_SOFCallback  usbd_conf.o
    0x0800574a   0x0800574a   0x00000028   Code   RO         1479    i.HAL_PCD_SetAddress  stm32f1xx_hal_pcd.o
    0x08005772   0x08005772   0x0000000e   Code   RO         1213    i.HAL_PCD_SetupStageCallback  usbd_conf.o
    0x08005780   0x08005780   0x00000032   Code   RO         1481    i.HAL_PCD_Start     stm32f1xx_hal_pcd.o
    0x080057b2   0x080057b2   0x00000002   PAD
    0x080057b4   0x080057b4   0x00000024   Code   RO         1214    i.HAL_PCD_SuspendCallback  usbd_conf.o
    0x080057d8   0x080057d8   0x0000000c   Code   RO         2503    i.HAL_PWR_EnableBkUpAccess  stm32f1xx_hal_pwr.o
    0x080057e4   0x080057e4   0x000000d4   Code   RO         2183    i.HAL_RCCEx_GetPeriphCLKFreq  stm32f1xx_hal_rcc_ex.o
    0x080058b8   0x080058b8   0x000000ec   Code   RO         2184    i.HAL_RCCEx_PeriphCLKConfig  stm32f1xx_hal_rcc_ex.o
    0x080059a4   0x080059a4   0x0000012c   Code   RO         2081    i.HAL_RCC_ClockConfig  stm32f1xx_hal_rcc.o
    0x08005ad0   0x08005ad0   0x00000040   Code   RO         2085    i.HAL_RCC_GetClockConfig  stm32f1xx_hal_rcc.o
    0x08005b10   0x08005b10   0x00000020   Code   RO         2088    i.HAL_RCC_GetPCLK1Freq  stm32f1xx_hal_rcc.o
    0x08005b30   0x08005b30   0x00000020   Code   RO         2089    i.HAL_RCC_GetPCLK2Freq  stm32f1xx_hal_rcc.o
    0x08005b50   0x08005b50   0x0000006c   Code   RO         2090    i.HAL_RCC_GetSysClockFreq  stm32f1xx_hal_rcc.o
    0x08005bbc   0x08005bbc   0x00000320   Code   RO         2093    i.HAL_RCC_OscConfig  stm32f1xx_hal_rcc.o
    0x08005edc   0x08005edc   0x000000d8   Code   RO         3164    i.HAL_RTC_GetTime   stm32f1xx_hal_rtc.o
    0x08005fb4   0x08005fb4   0x000000a0   Code   RO         3165    i.HAL_RTC_Init      stm32f1xx_hal_rtc.o
    0x08006054   0x08006054   0x00000034   Code   RO          634    i.HAL_RTC_MspInit   rtc.o
    0x08006088   0x08006088   0x000000e8   Code   RO         3170    i.HAL_RTC_SetAlarm_IT  stm32f1xx_hal_rtc.o
    0x08006170   0x08006170   0x000000c4   Code   RO         3171    i.HAL_RTC_SetDate   stm32f1xx_hal_rtc.o
    0x08006234   0x08006234   0x000000ac   Code   RO         3172    i.HAL_RTC_SetTime   stm32f1xx_hal_rtc.o
    0x080062e0   0x080062e0   0x0000003a   Code   RO         3173    i.HAL_RTC_WaitForSynchro  stm32f1xx_hal_rtc.o
    0x0800631a   0x0800631a   0x0000007c   Code   RO         3440    i.HAL_SPI_Init      stm32f1xx_hal_spi.o
    0x08006396   0x08006396   0x00000002   PAD
    0x08006398   0x08006398   0x000000f4   Code   RO          676    i.HAL_SPI_MspInit   spi.o
    0x0800648c   0x0800648c   0x000001e2   Code   RO         3449    i.HAL_SPI_TransmitReceive  stm32f1xx_hal_spi.o
    0x0800666e   0x0800666e   0x00000002   Code   RO         4428    i.HAL_TIMEx_BreakCallback  stm32f1xx_hal_tim_ex.o
    0x08006670   0x08006670   0x00000002   Code   RO         4429    i.HAL_TIMEx_CommutCallback  stm32f1xx_hal_tim_ex.o
    0x08006672   0x08006672   0x00000042   Code   RO         4446    i.HAL_TIMEx_MasterConfigSynchronization  stm32f1xx_hal_tim_ex.o
    0x080066b4   0x080066b4   0x00000036   Code   RO         3753    i.HAL_TIM_Base_Init  stm32f1xx_hal_tim.o
    0x080066ea   0x080066ea   0x00000002   PAD
    0x080066ec   0x080066ec   0x0000003c   Code   RO          730    i.HAL_TIM_Base_MspInit  tim.o
    0x08006728   0x08006728   0x00000022   Code   RO         3758    i.HAL_TIM_Base_Start_IT  stm32f1xx_hal_tim.o
    0x0800674a   0x0800674a   0x000000d6   Code   RO         3762    i.HAL_TIM_ConfigClockSource  stm32f1xx_hal_tim.o
    0x08006820   0x08006820   0x00000002   Code   RO         3782    i.HAL_TIM_IC_CaptureCallback  stm32f1xx_hal_tim.o
    0x08006822   0x08006822   0x00000166   Code   RO         3796    i.HAL_TIM_IRQHandler  stm32f1xx_hal_tim.o
    0x08006988   0x08006988   0x00000002   Code   RO         3799    i.HAL_TIM_OC_DelayElapsedCallback  stm32f1xx_hal_tim.o
    0x0800698a   0x0800698a   0x00000002   Code   RO         3826    i.HAL_TIM_PWM_PulseFinishedCallback  stm32f1xx_hal_tim.o
    0x0800698c   0x0800698c   0x00000014   Code   RO           15    i.HAL_TIM_PeriodElapsedCallback  main.o
    0x080069a0   0x080069a0   0x00000002   Code   RO         3839    i.HAL_TIM_TriggerCallback  stm32f1xx_hal_tim.o
    0x080069a2   0x080069a2   0x00000002   Code   RO         4700    i.HAL_UART_ErrorCallback  stm32f1xx_hal_uart.o
    0x080069a4   0x080069a4   0x0000000a   Code   RO         4702    i.HAL_UART_GetState  stm32f1xx_hal_uart.o
    0x080069ae   0x080069ae   0x00000002   PAD
    0x080069b0   0x080069b0   0x00000110   Code   RO         4703    i.HAL_UART_IRQHandler  stm32f1xx_hal_uart.o
    0x08006ac0   0x08006ac0   0x00000062   Code   RO         4704    i.HAL_UART_Init     stm32f1xx_hal_uart.o
    0x08006b22   0x08006b22   0x00000002   PAD
    0x08006b24   0x08006b24   0x000000d8   Code   RO          773    i.HAL_UART_MspInit  usart.o
    0x08006bfc   0x08006bfc   0x00000052   Code   RO         4709    i.HAL_UART_Receive_IT  stm32f1xx_hal_uart.o
    0x08006c4e   0x08006c4e   0x00000002   PAD
    0x08006c50   0x08006c50   0x00000044   Code   RO           16    i.HAL_UART_RxCpltCallback  main.o
    0x08006c94   0x08006c94   0x000000ba   Code   RO         4712    i.HAL_UART_Transmit  stm32f1xx_hal_uart.o
    0x08006d4e   0x08006d4e   0x0000003e   Code   RO         4714    i.HAL_UART_Transmit_IT  stm32f1xx_hal_uart.o
    0x08006d8c   0x08006d8c   0x00000002   Code   RO         4715    i.HAL_UART_TxCpltCallback  stm32f1xx_hal_uart.o
    0x08006d8e   0x08006d8e   0x00000002   Code   RO          852    i.HardFault_Handler  stm32f1xx_it.o
    0x08006d90   0x08006d90   0x00000018   Code   RO         8169    i.Hardware_Ver_Pro  app_power.o
    0x08006da8   0x08006da8   0x000000a4   Code   RO         8907    i.I2C0Out8Bit       mw_i2c.o
    0x08006e4c   0x08006e4c   0x00000058   Code   RO         8908    i.I2C0Start         mw_i2c.o
    0x08006ea4   0x08006ea4   0x00000084   Code   RO         8909    i.I2C0Stop          mw_i2c.o
    0x08006f28   0x08006f28   0x0000003c   Code   RO         8910    i.I2C0_IsFindAddr   mw_i2c.o
    0x08006f64   0x08006f64   0x00000094   Code   RO         8913    i.I2C0_Tx           mw_i2c.o
    0x08006ff8   0x08006ff8   0x000000a4   Code   RO         8919    i.I2C1Out8Bit       mw_i2c.o
    0x0800709c   0x0800709c   0x00000058   Code   RO         8920    i.I2C1Start         mw_i2c.o
    0x080070f4   0x080070f4   0x00000084   Code   RO         8921    i.I2C1Stop          mw_i2c.o
    0x08007178   0x08007178   0x00000058   Code   RO         8925    i.I2C1_Tx           mw_i2c.o
    0x080071d0   0x080071d0   0x0000000e   Code   RO         8927    i.I2CWait           mw_i2c.o
    0x080071de   0x080071de   0x00000030   Code   RO         8390    i.IAP_Pro           app_updata.o
    0x0800720e   0x0800720e   0x00000002   PAD
    0x08007210   0x08007210   0x0000000c   Code   RO         8391    i.In_IapMode        app_updata.o
    0x0800721c   0x0800721c   0x00000038   Code   RO         1064    i.IntToUnicode      usbd_desc.o
    0x08007254   0x08007254   0x00000030   Code   RO         7151    i.Is_PASSWORD       app_bt.o
    0x08007284   0x08007284   0x00000002   Code   RO         8005    i.LED_IO_Init       app_led.o
    0x08007286   0x08007286   0x0000000e   Code   RO         9571    i.LimitMaxMin       sch_common.o
    0x08007294   0x08007294   0x00000598   Code   RO         7152    i.M2B_TxService     app_bt.o
    0x0800782c   0x0800782c   0x00000002   Code   RO         8128    i.MUTE_IO_Init      app_mute.o
    0x0800782e   0x0800782e   0x00000002   PAD
    0x08007830   0x08007830   0x00000068   Code   RO          569    i.MX_ADC1_Init      adc.o
    0x08007898   0x08007898   0x000000d8   Code   RO          455    i.MX_FREERTOS_Init  freertos.o
    0x08007970   0x08007970   0x00000248   Code   RO          431    i.MX_GPIO_Init      gpio.o
    0x08007bb8   0x08007bb8   0x00000068   Code   RO          635    i.MX_RTC_Init       rtc.o
    0x08007c20   0x08007c20   0x00000048   Code   RO          677    i.MX_SPI1_Init      spi.o
    0x08007c68   0x08007c68   0x00000048   Code   RO          678    i.MX_SPI2_Init      spi.o
    0x08007cb0   0x08007cb0   0x00000048   Code   RO          679    i.MX_SPI3_Init      spi.o
    0x08007cf8   0x08007cf8   0x00000064   Code   RO          731    i.MX_TIM5_Init      tim.o
    0x08007d5c   0x08007d5c   0x00000038   Code   RO          774    i.MX_USART1_UART_Init  usart.o
    0x08007d94   0x08007d94   0x00000038   Code   RO          775    i.MX_USART2_UART_Init  usart.o
    0x08007dcc   0x08007dcc   0x00000054   Code   RO         1025    i.MX_USB_DEVICE_Init  usb_device.o
    0x08007e20   0x08007e20   0x00000002   Code   RO          853    i.MemManage_Handler  stm32f1xx_it.o
    0x08007e22   0x08007e22   0x00000002   Code   RO          854    i.NMI_Handler       stm32f1xx_it.o
    0x08007e24   0x08007e24   0x000002c2   Code   RO         1484    i.PCD_EP_ISR_Handler  stm32f1xx_hal_pcd.o
    0x080080e6   0x080080e6   0x00000002   PAD
    0x080080e8   0x080080e8   0x00000030   Code   RO         9712    i.PostMessage       sch_message.o
    0x08008118   0x08008118   0x00000088   Code   RO         8170    i.PowerMessage      app_power.o
    0x080081a0   0x080081a0   0x0000002c   Code   RO         8171    i.PowerOffSystemModule  app_power.o
    0x080081cc   0x080081cc   0x0000004c   Code   RO         8172    i.PowerOnSystemModule  app_power.o
    0x08008218   0x08008218   0x0000000c   Code   RO          456    i.PrintfTask        freertos.o
    0x08008224   0x08008224   0x00000004   Code   RO         9778    i.Queue_Cnt         sch_queue.o
    0x08008228   0x08008228   0x00000074   Code   RO         9779    i.Queue_In          sch_queue.o
    0x0800829c   0x0800829c   0x00000018   Code   RO         9780    i.Queue_Init        sch_queue.o
    0x080082b4   0x080082b4   0x00000070   Code   RO         9784    i.Queue_Out         sch_queue.o
    0x08008324   0x08008324   0x00000012   Code   RO         3174    i.RTC_Bcd2ToByte    stm32f1xx_hal_rtc.o
    0x08008336   0x08008336   0x00000016   Code   RO         3175    i.RTC_ByteToBcd2    stm32f1xx_hal_rtc.o
    0x0800834c   0x0800834c   0x000000ae   Code   RO         3176    i.RTC_DateUpdate    stm32f1xx_hal_rtc.o
    0x080083fa   0x080083fa   0x00000034   Code   RO         3177    i.RTC_EnterInitMode  stm32f1xx_hal_rtc.o
    0x0800842e   0x0800842e   0x00000002   PAD
    0x08008430   0x08008430   0x00000036   Code   RO         3178    i.RTC_ExitInitMode  stm32f1xx_hal_rtc.o
    0x08008466   0x08008466   0x0000000e   Code   RO         3179    i.RTC_ReadAlarmCounter  stm32f1xx_hal_rtc.o
    0x08008474   0x08008474   0x00000020   Code   RO         3180    i.RTC_ReadTimeCounter  stm32f1xx_hal_rtc.o
    0x08008494   0x08008494   0x00000056   Code   RO         3181    i.RTC_WeekDayNum    stm32f1xx_hal_rtc.o
    0x080084ea   0x080084ea   0x00000028   Code   RO         3182    i.RTC_WriteAlarmCounter  stm32f1xx_hal_rtc.o
    0x08008512   0x08008512   0x00000028   Code   RO         3183    i.RTC_WriteTimeCounter  stm32f1xx_hal_rtc.o
    0x0800853a   0x0800853a   0x00000012   Code   RO         8835    i.SCH_GPIO_PinInit  mw_gpio.o
    0x0800854c   0x0800854c   0x0000001e   Code   RO         7322    i.SIGMASTUDIOTYPE   app_dsp_adau1452.o
    0x0800856a   0x0800856a   0x00000074   Code   RO         7470    i.SIGMA_SAFELOAD_WRITE_REGISTER  app_dsp_driver.o
    0x080085de   0x080085de   0x00000002   PAD
    0x080085e0   0x080085e0   0x000000e8   Code   RO         7471    i.SIGMA_WRITE       app_dsp_driver.o
    0x080086c8   0x080086c8   0x000000ec   Code   RO         7472    i.SIGMA_WRITE_DELAY  app_dsp_driver.o
    0x080087b4   0x080087b4   0x00000100   Code   RO         7473    i.SIGMA_WRITE_REGISTER_BLOCK  app_dsp_driver.o
    0x080088b4   0x080088b4   0x00000002   Code   RO         8603    i.SPI1_IRQHandler   interrupt.o
    0x080088b6   0x080088b6   0x00000020   Code   RO         3478    i.SPI_EndRxTxTransaction  stm32f1xx_hal_spi.o
    0x080088d6   0x080088d6   0x00000002   PAD
    0x080088d8   0x080088d8   0x00000028   Code   RO         9142    i.SPI_RW            mw_spi.o
    0x08008900   0x08008900   0x00000094   Code   RO         3483    i.SPI_WaitFlagStateUntilTimeout  stm32f1xx_hal_spi.o
    0x08008994   0x08008994   0x00000038   Code   RO         8836    i.SYS_Power_Ctl     mw_gpio.o
    0x080089cc   0x080089cc   0x0000000a   Code   RO         7153    i.Set_PASSWORD      app_bt.o
    0x080089d6   0x080089d6   0x00000008   Code   RO         7226    i.Set_Uart_Choose   app_connect.o
    0x080089de   0x080089de   0x00000002   PAD
    0x080089e0   0x080089e0   0x00000050   Code   RO          457    i.StartDefaultTask  freertos.o
    0x08008a30   0x08008a30   0x00000040   Code   RO          458    i.StartTask03       freertos.o
    0x08008a70   0x08008a70   0x0000000c   Code   RO          459    i.StartTask_100ms_Pro  freertos.o
    0x08008a7c   0x08008a7c   0x0000000c   Code   RO          460    i.StartTask_16ms_Pro  freertos.o
    0x08008a88   0x08008a88   0x0000000c   Code   RO          461    i.StartTask_4ms_Pro  freertos.o
    0x08008a94   0x08008a94   0x0000000c   Code   RO          462    i.StartTask_8ms_Pro  freertos.o
    0x08008aa0   0x08008aa0   0x0000005c   Code   RO         8237    i.Start_Detect      app_start.o
    0x08008afc   0x08008afc   0x0000000e   Code   RO         8238    i.Start_IO_Init     app_start.o
    0x08008b0a   0x08008b0a   0x00000002   PAD
    0x08008b0c   0x08008b0c   0x00000020   Code   RO         9432    i.SysDataInit       system.o
    0x08008b2c   0x08008b2c   0x00000002   Code   RO         8718    i.SysFlashInit      mw_flash.o
    0x08008b2e   0x08008b2e   0x00000012   Code   RO           18    i.SysSoftware_Init  main.o
    0x08008b40   0x08008b40   0x00000010   Code   RO         9157    i.SysSpiExit        mw_spi.o
    0x08008b50   0x08008b50   0x0000002c   Code   RO         6598    i.SysTick_Handler   port.o
    0x08008b7c   0x08008b7c   0x00000016   Code   RO         9299    i.SysUartExit       mw_uart.o
    0x08008b92   0x08008b92   0x00000028   Code   RO         9300    i.SysUartInit       mw_uart.o
    0x08008bba   0x08008bba   0x00000026   Code   RO         9574    i.SysWait1Us        sch_common.o
    0x08008be0   0x08008be0   0x00000016   Code   RO         9575    i.SysWaitMs         sch_common.o
    0x08008bf6   0x08008bf6   0x00000002   PAD
    0x08008bf8   0x08008bf8   0x00000012   Code   RO         9576    i.SysWaitUs         sch_common.o
    0x08008c0a   0x08008c0a   0x00000002   PAD
    0x08008c0c   0x08008c0c   0x00000054   Code   RO         8049    i.SysWakeUp_SetAlarm  app_lowpower.o
    0x08008c60   0x08008c60   0x00000070   Code   RO           19    i.SystemClock_Config  main.o
    0x08008cd0   0x08008cd0   0x00000048   Code   RO         5006    i.SystemInit        system_stm32f1xx.o
    0x08008d18   0x08008d18   0x00000074   Code   RO         8173    i.SystemPowerUp     app_power.o
    0x08008d8c   0x08008d8c   0x00000068   Code   RO         7074    i.TASK_Amp_Pro      app_amp.o
    0x08008df4   0x08008df4   0x000000c4   Code   RO         7154    i.TASK_Bt_Pro       app_bt.o
    0x08008eb8   0x08008eb8   0x00000016   Code   RO         7323    i.TASK_Dsp_Pro      app_dsp_adau1452.o
    0x08008ece   0x08008ece   0x00000002   PAD
    0x08008ed0   0x08008ed0   0x000001c4   Code   RO         8174    i.TASK_Power_Pro    app_power.o
    0x08009094   0x08009094   0x00000088   Code   RO         8437    i.TASK_Voltage_Det  app_voltage.o
    0x0800911c   0x0800911c   0x00000038   Code   RO         8346    i.TDF8541Init       app_tdf8541.o
    0x08009154   0x08009154   0x00000068   Code   RO         8347    i.TDF8541_AmpMute   app_tdf8541.o
    0x080091bc   0x080091bc   0x0000000c   Code   RO          855    i.TIM1_UP_IRQHandler  stm32f1xx_it.o
    0x080091c8   0x080091c8   0x0000001c   Code   RO          856    i.TIM5_IRQHandler   stm32f1xx_it.o
    0x080091e4   0x080091e4   0x0000008c   Code   RO         3841    i.TIM_Base_SetConfig  stm32f1xx_hal_tim.o
    0x08009270   0x08009270   0x00000014   Code   RO         3852    i.TIM_ETR_SetConfig  stm32f1xx_hal_tim.o
    0x08009284   0x08009284   0x00000010   Code   RO         3853    i.TIM_ITRx_SetConfig  stm32f1xx_hal_tim.o
    0x08009294   0x08009294   0x00000022   Code   RO         3859    i.TIM_TI1_ConfigInputStage  stm32f1xx_hal_tim.o
    0x080092b6   0x080092b6   0x00000024   Code   RO         3861    i.TIM_TI2_ConfigInputStage  stm32f1xx_hal_tim.o
    0x080092da   0x080092da   0x00000002   PAD
    0x080092dc   0x080092dc   0x00000020   Code   RO         8290    i.Task_100ms_Pro    app_task.o
    0x080092fc   0x080092fc   0x00000004   Code   RO         8291    i.Task_16ms_Pro     app_task.o
    0x08009300   0x08009300   0x00000004   Code   RO         8294    i.Task_4ms_Pro      app_task.o
    0x08009304   0x08009304   0x00000012   Code   RO         8295    i.Task_8ms_Pro      app_task.o
    0x08009316   0x08009316   0x00000010   Code   RO         4717    i.UART_DMAAbortOnError  stm32f1xx_hal_uart.o
    0x08009326   0x08009326   0x0000001c   Code   RO         4727    i.UART_EndRxTransfer  stm32f1xx_hal_uart.o
    0x08009342   0x08009342   0x00000096   Code   RO         4729    i.UART_Receive_IT   stm32f1xx_hal_uart.o
    0x080093d8   0x080093d8   0x000000b8   Code   RO         4730    i.UART_SetConfig    stm32f1xx_hal_uart.o
    0x08009490   0x08009490   0x00000062   Code   RO         4731    i.UART_Transmit_IT  stm32f1xx_hal_uart.o
    0x080094f2   0x080094f2   0x00000064   Code   RO         4732    i.UART_WaitOnFlagUntilTimeout  stm32f1xx_hal_uart.o
    0x08009556   0x08009556   0x00000002   PAD
    0x08009558   0x08009558   0x0000000c   Code   RO          857    i.USART1_IRQHandler  stm32f1xx_it.o
    0x08009564   0x08009564   0x0000000c   Code   RO          858    i.USART2_IRQHandler  stm32f1xx_it.o
    0x08009570   0x08009570   0x0000000e   Code   RO         6940    i.USBD_CUSTOM_HID_DataIn  usbd_customhid.o
    0x0800957e   0x0800957e   0x00000024   Code   RO         6941    i.USBD_CUSTOM_HID_DataOut  usbd_customhid.o
    0x080095a2   0x080095a2   0x00000038   Code   RO         6942    i.USBD_CUSTOM_HID_DeInit  usbd_customhid.o
    0x080095da   0x080095da   0x00000022   Code   RO         6943    i.USBD_CUSTOM_HID_EP0_RxReady  usbd_customhid.o
    0x080095fc   0x080095fc   0x0000000c   Code   RO         6944    i.USBD_CUSTOM_HID_GetDeviceQualifierDesc  usbd_customhid.o
    0x08009608   0x08009608   0x0000000c   Code   RO         6945    i.USBD_CUSTOM_HID_GetFSCfgDesc  usbd_customhid.o
    0x08009614   0x08009614   0x0000000c   Code   RO         6946    i.USBD_CUSTOM_HID_GetHSCfgDesc  usbd_customhid.o
    0x08009620   0x08009620   0x0000000c   Code   RO         6947    i.USBD_CUSTOM_HID_GetOtherSpeedCfgDesc  usbd_customhid.o
    0x0800962c   0x0800962c   0x00000054   Code   RO         6948    i.USBD_CUSTOM_HID_Init  usbd_customhid.o
    0x08009680   0x08009680   0x00000010   Code   RO         6949    i.USBD_CUSTOM_HID_RegisterInterface  usbd_customhid.o
    0x08009690   0x08009690   0x0000002c   Code   RO         6950    i.USBD_CUSTOM_HID_SendReport  usbd_customhid.o
    0x080096bc   0x080096bc   0x000000e0   Code   RO         6951    i.USBD_CUSTOM_HID_Setup  usbd_customhid.o
    0x0800979c   0x0800979c   0x0000000e   Code   RO         6677    i.USBD_ClrClassConfig  usbd_core.o
    0x080097aa   0x080097aa   0x00000010   Code   RO         6880    i.USBD_CtlContinueRx  usbd_ioreq.o
    0x080097ba   0x080097ba   0x00000010   Code   RO         6881    i.USBD_CtlContinueSendData  usbd_ioreq.o
    0x080097ca   0x080097ca   0x00000016   Code   RO         6815    i.USBD_CtlError     usbd_ctlreq.o
    0x080097e0   0x080097e0   0x0000001e   Code   RO         6882    i.USBD_CtlPrepareRx  usbd_ioreq.o
    0x080097fe   0x080097fe   0x00000016   Code   RO         6883    i.USBD_CtlReceiveStatus  usbd_ioreq.o
    0x08009814   0x08009814   0x0000001a   Code   RO         6884    i.USBD_CtlSendData  usbd_ioreq.o
    0x0800982e   0x0800982e   0x00000016   Code   RO         6885    i.USBD_CtlSendStatus  usbd_ioreq.o
    0x08009844   0x08009844   0x00000028   Code   RO         1065    i.USBD_FS_ConfigStrDescriptor  usbd_desc.o
    0x0800986c   0x0800986c   0x0000000c   Code   RO         1066    i.USBD_FS_DeviceDescriptor  usbd_desc.o
    0x08009878   0x08009878   0x0000002c   Code   RO         1067    i.USBD_FS_InterfaceStrDescriptor  usbd_desc.o
    0x080098a4   0x080098a4   0x0000000c   Code   RO         1068    i.USBD_FS_LangIDStrDescriptor  usbd_desc.o
    0x080098b0   0x080098b0   0x00000028   Code   RO         1069    i.USBD_FS_ManufacturerStrDescriptor  usbd_desc.o
    0x080098d8   0x080098d8   0x00000034   Code   RO         1070    i.USBD_FS_ProductStrDescriptor  usbd_desc.o
    0x0800990c   0x0800990c   0x00000038   Code   RO         1071    i.USBD_FS_SerialStrDescriptor  usbd_desc.o
    0x08009944   0x08009944   0x000000e8   Code   RO         6816    i.USBD_GetDescriptor  usbd_ctlreq.o
    0x08009a2c   0x08009a2c   0x00000048   Code   RO         6817    i.USBD_GetString    usbd_ctlreq.o
    0x08009a74   0x08009a74   0x00000018   Code   RO         1215    i.USBD_Get_USB_Status  usbd_conf.o
    0x08009a8c   0x08009a8c   0x0000002a   Code   RO         6679    i.USBD_Init         usbd_core.o
    0x08009ab6   0x08009ab6   0x00000012   Code   RO         1216    i.USBD_LL_ClearStallEP  usbd_conf.o
    0x08009ac8   0x08009ac8   0x00000012   Code   RO         1217    i.USBD_LL_CloseEP   usbd_conf.o
    0x08009ada   0x08009ada   0x000000c6   Code   RO         6680    i.USBD_LL_DataInStage  usbd_core.o
    0x08009ba0   0x08009ba0   0x00000082   Code   RO         6681    i.USBD_LL_DataOutStage  usbd_core.o
    0x08009c22   0x08009c22   0x00000002   PAD
    0x08009c24   0x08009c24   0x00000070   Code   RO         1222    i.USBD_LL_Init      usbd_conf.o
    0x08009c94   0x08009c94   0x0000001c   Code   RO         1223    i.USBD_LL_IsStallEP  usbd_conf.o
    0x08009cb0   0x08009cb0   0x00000018   Code   RO         1224    i.USBD_LL_OpenEP    usbd_conf.o
    0x08009cc8   0x08009cc8   0x00000012   Code   RO         1225    i.USBD_LL_PrepareReceive  usbd_conf.o
    0x08009cda   0x08009cda   0x00000050   Code   RO         6686    i.USBD_LL_Reset     usbd_core.o
    0x08009d2a   0x08009d2a   0x00000014   Code   RO         6687    i.USBD_LL_Resume    usbd_core.o
    0x08009d3e   0x08009d3e   0x00000018   Code   RO         6688    i.USBD_LL_SOF       usbd_core.o
    0x08009d56   0x08009d56   0x00000006   Code   RO         6689    i.USBD_LL_SetSpeed  usbd_core.o
    0x08009d5c   0x08009d5c   0x00000012   Code   RO         1226    i.USBD_LL_SetUSBAddress  usbd_conf.o
    0x08009d6e   0x08009d6e   0x0000005a   Code   RO         6690    i.USBD_LL_SetupStage  usbd_core.o
    0x08009dc8   0x08009dc8   0x00000012   Code   RO         1227    i.USBD_LL_StallEP   usbd_conf.o
    0x08009dda   0x08009dda   0x00000012   Code   RO         1228    i.USBD_LL_Start     usbd_conf.o
    0x08009dec   0x08009dec   0x00000012   Code   RO         6691    i.USBD_LL_Suspend   usbd_core.o
    0x08009dfe   0x08009dfe   0x00000012   Code   RO         1230    i.USBD_LL_Transmit  usbd_conf.o
    0x08009e10   0x08009e10   0x00000028   Code   RO         6818    i.USBD_ParseSetupRequest  usbd_ctlreq.o
    0x08009e38   0x08009e38   0x00000010   Code   RO         6692    i.USBD_RegisterClass  usbd_core.o
    0x08009e48   0x08009e48   0x00000016   Code   RO         6694    i.USBD_SetClassConfig  usbd_core.o
    0x08009e5e   0x08009e5e   0x00000002   PAD
    0x08009e60   0x08009e60   0x00000084   Code   RO         6819    i.USBD_SetConfig    usbd_ctlreq.o
    0x08009ee4   0x08009ee4   0x0000000a   Code   RO         6695    i.USBD_Start        usbd_core.o
    0x08009eee   0x08009eee   0x00000112   Code   RO         6820    i.USBD_StdDevReq    usbd_ctlreq.o
    0x0800a000   0x0800a000   0x00000150   Code   RO         6821    i.USBD_StdEPReq     usbd_ctlreq.o
    0x0800a150   0x0800a150   0x0000004e   Code   RO         6822    i.USBD_StdItfReq    usbd_ctlreq.o
    0x0800a19e   0x0800a19e   0x00000002   Code   RO         1231    i.USBD_static_free  usbd_conf.o
    0x0800a1a0   0x0800a1a0   0x00000008   Code   RO         1232    i.USBD_static_malloc  usbd_conf.o
    0x0800a1a8   0x0800a1a8   0x00000266   Code   RO         1709    i.USB_ActivateEndpoint  stm32f1xx_ll_usb.o
    0x0800a40e   0x0800a40e   0x00000004   Code   RO         1712    i.USB_CoreInit      stm32f1xx_ll_usb.o
    0x0800a412   0x0800a412   0x0000010e   Code   RO         1714    i.USB_DeactivateEndpoint  stm32f1xx_ll_usb.o
    0x0800a520   0x0800a520   0x00000004   Code   RO         1715    i.USB_DevConnect    stm32f1xx_ll_usb.o
    0x0800a524   0x0800a524   0x00000004   Code   RO         1716    i.USB_DevDisconnect  stm32f1xx_ll_usb.o
    0x0800a528   0x0800a528   0x0000001e   Code   RO         1717    i.USB_DevInit       stm32f1xx_ll_usb.o
    0x0800a546   0x0800a546   0x0000000e   Code   RO         1718    i.USB_DisableGlobalInt  stm32f1xx_ll_usb.o
    0x0800a554   0x0800a554   0x00000004   Code   RO         1719    i.USB_EP0_OutStart  stm32f1xx_ll_usb.o
    0x0800a558   0x0800a558   0x00000078   Code   RO         1720    i.USB_EPClearStall  stm32f1xx_ll_usb.o
    0x0800a5d0   0x0800a5d0   0x00000032   Code   RO         1721    i.USB_EPSetStall    stm32f1xx_ll_usb.o
    0x0800a602   0x0800a602   0x0000019c   Code   RO         1722    i.USB_EPStartXfer   stm32f1xx_ll_usb.o
    0x0800a79e   0x0800a79e   0x0000000e   Code   RO         1723    i.USB_EnableGlobalInt  stm32f1xx_ll_usb.o
    0x0800a7ac   0x0800a7ac   0x0000000c   Code   RO          859    i.USB_HP_CAN1_TX_IRQHandler  stm32f1xx_it.o
    0x0800a7b8   0x0800a7b8   0x0000000c   Code   RO          860    i.USB_LP_CAN1_RX0_IRQHandler  stm32f1xx_it.o
    0x0800a7c4   0x0800a7c4   0x00000006   Code   RO         1730    i.USB_ReadInterrupts  stm32f1xx_ll_usb.o
    0x0800a7ca   0x0800a7ca   0x00000002   PAD
    0x0800a7cc   0x0800a7cc   0x0000002c   Code   RO         1731    i.USB_ReadPMA       stm32f1xx_ll_usb.o
    0x0800a7f8   0x0800a7f8   0x00000004   Code   RO         1733    i.USB_SetCurrentMode  stm32f1xx_ll_usb.o
    0x0800a7fc   0x0800a7fc   0x0000000c   Code   RO         1734    i.USB_SetDevAddress  stm32f1xx_ll_usb.o
    0x0800a808   0x0800a808   0x00000026   Code   RO         1737    i.USB_WritePMA      stm32f1xx_ll_usb.o
    0x0800a82e   0x0800a82e   0x00000002   PAD
    0x0800a830   0x0800a830   0x00000018   Code   RO         9302    i.UartBufCnt        mw_uart.o
    0x0800a848   0x0800a848   0x00000018   Code   RO         9303    i.UartBufInit       mw_uart.o
    0x0800a860   0x0800a860   0x00000024   Code   RO         9304    i.UartGetFromBuf    mw_uart.o
    0x0800a884   0x0800a884   0x00000024   Code   RO         9305    i.UartPutToBuf      mw_uart.o
    0x0800a8a8   0x0800a8a8   0x00000006   Code   RO         9306    i.UartRxCnt         mw_uart.o
    0x0800a8ae   0x0800a8ae   0x0000000a   Code   RO         9307    i.UartRxData        mw_uart.o
    0x0800a8b8   0x0800a8b8   0x00000010   Code   RO         9310    i.UartTxData        mw_uart.o
    0x0800a8c8   0x0800a8c8   0x0000000e   Code   RO         9314    i.Uart_Rx_DataPro   mw_uart.o
    0x0800a8d6   0x0800a8d6   0x00000002   Code   RO          861    i.UsageFault_Handler  stm32f1xx_it.o
    0x0800a8d8   0x0800a8d8   0x00000028   Code   RO         7753    i.Vol_Ctl           app_dsp_single_mute.o
    0x0800a900   0x0800a900   0x00000020   Code   RO        10131    i.__0printf         mc_w.l(printfa.o)
    0x0800a920   0x0800a920   0x0000002c   Code   RO        10136    i.__0vsnprintf      mc_w.l(printfa.o)
    0x0800a94c   0x0800a94c   0x00000028   Code   RO        10194    i.__ARM_fpclassify  m_ws.l(fpclassify.o)
    0x0800a974   0x0800a974   0x00000020   Code   RO         2394    i.__NVIC_SetPriority  stm32f1xx_hal_cortex.o
    0x0800a994   0x0800a994   0x00000388   Code   RO        10199    i.__ieee754_rem_pio2  m_ws.l(rred.o)
    0x0800ad1c   0x0800ad1c   0x000000fc   Code   RO        10177    i.__kernel_cos      m_ws.l(cos_i.o)
    0x0800ae18   0x0800ae18   0x000000aa   Code   RO        10196    i.__kernel_poly     m_ws.l(poly.o)
    0x0800aec2   0x0800aec2   0x00000002   PAD
    0x0800aec4   0x0800aec4   0x000000ec   Code   RO        10204    i.__kernel_sin      m_ws.l(sin_i.o)
    0x0800afb0   0x0800afb0   0x00000010   Code   RO        10180    i.__mathlib_dbl_divzero  m_ws.l(dunder.o)
    0x0800afc0   0x0800afc0   0x00000006   Code   RO        10181    i.__mathlib_dbl_infnan  m_ws.l(dunder.o)
    0x0800afc6   0x0800afc6   0x00000004   Code   RO        10182    i.__mathlib_dbl_infnan2  m_ws.l(dunder.o)
    0x0800afca   0x0800afca   0x0000000c   Code   RO        10183    i.__mathlib_dbl_invalid  m_ws.l(dunder.o)
    0x0800afd6   0x0800afd6   0x0000000e   Code   RO        10184    i.__mathlib_dbl_overflow  m_ws.l(dunder.o)
    0x0800afe4   0x0800afe4   0x00000010   Code   RO        10186    i.__mathlib_dbl_underflow  m_ws.l(dunder.o)
    0x0800aff4   0x0800aff4   0x0000000e   Code   RO        10251    i.__scatterload_copy  mc_w.l(handlers.o)
    0x0800b002   0x0800b002   0x00000002   Code   RO        10252    i.__scatterload_null  mc_w.l(handlers.o)
    0x0800b004   0x0800b004   0x0000000e   Code   RO        10253    i.__scatterload_zeroinit  mc_w.l(handlers.o)
    0x0800b012   0x0800b012   0x00000002   PAD
    0x0800b014   0x0800b014   0x0000000c   Code   RO        10235    i.__set_errno       mc_w.l(errno.o)
    0x0800b020   0x0800b020   0x00000184   Code   RO        10138    i._fp_digits        mc_w.l(printfa.o)
    0x0800b1a4   0x0800b1a4   0x000006dc   Code   RO        10139    i._printf_core      mc_w.l(printfa.o)
    0x0800b880   0x0800b880   0x00000024   Code   RO        10140    i._printf_post_padding  mc_w.l(printfa.o)
    0x0800b8a4   0x0800b8a4   0x0000002e   Code   RO        10141    i._printf_pre_padding  mc_w.l(printfa.o)
    0x0800b8d2   0x0800b8d2   0x00000016   Code   RO        10142    i._snputc           mc_w.l(printfa.o)
    0x0800b8e8   0x0800b8e8   0x0000000c   Code   RO          463    i.configureTimerForRunTimeStats  freertos.o
    0x0800b8f4   0x0800b8f4   0x0000009c   Code   RO         9848    i.cos               m_ws.l(cos.o)
    0x0800b990   0x0800b990   0x000009a8   Code   RO         7324    i.default_download_IC_1  app_dsp_adau1452.o
    0x0800c338   0x0800c338   0x00000024   Code   RO          776    i.fputc             usart.o
    0x0800c35c   0x0800c35c   0x0000000c   Code   RO          464    i.getRunTimeCounterValue  freertos.o
    0x0800c368   0x0800c368   0x00000114   Code   RO           20    i.main              main.o
    0x0800c47c   0x0800c47c   0x00000034   Code   RO         6130    i.osDelay           cmsis_os2.o
    0x0800c4b0   0x0800c4b0   0x00000038   Code   RO         6144    i.osKernelInitialize  cmsis_os2.o
    0x0800c4e8   0x0800c4e8   0x00000040   Code   RO         6147    i.osKernelStart     cmsis_os2.o
    0x0800c528   0x0800c528   0x00000074   Code   RO         6155    i.osMessageQueueNew  cmsis_os2.o
    0x0800c59c   0x0800c59c   0x0000006c   Code   RO         6158    i.osMutexAcquire    cmsis_os2.o
    0x0800c608   0x0800c608   0x00000080   Code   RO         6161    i.osMutexNew        cmsis_os2.o
    0x0800c688   0x0800c688   0x0000005c   Code   RO         6162    i.osMutexRelease    cmsis_os2.o
    0x0800c6e4   0x0800c6e4   0x000000b0   Code   RO         6166    i.osSemaphoreNew    cmsis_os2.o
    0x0800c794   0x0800c794   0x000000a4   Code   RO         6181    i.osThreadNew       cmsis_os2.o
    0x0800c838   0x0800c838   0x000009d8   Code   RO         9856    i.pow               m_ws.l(pow.o)
    0x0800d210   0x0800d210   0x0000005c   Code   RO         5605    i.prvAddCurrentTaskToDelayedList  tasks.o
    0x0800d26c   0x0800d26c   0x000000d0   Code   RO         5606    i.prvAddNewTaskToReadyList  tasks.o
    0x0800d33c   0x0800d33c   0x00000058   Code   RO         5976    i.prvCheckForValidListAndQueue  timers.o
    0x0800d394   0x0800d394   0x00000026   Code   RO         5211    i.prvCopyDataFromQueue  queue.o
    0x0800d3ba   0x0800d3ba   0x0000006c   Code   RO         5212    i.prvCopyDataToQueue  queue.o
    0x0800d426   0x0800d426   0x00000034   Code   RO         5607    i.prvDeleteTCB      tasks.o
    0x0800d45a   0x0800d45a   0x00000002   PAD
    0x0800d45c   0x0800d45c   0x00000048   Code   RO         6548    i.prvHeapInit       heap_4.o
    0x0800d4a4   0x0800d4a4   0x00000060   Code   RO         5608    i.prvIdleTask       tasks.o
    0x0800d504   0x0800d504   0x00000016   Code   RO         5213    i.prvInitialiseMutex  queue.o
    0x0800d51a   0x0800d51a   0x00000002   PAD
    0x0800d51c   0x0800d51c   0x00000022   Code   RO         5214    i.prvInitialiseNewQueue  queue.o
    0x0800d53e   0x0800d53e   0x0000009e   Code   RO         5609    i.prvInitialiseNewTask  tasks.o
    0x0800d5dc   0x0800d5dc   0x0000004c   Code   RO         6549    i.prvInsertBlockIntoFreeList  heap_4.o
    0x0800d628   0x0800d628   0x00000038   Code   RO         5978    i.prvInsertTimerInActiveList  timers.o
    0x0800d660   0x0800d660   0x0000001c   Code   RO         5215    i.prvIsQueueEmpty   queue.o
    0x0800d67c   0x0800d67c   0x000000cc   Code   RO         5979    i.prvProcessReceivedCommands  timers.o
    0x0800d748   0x0800d748   0x000000b4   Code   RO         5980    i.prvProcessTimerOrBlockTask  timers.o
    0x0800d7fc   0x0800d7fc   0x00000020   Code   RO         5611    i.prvResetNextTaskUnblockTime  tasks.o
    0x0800d81c   0x0800d81c   0x00000028   Code   RO         5981    i.prvSampleTimeNow  timers.o
    0x0800d844   0x0800d844   0x0000006c   Code   RO         5982    i.prvSwitchTimerLists  timers.o
    0x0800d8b0   0x0800d8b0   0x00000028   Code   RO         6599    i.prvTaskExitError  port.o
    0x0800d8d8   0x0800d8d8   0x00000024   Code   RO         5983    i.prvTimerTask      timers.o
    0x0800d8fc   0x0800d8fc   0x0000006a   Code   RO         5216    i.prvUnlockQueue    queue.o
    0x0800d966   0x0800d966   0x00000002   PAD
    0x0800d968   0x0800d968   0x000000d8   Code   RO         6550    i.pvPortMalloc      heap_4.o
    0x0800da40   0x0800da40   0x00000018   Code   RO         5615    i.pvTaskIncrementMutexHeldCount  tasks.o
    0x0800da58   0x0800da58   0x00000024   Code   RO         6600    i.pxPortInitialiseStack  port.o
    0x0800da7c   0x0800da7c   0x0000001e   Code   RO         9577    i.sch_compare       sch_common.o
    0x0800da9a   0x0800da9a   0x00000002   PAD
    0x0800da9c   0x0800da9c   0x00000014   Code   RO         9578    i.sch_memcpy        sch_common.o
    0x0800dab0   0x0800dab0   0x00000010   Code   RO         9579    i.sch_memset        sch_common.o
    0x0800dac0   0x0800dac0   0x000000a0   Code   RO         9866    i.sin               m_ws.l(sin.o)
    0x0800db60   0x0800db60   0x0000004c   Code   RO         9874    i.sqrt              m_ws.l(sqrt.o)
    0x0800dbac   0x0800dbac   0x00000016   Code   RO         8719    i.u8_TO_u32         mw_flash.o
    0x0800dbc2   0x0800dbc2   0x00000026   Code   RO         5171    i.uxListRemove      list.o
    0x0800dbe8   0x0800dbe8   0x00000014   Code   RO         6193    i.vApplicationGetIdleTaskMemory  cmsis_os2.o
    0x0800dbfc   0x0800dbfc   0x00000018   Code   RO         6194    i.vApplicationGetTimerTaskMemory  cmsis_os2.o
    0x0800dc14   0x0800dc14   0x00000016   Code   RO         5172    i.vListInitialise   list.o
    0x0800dc2a   0x0800dc2a   0x00000006   Code   RO         5173    i.vListInitialiseItem  list.o
    0x0800dc30   0x0800dc30   0x00000030   Code   RO         5174    i.vListInsert       list.o
    0x0800dc60   0x0800dc60   0x00000018   Code   RO         5175    i.vListInsertEnd    list.o
    0x0800dc78   0x0800dc78   0x00000040   Code   RO         6602    i.vPortEnterCritical  port.o
    0x0800dcb8   0x0800dcb8   0x00000028   Code   RO         6603    i.vPortExitCritical  port.o
    0x0800dce0   0x0800dce0   0x0000005c   Code   RO         6551    i.vPortFree         heap_4.o
    0x0800dd3c   0x0800dd3c   0x00000024   Code   RO         6604    i.vPortSetupTimerInterrupt  port.o
    0x0800dd60   0x0800dd60   0x00000054   Code   RO         6605    i.vPortValidateInterruptPriority  port.o
    0x0800ddb4   0x0800ddb4   0x00000028   Code   RO         5222    i.vQueueAddToRegistry  queue.o
    0x0800dddc   0x0800dddc   0x0000002e   Code   RO         5223    i.vQueueDelete      queue.o
    0x0800de0a   0x0800de0a   0x00000002   PAD
    0x0800de0c   0x0800de0c   0x00000028   Code   RO         5225    i.vQueueUnregisterQueue  queue.o
    0x0800de34   0x0800de34   0x00000044   Code   RO         5226    i.vQueueWaitForMessageRestricted  queue.o
    0x0800de78   0x0800de78   0x0000004c   Code   RO         5624    i.vTaskDelay        tasks.o
    0x0800dec4   0x0800dec4   0x00000010   Code   RO         5630    i.vTaskInternalSetTimeOutState  tasks.o
    0x0800ded4   0x0800ded4   0x0000000c   Code   RO         5632    i.vTaskMissedYield  tasks.o
    0x0800dee0   0x0800dee0   0x00000030   Code   RO         5634    i.vTaskPlaceOnEventList  tasks.o
    0x0800df10   0x0800df10   0x00000038   Code   RO         5635    i.vTaskPlaceOnEventListRestricted  tasks.o
    0x0800df48   0x0800df48   0x00000090   Code   RO         5637    i.vTaskPriorityDisinheritAfterTimeout  tasks.o
    0x0800dfd8   0x0800dfd8   0x0000008c   Code   RO         5643    i.vTaskStartScheduler  tasks.o
    0x0800e064   0x0800e064   0x00000010   Code   RO         5645    i.vTaskSuspendAll   tasks.o
    0x0800e074   0x0800e074   0x0000007c   Code   RO         5646    i.vTaskSwitchContext  tasks.o
    0x0800e0f0   0x0800e0f0   0x000000a8   Code   RO         6606    i.xPortStartScheduler  port.o
    0x0800e198   0x0800e198   0x0000003a   Code   RO         5227    i.xQueueCreateCountingSemaphore  queue.o
    0x0800e1d2   0x0800e1d2   0x00000040   Code   RO         5228    i.xQueueCreateCountingSemaphoreStatic  queue.o
    0x0800e212   0x0800e212   0x00000016   Code   RO         5229    i.xQueueCreateMutex  queue.o
    0x0800e228   0x0800e228   0x0000001a   Code   RO         5230    i.xQueueCreateMutexStatic  queue.o
    0x0800e242   0x0800e242   0x00000048   Code   RO         5231    i.xQueueGenericCreate  queue.o
    0x0800e28a   0x0800e28a   0x00000066   Code   RO         5232    i.xQueueGenericCreateStatic  queue.o
    0x0800e2f0   0x0800e2f0   0x00000088   Code   RO         5233    i.xQueueGenericReset  queue.o
    0x0800e378   0x0800e378   0x00000160   Code   RO         5234    i.xQueueGenericSend  queue.o
    0x0800e4d8   0x0800e4d8   0x000000bc   Code   RO         5235    i.xQueueGenericSendFromISR  queue.o
    0x0800e594   0x0800e594   0x0000003e   Code   RO         5239    i.xQueueGiveMutexRecursive  queue.o
    0x0800e5d2   0x0800e5d2   0x00000002   PAD
    0x0800e5d4   0x0800e5d4   0x00000138   Code   RO         5244    i.xQueueReceive     queue.o
    0x0800e70c   0x0800e70c   0x00000178   Code   RO         5246    i.xQueueSemaphoreTake  queue.o
    0x0800e884   0x0800e884   0x00000040   Code   RO         5247    i.xQueueTakeMutexRecursive  queue.o
    0x0800e8c4   0x0800e8c4   0x00000074   Code   RO         5647    i.xTaskCheckForTimeOut  tasks.o
    0x0800e938   0x0800e938   0x0000005a   Code   RO         5648    i.xTaskCreate       tasks.o
    0x0800e992   0x0800e992   0x00000056   Code   RO         5649    i.xTaskCreateStatic  tasks.o
    0x0800e9e8   0x0800e9e8   0x0000000c   Code   RO         5652    i.xTaskGetCurrentTaskHandle  tasks.o
    0x0800e9f4   0x0800e9f4   0x0000001c   Code   RO         5653    i.xTaskGetSchedulerState  tasks.o
    0x0800ea10   0x0800ea10   0x0000000c   Code   RO         5654    i.xTaskGetTickCount  tasks.o
    0x0800ea1c   0x0800ea1c   0x000000c8   Code   RO         5656    i.xTaskIncrementTick  tasks.o
    0x0800eae4   0x0800eae4   0x00000080   Code   RO         5659    i.xTaskPriorityDisinherit  tasks.o
    0x0800eb64   0x0800eb64   0x00000078   Code   RO         5660    i.xTaskPriorityInherit  tasks.o
    0x0800ebdc   0x0800ebdc   0x00000070   Code   RO         5661    i.xTaskRemoveFromEventList  tasks.o
    0x0800ec4c   0x0800ec4c   0x000000c4   Code   RO         5662    i.xTaskResumeAll    tasks.o
    0x0800ed10   0x0800ed10   0x00000060   Code   RO         5990    i.xTimerCreateTimerTask  timers.o
    0x0800ed70   0x0800ed70   0x00000068   Code   RO         5991    i.xTimerGenericCommand  timers.o
    0x0800edd8   0x0800edd8   0x00000164   Data   RO          465    .constdata          freertos.o
    0x0800ef3c   0x0800ef3c   0x00000010   Data   RO         5007    .constdata          system_stm32f1xx.o
    0x0800ef4c   0x0800ef4c   0x00000008   Data   RO         5008    .constdata          system_stm32f1xx.o
    0x0800ef54   0x0800ef54   0x00000014   Data   RO         7076    .constdata          app_amp.o
    0x0800ef68   0x0800ef68   0x00000006   Data   RO         7158    .constdata          app_bt.o
    0x0800ef6e   0x0800ef6e   0x0000d598   Data   RO         7327    .constdata          app_dsp_adau1452.o
    0x0801c506   0x0801c506   0x00000002   PAD
    0x0801c508   0x0801c508   0x00000008   Data   RO         7328    .constdata          app_dsp_adau1452.o
    0x0801c510   0x0801c510   0x00000008   Data   RO         7329    .constdata          app_dsp_adau1452.o
    0x0801c518   0x0801c518   0x000000a0   Data   RO         7531    .constdata          app_dsp_eq.o
    0x0801c5b8   0x0801c5b8   0x00000100   Data   RO         7598    .constdata          app_dsp_filter.o
    0x0801c6b8   0x0801c6b8   0x0000003a   Data   RO         7672    .constdata          app_dsp_mix.o
    0x0801c6f2   0x0801c6f2   0x00000076   Data   RO         7754    .constdata          app_dsp_single_mute.o
    0x0801c768   0x0801c768   0x00000010   Data   RO         8439    .constdata          app_voltage.o
    0x0801c778   0x0801c778   0x00000020   Data   RO         9324    .constdata          mw_uart.o
    0x0801c798   0x0801c798   0x00000088   Data   RO         9857    .constdata          m_ws.l(pow.o)
    0x0801c820   0x0801c820   0x00000030   Data   RO        10178    .constdata          m_ws.l(cos_i.o)
    0x0801c850   0x0801c850   0x00000008   Data   RO        10198    .constdata          m_ws.l(qnan.o)
    0x0801c858   0x0801c858   0x000000c8   Data   RO        10201    .constdata          m_ws.l(rred.o)
    0x0801c920   0x0801c920   0x00000028   Data   RO        10205    .constdata          m_ws.l(sin_i.o)
    0x0801c948   0x0801c948   0x000000b4   Data   RO          466    .conststring        freertos.o
    0x0801c9fc   0x0801c9fc   0x00000020   Data   RO        10249    Region$$Table       anon$$obj.o


    Execution Region RW_IRAM1 (Exec base: 0x20000000, Load base: 0x0801ca1c, Size: 0x00008c00, Max: 0x0000c000, ABSOLUTE, COMPRESSED[0x0000012c])

    Exec Addr    Load Addr    Size         Type   Attr      Idx    E Section Name        Object

    0x20000000   COMPRESSED   0x0000000c   Data   RW           23    .data               main.o
    0x2000000c   COMPRESSED   0x0000003c   Data   RW          467    .data               freertos.o
    0x20000048   COMPRESSED   0x00000004   Data   RW          470    .data               freertos.o
    0x2000004c   COMPRESSED   0x0000001c   Data   RW         1073    .data               usbd_desc.o
    0x20000068   COMPRESSED   0x00000032   Data   RW         1074    .data               usbd_desc.o
    0x2000009a   COMPRESSED   0x00000002   PAD
    0x2000009c   COMPRESSED   0x00000022   Data   RW         1153    .data               usbd_custom_hid_if.o
    0x200000be   COMPRESSED   0x00000002   PAD
    0x200000c0   COMPRESSED   0x00000010   Data   RW         1154    .data               usbd_custom_hid_if.o
    0x200000d0   COMPRESSED   0x00000001   Data   RW         1235    .data               usbd_conf.o
    0x200000d1   COMPRESSED   0x00000003   PAD
    0x200000d4   COMPRESSED   0x0000000c   Data   RW         1931    .data               stm32f1xx_hal.o
    0x200000e0   COMPRESSED   0x00000004   Data   RW         5009    .data               system_stm32f1xx.o
    0x200000e4   COMPRESSED   0x00000044   Data   RW         5665    .data               tasks.o
    0x20000128   COMPRESSED   0x00000014   Data   RW         5999    .data               timers.o
    0x2000013c   COMPRESSED   0x00000004   Data   RW         6196    .data               cmsis_os2.o
    0x20000140   COMPRESSED   0x00000018   Data   RW         6556    .data               heap_4.o
    0x20000158   COMPRESSED   0x0000000c   Data   RW         6607    .data               port.o
    0x20000164   COMPRESSED   0x00000001   Data   RW         6823    .data               usbd_ctlreq.o
    0x20000165   COMPRESSED   0x00000003   PAD
    0x20000168   COMPRESSED   0x00000038   Data   RW         6952    .data               usbd_customhid.o
    0x200001a0   COMPRESSED   0x0000009a   Data   RW         6953    .data               usbd_customhid.o
    0x2000023a   COMPRESSED   0x00000005   Data   RW         7118    .data               app_at.o
    0x2000023f   COMPRESSED   0x00000003   Data   RW         7159    .data               app_bt.o
    0x20000242   COMPRESSED   0x00000004   Data   RW         7228    .data               app_connect.o
    0x20000246   COMPRESSED   0x00000001   Data   RW         7330    .data               app_dsp_adau1452.o
    0x20000247   COMPRESSED   0x00000004   Data   RW         7474    .data               app_dsp_driver.o
    0x2000024b   COMPRESSED   0x00000002   Data   RW         7532    .data               app_dsp_eq.o
    0x2000024d   COMPRESSED   0x00000001   Data   RW         7755    .data               app_dsp_single_mute.o
    0x2000024e   COMPRESSED   0x00000006   Data   RW         7836    .data               app_dspdata_access.o
    0x20000254   COMPRESSED   0x00000006   Data   RW         7905    .data               app_eprom.o
    0x2000025a   COMPRESSED   0x00000002   PAD
    0x2000025c   COMPRESSED   0x0000000c   Data   RW         8051    .data               app_lowpower.o
    0x20000268   COMPRESSED   0x00000008   Data   RW         8175    .data               app_power.o
    0x20000270   COMPRESSED   0x00000004   Data   RW         8239    .data               app_start.o
    0x20000274   COMPRESSED   0x00000005   Data   RW         8348    .data               app_tdf8541.o
    0x20000279   COMPRESSED   0x00000001   PAD
    0x2000027a   COMPRESSED   0x00000004   Data   RW         8440    .data               app_voltage.o
    0x2000027e   COMPRESSED   0x00000003   Data   RW         8837    .data               mw_gpio.o
    0x20000281   COMPRESSED   0x00000003   PAD
    0x20000284   COMPRESSED   0x00000018   Data   RW         9161    .data               mw_spi.o
    0x2000029c   COMPRESSED   0x00000010   Data   RW         9325    .data               mw_uart.o
    0x200002ac   COMPRESSED   0x00000010   Data   RW         9326    .data               mw_uart.o
    0x200002bc   COMPRESSED   0x00000010   Data   RW         9327    .data               mw_uart.o
    0x200002cc   COMPRESSED   0x00000010   Data   RW         9328    .data               mw_uart.o
    0x200002dc   COMPRESSED   0x00000010   Data   RW         9329    .data               mw_uart.o
    0x200002ec   COMPRESSED   0x00000010   Data   RW         9330    .data               mw_uart.o
    0x200002fc   COMPRESSED   0x00000010   Data   RW         9331    .data               mw_uart.o
    0x2000030c   COMPRESSED   0x00000010   Data   RW         9332    .data               mw_uart.o
    0x2000031c   COMPRESSED   0x0000000c   Data   RW         9333    .data               mw_uart.o
    0x20000328   COMPRESSED   0x00000040   Data   RW         9714    .data               sch_message.o
    0x20000368   COMPRESSED   0x00000004   Data   RW        10224    .data               mc_w.l(stdout.o)
    0x2000036c   COMPRESSED   0x00000004   Data   RW        10236    .data               mc_w.l(errno.o)
    0x20000370        -       0x00000020   Zero   RW           21    .bss                main.o
    0x20000390        -       0x00000074   Zero   RW          570    .bss                adc.o
    0x20000404        -       0x00000014   Zero   RW          636    .bss                rtc.o
    0x20000418        -       0x00000108   Zero   RW          680    .bss                spi.o
    0x20000520        -       0x00000040   Zero   RW          732    .bss                tim.o
    0x20000560        -       0x00000040   Zero   RW          778    .bss                usart.o
    0x200005a0        -       0x00000100   Zero   RW          779    .bss                usart.o
    0x200006a0        -       0x00000020   Zero   RW          862    .bss                stm32f1xx_it.o
    0x200006c0        -       0x00000040   Zero   RW          989    .bss                stm32f1xx_hal_timebase_tim.o
    0x20000700        -       0x000002c4   Zero   RW         1026    .bss                usb_device.o
    0x200009c4        -       0x00000200   Zero   RW         1072    .bss                usbd_desc.o
    0x20000bc4        -       0x000002a4   Zero   RW         1233    .bss                usbd_conf.o
    0x20000e68        -       0x00000020   Zero   RW         2635    .bss                stm32f1xx_hal_flash.o
    0x20000e88        -       0x00000040   Zero   RW         5248    .bss                queue.o
    0x20000ec8        -       0x000004c4   Zero   RW         5664    .bss                tasks.o
    0x2000138c        -       0x00000118   Zero   RW         5998    .bss                timers.o
    0x200014a4        -       0x000006c0   Zero   RW         6195    .bss                cmsis_os2.o
    0x20001b64        -       0x000043c0   Zero   RW         6555    .bss                heap_4.o
    0x20005f24        -       0x00000010   Zero   RW         7075    .bss                app_amp.o
    0x20005f34        -       0x0000001c   Zero   RW         7116    .bss                app_at.o
    0x20005f50        -       0x000000fb   Zero   RW         7155    .bss                app_bt.o
    0x2000604b        -       0x00000066   Zero   RW         7156    .bss                app_bt.o
    0x200060b1        -       0x00000066   Zero   RW         7157    .bss                app_bt.o
    0x20006117   COMPRESSED   0x00000001   PAD
    0x20006118        -       0x00001c9c   Zero   RW         7325    .bss                app_dsp_adau1452.o
    0x20007db4        -       0x00000200   Zero   RW         9316    .bss                mw_uart.o
    0x20007fb4        -       0x00000200   Zero   RW         9317    .bss                mw_uart.o
    0x200081b4        -       0x00000100   Zero   RW         9318    .bss                mw_uart.o
    0x200082b4        -       0x00000100   Zero   RW         9319    .bss                mw_uart.o
    0x200083b4        -       0x00000100   Zero   RW         9320    .bss                mw_uart.o
    0x200084b4        -       0x00000100   Zero   RW         9321    .bss                mw_uart.o
    0x200085b4        -       0x00000080   Zero   RW         9322    .bss                mw_uart.o
    0x20008634        -       0x00000080   Zero   RW         9323    .bss                mw_uart.o
    0x200086b4        -       0x0000000c   Zero   RW         9434    .bss                system.o
    0x200086c0        -       0x00000140   Zero   RW         9713    .bss                sch_message.o
    0x20008800        -       0x00000400   Zero   RW            1    STACK               startup_stm32f103xe.o


==============================================================================

Image component sizes


      Code (inc. data)   RO Data    RW Data    ZI Data      Debug   Object Name

       264         30          0          0        116       1847   adc.o
         2          0          0          0          0        449   app_ad1938.o
       260         76         20          0         16       2697   app_amp.o
       680        200          0          5         28       2614   app_at.o
      3702        310          6          3        455      12472   app_bt.o
      1054        150          0          4          0       5186   app_connect.o
       168         10          0          0          0        684   app_debug.o
      4286        238      54696          1       7324      23094   app_dsp_adau1452.o
       842        252          0          4          0       5616   app_dsp_driver.o
      1528        116        160          2          0       5993   app_dsp_eq.o
      2674        158        256          0          0       7888   app_dsp_filter.o
       428         44         58          0          0       2849   app_dsp_mix.o
      1024        172        118          1          0       7325   app_dsp_single_mute.o
       924         62          0          6          0       5483   app_dspdata_access.o
       894         70          0          6          0      10195   app_eprom.o
         2          0          0          0          0        434   app_led.o
        84         14          0         12          0        942   app_lowpower.o
         4          0          0          0          0       1419   app_mute.o
       992        194          0          8          0       5669   app_power.o
       366         52          0          4          0       3387   app_start.o
        58          4          0          0          0       1895   app_task.o
       216         72          0          5          0       2363   app_tdf8541.o
        68          4          0          0          0       1755   app_updata.o
       158         18         16          4          0       2541   app_voltage.o
        38          0          0          0          0       1337   bsp.o
      1000         54          0          4       1728      20038   cmsis_os2.o
         0          0          0          0          0      20164   event_groups.o
       444         80        536         64          0       9258   freertos.o
       584         32          0          0          0       1259   gpio.o
       456         22          0         24      17344       4787   heap_4.o
         2          0          0          0          0        450   interrupt.o
       138          0          0          0          0       3510   list.o
       496        150          0         12         32     574876   main.o
       362         22          0          0          0       7246   mw_flash.o
       230         24          0          3          0       5031   mw_gpio.o
      1078        114          0          0          0       6722   mw_i2c.o
        56          6          0         24          0       2464   mw_spi.o
       228         22         32        140       2304       7828   mw_uart.o
       662         70          0         12          0      11049   port.o
      2364         28          0          0         64      24545   queue.o
       156         20          0          0         20       1655   rtc.o
       210          0          0          0          0       6216   sch_common.o
       100         16          0         64        320       2870   sch_message.o
       256          0          0          0          0       5732   sch_queue.o
       460         54          0          0        264       3087   spi.o
        36          8        304          0       1024        824   startup_stm32f103xe.o
        64         14          0         12          0       5366   stm32f1xx_hal.o
      1348         58          0          0          0      10134   stm32f1xx_hal_adc.o
       202          6          0          0          0       2019   stm32f1xx_hal_adc_ex.o
       158         14          0          0          0      28278   stm32f1xx_hal_cortex.o
      1166         52          0          0          0       4570   stm32f1xx_hal_dma.o
       332         28          0          0         32       3726   stm32f1xx_hal_flash.o
        36          8          0          0          0       1877   stm32f1xx_hal_flash_ex.o
       550         48          0          0          0       4767   stm32f1xx_hal_gpio.o
        72         10          0          0          0        910   stm32f1xx_hal_msp.o
      1730          0          0          0          0      10074   stm32f1xx_hal_pcd.o
        52          0          0          0          0       1214   stm32f1xx_hal_pcd_ex.o
        12          4          0          0          0        535   stm32f1xx_hal_pwr.o
      1336        110          0          0          0       5953   stm32f1xx_hal_rcc.o
       448         44          0          0          0       2625   stm32f1xx_hal_rcc_ex.o
      1566         22          0          0          0      13264   stm32f1xx_hal_rtc.o
       786          0          0          0          0       4621   stm32f1xx_hal_spi.o
       914         20          0          0          0       9857   stm32f1xx_hal_tim.o
        70          0          0          0          0       2429   stm32f1xx_hal_tim_ex.o
       116         18          0          0         64       1479   stm32f1xx_hal_timebase_tim.o
      1290         12          0          0          0      10958   stm32f1xx_hal_uart.o
       220         74          0          0         32       8020   stm32f1xx_it.o
      1644          0          0          0          0      14901   stm32f1xx_ll_usb.o
         0          0          0          0          0       8812   stream_buffer.o
        32          4          0          0         12       5928   system.o
        72         16         24          4          0       1243   system_stm32f1xx.o
      2394        200          0         68       1220      27029   tasks.o
       160         18          0          0         64       1734   tim.o
       912         82          0         20        280      26183   timers.o
       428         50          0          0        320       5769   usart.o
        84         18          0          0        708        832   usb_device.o
       536         28          0          1        676      14332   usbd_conf.o
       670          0          0          0          0       9743   usbd_core.o
      1186         28          0          1          0       8096   usbd_ctlreq.o
        60          8          0         50          0       2426   usbd_custom_hid_if.o
       556         32          0        210          0      11083   usbd_customhid.o
       312        128          0         78        512       6141   usbd_desc.o
       132          0          0          0          0       4464   usbd_ioreq.o

    ----------------------------------------------------------------------
     51780       4122      56260        872      34960    1117137   Object Totals
         0          0         32          0          0          0   (incl. Generated)
       100          0          2         16          1          0   (incl. Padding)

    ----------------------------------------------------------------------

      Code (inc. data)   RO Data    RW Data    ZI Data      Debug   Library Member Name

       156          8          0          0          0        104   cos.o
       252         22         48          0          0        124   cos_i.o
        68         10          0          0          0        408   dunder.o
        40          0          0          0          0         68   fpclassify.o
       170          0          0          0          0         96   poly.o
      2520        190        136          0          0        324   pow.o
         0          0          8          0          0          0   qnan.o
       904         76        200          0          0        140   rred.o
       160         10          0          0          0        108   sin.o
       236         12         40          0          0        128   sin_i.o
        76          0          0          0          0         84   sqrt.o
        86          0          0          0          0          0   __dczerorl2.o
         0          0          0          0          0          0   entry.o
         0          0          0          0          0          0   entry10a.o
         0          0          0          0          0          0   entry11a.o
         8          4          0          0          0          0   entry2.o
         4          0          0          0          0          0   entry5.o
         0          0          0          0          0          0   entry7b.o
         0          0          0          0          0          0   entry8b.o
         8          4          0          0          0          0   entry9a.o
        12          6          0          4          0         68   errno.o
        30          0          0          0          0          0   handlers.o
        36          8          0          0          0         68   init.o
         0          0          0          0          0          0   iusefp.o
        30          0          0          0          0         68   llshl.o
        36          0          0          0          0         68   llsshr.o
        32          0          0          0          0         68   llushr.o
        36          0          0          0          0         68   memcpya.o
        36          0          0          0          0        108   memseta.o
      2324         94          0          0          0        600   printfa.o
         0          0          0          4          0          0   stdout.o
        44          0          0          0          0         80   uidiv.o
        98          0          0          0          0         92   uldiv.o
        48          0          0          0          0         68   cdrcmple.o
       334          0          0          0          0        148   dadd.o
       222          0          0          0          0        100   ddiv.o
       186          0          0          0          0        176   depilogue.o
        62          0          0          0          0         80   dfixi.o
        48          0          0          0          0         68   dfixul.o
        34          0          0          0          0         76   dflti.o
        26          0          0          0          0         76   dfltui.o
       228          0          0          0          0         96   dmul.o
        46          0          0          0          0         80   dscalb.o
       162          0          0          0          0        100   dsqrt.o

    ----------------------------------------------------------------------
      8804        444        432          8          0       3940   Library Totals
         6          0          0          0          0          0   (incl. Padding)

    ----------------------------------------------------------------------

      Code (inc. data)   RO Data    RW Data    ZI Data      Debug   Library Name

      4582        328        432          0          0       1584   m_ws.l
      2820        116          0          8          0       1288   mc_w.l
      1396          0          0          0          0       1068   mf_w.l

    ----------------------------------------------------------------------
      8804        444        432          8          0       3940   Library Totals

    ----------------------------------------------------------------------

==============================================================================


      Code (inc. data)   RO Data    RW Data    ZI Data      Debug   

     60584       4566      56692        880      34960    1092761   Grand Totals
     60584       4566      56692        300      34960    1092761   ELF Image Totals (compressed)
     60584       4566      56692        300          0          0   ROM Totals

==============================================================================

    Total RO  Size (Code + RO Data)               117276 ( 114.53kB)
    Total RW  Size (RW Data + ZI Data)             35840 (  35.00kB)
    Total ROM Size (Code + RO Data + RW Data)     117576 ( 114.82kB)

==============================================================================

