stm32f1xx_it.c:89:6:NMI_Handler	4	static
stm32f1xx_it.c:102:6:HardFault_Handler	4	static
stm32f1xx_it.c:117:6:MemManage_Handler	4	static
stm32f1xx_it.c:132:6:BusFault_Handler	4	static
stm32f1xx_it.c:147:6:UsageFault_Handler	4	static
stm32f1xx_it.c:162:6:DebugMon_Handler	4	static
stm32f1xx_it.c:182:6:DMA1_Channel1_IRQHandler	8	static
stm32f1xx_it.c:196:6:DMA1_Channel6_IRQHandler	8	static
stm32f1xx_it.c:210:6:DMA1_Channel7_IRQHandler	8	static
stm32f1xx_it.c:224:6:ADC1_2_IRQHandler	8	static
stm32f1xx_it.c:238:6:USB_HP_CAN1_TX_IRQHandler	8	static
stm32f1xx_it.c:252:6:USB_LP_CAN1_RX0_IRQHandler	8	static
stm32f1xx_it.c:266:6:EXTI9_5_IRQHandler	16	static
stm32f1xx_it.c:299:6:TIM1_UP_IRQHandler	8	static
stm32f1xx_it.c:339:6:USART2_IRQHandler	8	static
stm32f1xx_it.c:367:6:TIM5_IRQHandler	8	static
