stm32f1xx_it.c:90:6:NMI_Handler	4	static
stm32f1xx_it.c:103:6:HardFault_Handler	4	static
stm32f1xx_it.c:118:6:MemManage_Handler	4	static
stm32f1xx_it.c:133:6:BusFault_Handler	4	static
stm32f1xx_it.c:148:6:UsageFault_Handler	4	static
stm32f1xx_it.c:163:6:DebugMon_Handler	4	static
stm32f1xx_it.c:183:6:DMA1_Channel1_IRQHandler	8	static
stm32f1xx_it.c:197:6:DMA1_Channel6_IRQHandler	8	static
stm32f1xx_it.c:211:6:DMA1_Channel7_IRQHandler	8	static
stm32f1xx_it.c:225:6:ADC1_2_IRQHandler	8	static
stm32f1xx_it.c:239:6:USB_HP_CAN1_TX_IRQHandler	8	static
stm32f1xx_it.c:253:6:USB_LP_CAN1_RX0_IRQHandler	8	static
stm32f1xx_it.c:267:6:EXTI9_5_IRQHandler	16	static
stm32f1xx_it.c:300:6:TIM1_UP_IRQHandler	8	static
stm32f1xx_it.c:340:6:USART2_IRQHandler	8	static
stm32f1xx_it.c:368:6:RTC_Alarm_IRQHandler	8	static
stm32f1xx_it.c:382:6:TIM5_IRQHandler	8	static
